/home/lora/repos/MulitiModal/venv/lib/python3.14/site-packages/torch/optim/lr_scheduler.py:1427: UserWarning: To get the last learning rate computed by the scheduler, please use `get_last_lr()`.
  _warn_get_lr_called_within_step(self)
[*] 使用设备: cuda

============================================================
📊 加载数据
============================================================
[*] 加载数据集: 9406 样本 from experiment/model/unified_dataset_regression.npz
[*] 数据集划分: 训练=7519, 验证=933, 测试=954

============================================================
🧠 创建模型
============================================================
[*] 模型类型: baseline_a
[*] 损失函数: MSE

============================================================
🚀 开始训练
============================================================
[*] 噪声增强: 是
Epoch [1/50] - Train Loss: 4104.5000, Train MAE: 61.9056 | Val Loss: 4078.5529, Val MAE: 61.8905, Val RMSE: 64.0360, Val R²: -14.1600, Val Pearson: 0.5413
Epoch [2/50] - Train Loss: 1049.6548, Train MAE: 23.7993 | Val Loss: 106.7829, Val MAE: 8.7218, Val RMSE: 10.3406, Val R²: 0.6047, Val Pearson: 0.8043
Epoch [3/50] - Train Loss: 160.1798, Train MAE: 10.1863 | Val Loss: 60.1612, Val MAE: 6.2874, Val RMSE: 7.7348, Val R²: 0.7788, Val Pearson: 0.8863
Epoch [4/50] - Train Loss: 130.4752, Train MAE: 9.0760 | Val Loss: 50.3932, Val MAE: 5.7601, Val RMSE: 7.0779, Val R²: 0.8148, Val Pearson: 0.9066
Epoch [5/50] - Train Loss: 119.2783, Train MAE: 8.6180 | Val Loss: 44.8408, Val MAE: 5.1949, Val RMSE: 6.6417, Val R²: 0.8369, Val Pearson: 0.9182
Epoch [6/50] - Train Loss: 115.2773, Train MAE: 8.5442 | Val Loss: 41.6672, Val MAE: 5.1496, Val RMSE: 6.4252, Val R²: 0.8474, Val Pearson: 0.9218
Epoch [7/50] - Train Loss: 114.0726, Train MAE: 8.4628 | Val Loss: 42.2744, Val MAE: 5.3339, Val RMSE: 6.4928, Val R²: 0.8441, Val Pearson: 0.9269
Epoch [8/50] - Train Loss: 111.3853, Train MAE: 8.3623 | Val Loss: 36.9573, Val MAE: 4.7395, Val RMSE: 6.0525, Val R²: 0.8646, Val Pearson: 0.9333
Epoch [9/50] - Train Loss: 114.0646, Train MAE: 8.4452 | Val Loss: 35.5542, Val MAE: 4.8239, Val RMSE: 5.9704, Val R²: 0.8682, Val Pearson: 0.9335
Epoch [10/50] - Train Loss: 108.2158, Train MAE: 8.1860 | Val Loss: 39.5874, Val MAE: 4.7448, Val RMSE: 6.2508, Val R²: 0.8555, Val Pearson: 0.9326
Epoch [11/50] - Train Loss: 108.8953, Train MAE: 8.2362 | Val Loss: 35.3528, Val MAE: 4.6295, Val RMSE: 5.9180, Val R²: 0.8705, Val Pearson: 0.9362
Epoch [12/50] - Train Loss: 107.3751, Train MAE: 8.1742 | Val Loss: 34.3523, Val MAE: 4.5676, Val RMSE: 5.8326, Val R²: 0.8742, Val Pearson: 0.9384
Epoch [13/50] - Train Loss: 106.8459, Train MAE: 8.1529 | Val Loss: 32.4136, Val MAE: 4.4653, Val RMSE: 5.6957, Val R²: 0.8801, Val Pearson: 0.9384
Epoch [14/50] - Train Loss: 106.1185, Train MAE: 8.0824 | Val Loss: 31.8210, Val MAE: 4.4968, Val RMSE: 5.6417, Val R²: 0.8823, Val Pearson: 0.9401
Epoch [15/50] - Train Loss: 107.3842, Train MAE: 8.1159 | Val Loss: 49.3439, Val MAE: 5.8602, Val RMSE: 7.0887, Val R²: 0.8142, Val Pearson: 0.9395
Epoch [16/50] - Train Loss: 106.0006, Train MAE: 8.0953 | Val Loss: 39.4267, Val MAE: 5.1622, Val RMSE: 6.3383, Val R²: 0.8515, Val Pearson: 0.9414
Epoch [17/50] - Train Loss: 105.8716, Train MAE: 8.1247 | Val Loss: 33.1261, Val MAE: 4.5839, Val RMSE: 5.7517, Val R²: 0.8777, Val Pearson: 0.9400
Epoch [18/50] - Train Loss: 103.9962, Train MAE: 7.9815 | Val Loss: 44.4548, Val MAE: 5.5487, Val RMSE: 6.7227, Val R²: 0.8329, Val Pearson: 0.9427
[*] 早停于 epoch 18

============================================================
✅ 训练完成
============================================================
[*] 最佳验证MAE: 4.4653 (Epoch 13)

============================================================
📊 测试集评估
============================================================
Test Loss: 33.8892
Test MAE: 4.5704
Test RMSE: 5.8174
Test R²: 0.8772
Test Pearson: 0.9368

[*] 结果已保存到: experiment/results/regression_a_noisy
