============================================================
回归任务消融实验
模型: baseline_c
消融配置: full
Epochs: 3
============================================================
[*] 使用设备: cuda
[*] 加载数据集: 9406 样本
[*] 消融配置: full
  训练集: 7524 样本
  验证集: 1882 样本

[*] 开始训练 (3 epochs)
  Epoch 1/3, Train Loss: 0.0578, Val MAE: 0.0770, Best: 0.0770 (Epoch 0)
  Epoch 2/3, Train Loss: 0.0163, Val MAE: 0.0702, Best: 0.0702 (Epoch 1)
  Epoch 3/3, Train Loss: 0.0128, Val MAE: 0.0779, Best: 0.0702 (Epoch 1)

============================================================
消融配置: full
最佳 MAE: 0.0702 (Epoch 1)
总训练时间: 76.5秒
============================================================

✓ 实验完成！
