/home/lora/repos/MulitiModal/venv/lib/python3.14/site-packages/torch/optim/lr_scheduler.py:1427: UserWarning: To get the last learning rate computed by the scheduler, please use `get_last_lr()`.
  _warn_get_lr_called_within_step(self)
[*] 使用设备: cuda

============================================================
📊 加载数据
============================================================
[*] 加载数据集: 9406 样本 from experiment/model/unified_dataset_regression.npz
[*] 数据集划分: 训练=7519, 验证=933, 测试=954

============================================================
🧠 创建模型
============================================================
[*] 模型类型: baseline_a
[*] 损失函数: MSE

============================================================
🚀 开始训练
============================================================
[*] 噪声增强: 否
Epoch [1/50] - Train Loss: 4104.3485, Train MAE: 61.9044 | Val Loss: 4078.5718, Val MAE: 61.8906, Val RMSE: 64.0362, Val R²: -14.1601, Val Pearson: 0.5381
Epoch [2/50] - Train Loss: 1051.9227, Train MAE: 23.7561 | Val Loss: 108.0023, Val MAE: 8.8179, Val RMSE: 10.4012, Val R²: 0.6000, Val Pearson: 0.8053
Epoch [3/50] - Train Loss: 157.5313, Train MAE: 10.0346 | Val Loss: 60.2043, Val MAE: 6.3002, Val RMSE: 7.7257, Val R²: 0.7793, Val Pearson: 0.8874
Epoch [4/50] - Train Loss: 131.2123, Train MAE: 9.1021 | Val Loss: 48.1650, Val MAE: 5.5225, Val RMSE: 6.9092, Val R²: 0.8235, Val Pearson: 0.9075
Epoch [5/50] - Train Loss: 123.7410, Train MAE: 8.8192 | Val Loss: 61.9429, Val MAE: 6.0693, Val RMSE: 7.7917, Val R²: 0.7756, Val Pearson: 0.9197
Epoch [6/50] - Train Loss: 114.5873, Train MAE: 8.4723 | Val Loss: 48.7760, Val MAE: 5.8284, Val RMSE: 7.0009, Val R²: 0.8188, Val Pearson: 0.9270
Epoch [7/50] - Train Loss: 116.3784, Train MAE: 8.5230 | Val Loss: 45.5140, Val MAE: 5.4263, Val RMSE: 6.7707, Val R²: 0.8305, Val Pearson: 0.9260
Epoch [8/50] - Train Loss: 112.3757, Train MAE: 8.3766 | Val Loss: 35.5666, Val MAE: 4.8035, Val RMSE: 5.9852, Val R²: 0.8676, Val Pearson: 0.9328
Epoch [9/50] - Train Loss: 112.7455, Train MAE: 8.4473 | Val Loss: 36.9863, Val MAE: 4.8246, Val RMSE: 6.0568, Val R²: 0.8644, Val Pearson: 0.9310
Epoch [10/50] - Train Loss: 108.8635, Train MAE: 8.2478 | Val Loss: 40.4404, Val MAE: 5.2598, Val RMSE: 6.3994, Val R²: 0.8486, Val Pearson: 0.9358
Epoch [11/50] - Train Loss: 107.8536, Train MAE: 8.1744 | Val Loss: 33.3081, Val MAE: 4.5650, Val RMSE: 5.7674, Val R²: 0.8770, Val Pearson: 0.9366
Epoch [12/50] - Train Loss: 105.1526, Train MAE: 8.0685 | Val Loss: 33.2929, Val MAE: 4.6198, Val RMSE: 5.7780, Val R²: 0.8766, Val Pearson: 0.9377
Epoch [13/50] - Train Loss: 106.4300, Train MAE: 8.1619 | Val Loss: 39.0697, Val MAE: 5.1532, Val RMSE: 6.3061, Val R²: 0.8530, Val Pearson: 0.9416
Epoch [14/50] - Train Loss: 105.4299, Train MAE: 8.0829 | Val Loss: 36.9637, Val MAE: 4.6954, Val RMSE: 6.0433, Val R²: 0.8650, Val Pearson: 0.9406
Epoch [15/50] - Train Loss: 107.0606, Train MAE: 8.1442 | Val Loss: 33.0989, Val MAE: 4.5170, Val RMSE: 5.7452, Val R²: 0.8780, Val Pearson: 0.9377
Epoch [16/50] - Train Loss: 107.2631, Train MAE: 8.1722 | Val Loss: 29.7948, Val MAE: 4.3243, Val RMSE: 5.4722, Val R²: 0.8893, Val Pearson: 0.9436
Epoch [17/50] - Train Loss: 105.3769, Train MAE: 8.0740 | Val Loss: 53.6689, Val MAE: 6.1950, Val RMSE: 7.3853, Val R²: 0.7984, Val Pearson: 0.9443
Epoch [18/50] - Train Loss: 105.8798, Train MAE: 8.1039 | Val Loss: 70.4591, Val MAE: 7.1829, Val RMSE: 8.4767, Val R²: 0.7344, Val Pearson: 0.9432
Epoch [19/50] - Train Loss: 101.3100, Train MAE: 7.9413 | Val Loss: 38.0090, Val MAE: 5.1716, Val RMSE: 6.2105, Val R²: 0.8574, Val Pearson: 0.9423
Epoch [20/50] - Train Loss: 98.5912, Train MAE: 7.8199 | Val Loss: 31.1940, Val MAE: 4.4093, Val RMSE: 5.6100, Val R²: 0.8836, Val Pearson: 0.9411
Epoch [21/50] - Train Loss: 103.9572, Train MAE: 8.0362 | Val Loss: 94.6415, Val MAE: 8.5905, Val RMSE: 9.8211, Val R²: 0.6434, Val Pearson: 0.9450
[*] 早停于 epoch 21

============================================================
✅ 训练完成
============================================================
[*] 最佳验证MAE: 4.3243 (Epoch 16)

============================================================
📊 测试集评估
============================================================
Test Loss: 30.8982
Test MAE: 4.3821
Test RMSE: 5.5564
Test R²: 0.8880
Test Pearson: 0.9434

[*] 结果已保存到: experiment/results/regression_a_clean
