/home/lora/repos/MulitiModal/venv/lib/python3.14/site-packages/torch/optim/lr_scheduler.py:1427: UserWarning: To get the last learning rate computed by the scheduler, please use `get_last_lr()`.
  _warn_get_lr_called_within_step(self)
[*] 使用设备: cuda

============================================================
📊 加载数据
============================================================
[*] 加载数据集: 9406 样本 from experiment/model/unified_dataset_regression.npz
[*] 数据集划分: 训练=7519, 验证=933, 测试=954

============================================================
🧠 创建模型
============================================================
[*] 模型类型: baseline_b
[*] 损失函数: MSE

============================================================
🚀 开始训练
============================================================
[*] 噪声增强: 是
Epoch [1/50] - Train Loss: 4077.3681, Train MAE: 61.6871 | Val Loss: 4045.0434, Val MAE: 61.6196, Val RMSE: 63.7731, Val R²: -14.0358, Val Pearson: 0.2155
Epoch [2/50] - Train Loss: 2129.5996, Train MAE: 40.8313 | Val Loss: 414.2721, Val MAE: 16.3618, Val RMSE: 20.4162, Val R²: -0.5410, Val Pearson: 0.3412
Epoch [3/50] - Train Loss: 215.9451, Train MAE: 11.5665 | Val Loss: 60.5621, Val MAE: 6.3467, Val RMSE: 7.8200, Val R²: 0.7739, Val Pearson: 0.8955
Epoch [4/50] - Train Loss: 84.0506, Train MAE: 7.2789 | Val Loss: 47.6609, Val MAE: 5.4231, Val RMSE: 6.8874, Val R²: 0.8246, Val Pearson: 0.9173
Epoch [5/50] - Train Loss: 74.5432, Train MAE: 6.8529 | Val Loss: 37.4519, Val MAE: 4.7398, Val RMSE: 6.1157, Val R²: 0.8617, Val Pearson: 0.9313
Epoch [6/50] - Train Loss: 69.3514, Train MAE: 6.5659 | Val Loss: 38.4382, Val MAE: 4.8168, Val RMSE: 6.2399, Val R²: 0.8561, Val Pearson: 0.9317
Epoch [7/50] - Train Loss: 66.4539, Train MAE: 6.4038 | Val Loss: 38.1714, Val MAE: 4.7829, Val RMSE: 6.1667, Val R²: 0.8594, Val Pearson: 0.9354
Epoch [8/50] - Train Loss: 62.2963, Train MAE: 6.2371 | Val Loss: 33.1812, Val MAE: 4.4757, Val RMSE: 5.8076, Val R²: 0.8753, Val Pearson: 0.9375
Epoch [9/50] - Train Loss: 62.1891, Train MAE: 6.2415 | Val Loss: 31.6287, Val MAE: 4.3499, Val RMSE: 5.6505, Val R²: 0.8820, Val Pearson: 0.9407
Epoch [10/50] - Train Loss: 60.0293, Train MAE: 6.1238 | Val Loss: 32.9099, Val MAE: 4.4802, Val RMSE: 5.7510, Val R²: 0.8777, Val Pearson: 0.9402
Epoch [11/50] - Train Loss: 60.1989, Train MAE: 6.1397 | Val Loss: 31.7428, Val MAE: 4.4649, Val RMSE: 5.6581, Val R²: 0.8816, Val Pearson: 0.9420
Epoch [12/50] - Train Loss: 58.5501, Train MAE: 6.0492 | Val Loss: 41.6474, Val MAE: 5.1261, Val RMSE: 6.4493, Val R²: 0.8462, Val Pearson: 0.9410
Epoch [13/50] - Train Loss: 57.4306, Train MAE: 5.9962 | Val Loss: 28.5129, Val MAE: 4.2098, Val RMSE: 5.3650, Val R²: 0.8936, Val Pearson: 0.9454
Epoch [14/50] - Train Loss: 56.5250, Train MAE: 5.9159 | Val Loss: 27.8261, Val MAE: 4.0796, Val RMSE: 5.3161, Val R²: 0.8955, Val Pearson: 0.9471
Epoch [15/50] - Train Loss: 58.0135, Train MAE: 6.0009 | Val Loss: 28.1165, Val MAE: 4.1578, Val RMSE: 5.3456, Val R²: 0.8944, Val Pearson: 0.9486
Epoch [16/50] - Train Loss: 55.9720, Train MAE: 5.9217 | Val Loss: 33.3979, Val MAE: 4.5343, Val RMSE: 5.8104, Val R²: 0.8752, Val Pearson: 0.9439
Epoch [17/50] - Train Loss: 56.5750, Train MAE: 5.8873 | Val Loss: 32.9916, Val MAE: 4.5022, Val RMSE: 5.7722, Val R²: 0.8768, Val Pearson: 0.9486
Epoch [18/50] - Train Loss: 53.8512, Train MAE: 5.7705 | Val Loss: 26.1031, Val MAE: 3.9809, Val RMSE: 5.1494, Val R²: 0.9020, Val Pearson: 0.9519
Epoch [19/50] - Train Loss: 53.6392, Train MAE: 5.7411 | Val Loss: 27.4058, Val MAE: 4.0003, Val RMSE: 5.2595, Val R²: 0.8977, Val Pearson: 0.9509
Epoch [20/50] - Train Loss: 54.3541, Train MAE: 5.8110 | Val Loss: 28.6795, Val MAE: 4.0957, Val RMSE: 5.3848, Val R²: 0.8928, Val Pearson: 0.9499
Epoch [21/50] - Train Loss: 52.9553, Train MAE: 5.7026 | Val Loss: 25.8561, Val MAE: 3.8806, Val RMSE: 5.1296, Val R²: 0.9027, Val Pearson: 0.9510
Epoch [22/50] - Train Loss: 53.7690, Train MAE: 5.7333 | Val Loss: 25.8167, Val MAE: 3.8876, Val RMSE: 5.1200, Val R²: 0.9031, Val Pearson: 0.9512
Epoch [23/50] - Train Loss: 52.5999, Train MAE: 5.6637 | Val Loss: 26.6100, Val MAE: 3.9188, Val RMSE: 5.1799, Val R²: 0.9008, Val Pearson: 0.9517
Epoch [24/50] - Train Loss: 52.7574, Train MAE: 5.6947 | Val Loss: 26.9973, Val MAE: 3.9759, Val RMSE: 5.2217, Val R²: 0.8992, Val Pearson: 0.9526
Epoch [25/50] - Train Loss: 52.8725, Train MAE: 5.6684 | Val Loss: 24.7033, Val MAE: 3.7790, Val RMSE: 5.0175, Val R²: 0.9069, Val Pearson: 0.9528
Epoch [26/50] - Train Loss: 51.9172, Train MAE: 5.6570 | Val Loss: 24.8434, Val MAE: 3.7948, Val RMSE: 5.0309, Val R²: 0.9064, Val Pearson: 0.9535
Epoch [27/50] - Train Loss: 52.2185, Train MAE: 5.6881 | Val Loss: 25.7736, Val MAE: 3.8078, Val RMSE: 5.1154, Val R²: 0.9033, Val Pearson: 0.9545
Epoch [28/50] - Train Loss: 50.8470, Train MAE: 5.6049 | Val Loss: 24.6885, Val MAE: 3.7684, Val RMSE: 5.0098, Val R²: 0.9072, Val Pearson: 0.9530
Epoch [29/50] - Train Loss: 49.7366, Train MAE: 5.5442 | Val Loss: 29.1873, Val MAE: 4.1092, Val RMSE: 5.4392, Val R²: 0.8906, Val Pearson: 0.9512
Epoch [30/50] - Train Loss: 51.2952, Train MAE: 5.6218 | Val Loss: 24.2176, Val MAE: 3.7468, Val RMSE: 4.9718, Val R²: 0.9086, Val Pearson: 0.9542
Epoch [31/50] - Train Loss: 49.5641, Train MAE: 5.5520 | Val Loss: 25.4202, Val MAE: 3.8093, Val RMSE: 5.0912, Val R²: 0.9042, Val Pearson: 0.9516
Epoch [32/50] - Train Loss: 50.0204, Train MAE: 5.5137 | Val Loss: 24.5012, Val MAE: 3.8056, Val RMSE: 5.0038, Val R²: 0.9074, Val Pearson: 0.9542
Epoch [33/50] - Train Loss: 49.1192, Train MAE: 5.4684 | Val Loss: 23.9075, Val MAE: 3.6996, Val RMSE: 4.9265, Val R²: 0.9103, Val Pearson: 0.9556
Epoch [34/50] - Train Loss: 47.8385, Train MAE: 5.4402 | Val Loss: 28.6704, Val MAE: 4.1122, Val RMSE: 5.3939, Val R²: 0.8924, Val Pearson: 0.9521
Epoch [35/50] - Train Loss: 49.0636, Train MAE: 5.4089 | Val Loss: 24.4084, Val MAE: 3.6913, Val RMSE: 4.9869, Val R²: 0.9081, Val Pearson: 0.9548
Epoch [36/50] - Train Loss: 48.2061, Train MAE: 5.4137 | Val Loss: 34.1216, Val MAE: 4.3834, Val RMSE: 5.8699, Val R²: 0.8726, Val Pearson: 0.9481
Epoch [37/50] - Train Loss: 47.5217, Train MAE: 5.3923 | Val Loss: 46.7346, Val MAE: 5.2324, Val RMSE: 6.8497, Val R²: 0.8265, Val Pearson: 0.9416
Epoch [38/50] - Train Loss: 48.5879, Train MAE: 5.4443 | Val Loss: 48.4537, Val MAE: 5.3202, Val RMSE: 6.9861, Val R²: 0.8196, Val Pearson: 0.9360
Epoch [39/50] - Train Loss: 46.7666, Train MAE: 5.3101 | Val Loss: 46.9466, Val MAE: 5.2282, Val RMSE: 6.8780, Val R²: 0.8251, Val Pearson: 0.9426
Epoch [40/50] - Train Loss: 47.3801, Train MAE: 5.3531 | Val Loss: 67.0870, Val MAE: 6.3649, Val RMSE: 8.2165, Val R²: 0.7504, Val Pearson: 0.9290
[*] 早停于 epoch 40

============================================================
✅ 训练完成
============================================================
[*] 最佳验证MAE: 3.6913 (Epoch 35)

============================================================
📊 测试集评估
============================================================
Test Loss: 25.6818
Test MAE: 3.7794
Test RMSE: 5.0725
Test R²: 0.9067
Test Pearson: 0.9545

[*] 结果已保存到: experiment/results/regression_b_noisy/r1
