/home/lora/repos/MulitiModal/venv/lib/python3.14/site-packages/torch/optim/lr_scheduler.py:1427: UserWarning: To get the last learning rate computed by the scheduler, please use `get_last_lr()`.
  _warn_get_lr_called_within_step(self)
[*] 使用设备: cuda

============================================================
📊 加载数据
============================================================
[*] 加载数据集: 9406 样本 from experiment/model/unified_dataset_regression.npz
[*] 数据集划分: 训练=7519, 验证=933, 测试=954

============================================================
🧠 创建模型
============================================================
[*] 模型类型: baseline_c
[*] 损失函数: MSE

============================================================
🚀 开始训练
============================================================
[*] 噪声增强: 是
Epoch [1/50] - Train Loss: 4125.3671, Train MAE: 62.0582 | Val Loss: 4095.8260, Val MAE: 62.0111, Val RMSE: 64.1684, Val R²: -14.2227, Val Pearson: -0.1708
Epoch [2/50] - Train Loss: 2979.4844, Train MAE: 51.9285 | Val Loss: 2430.8203, Val MAE: 46.6523, Val RMSE: 49.4662, Val R²: -8.0463, Val Pearson: 0.2438
Epoch [3/50] - Train Loss: 1693.3087, Train MAE: 37.2444 | Val Loss: 989.9852, Val MAE: 27.2466, Val RMSE: 31.5969, Val R²: -2.6910, Val Pearson: 0.3891
Epoch [4/50] - Train Loss: 545.2674, Train MAE: 18.8834 | Val Loss: 301.2956, Val MAE: 14.1788, Val RMSE: 17.3573, Val R²: -0.1138, Val Pearson: 0.4621
Epoch [5/50] - Train Loss: 249.4240, Train MAE: 12.6075 | Val Loss: 119.4600, Val MAE: 8.4260, Val RMSE: 10.9567, Val R²: 0.5562, Val Pearson: 0.8097
Epoch [6/50] - Train Loss: 93.7018, Train MAE: 7.5446 | Val Loss: 46.4482, Val MAE: 5.4040, Val RMSE: 6.8602, Val R²: 0.8260, Val Pearson: 0.9121
Epoch [7/50] - Train Loss: 66.6633, Train MAE: 6.4672 | Val Loss: 40.9184, Val MAE: 5.0700, Val RMSE: 6.4315, Val R²: 0.8471, Val Pearson: 0.9225
Epoch [8/50] - Train Loss: 57.5401, Train MAE: 6.0026 | Val Loss: 35.5962, Val MAE: 4.6155, Val RMSE: 6.0135, Val R²: 0.8663, Val Pearson: 0.9325
Epoch [9/50] - Train Loss: 55.2394, Train MAE: 5.8514 | Val Loss: 33.3430, Val MAE: 4.5570, Val RMSE: 5.7855, Val R²: 0.8763, Val Pearson: 0.9376
Epoch [10/50] - Train Loss: 53.9883, Train MAE: 5.8001 | Val Loss: 33.0103, Val MAE: 4.4899, Val RMSE: 5.7557, Val R²: 0.8775, Val Pearson: 0.9386
Epoch [11/50] - Train Loss: 51.9736, Train MAE: 5.6738 | Val Loss: 32.4331, Val MAE: 4.4251, Val RMSE: 5.7022, Val R²: 0.8798, Val Pearson: 0.9417
Epoch [12/50] - Train Loss: 50.7836, Train MAE: 5.6042 | Val Loss: 29.5814, Val MAE: 4.1957, Val RMSE: 5.4596, Val R²: 0.8898, Val Pearson: 0.9438
Epoch [13/50] - Train Loss: 50.9419, Train MAE: 5.6265 | Val Loss: 28.2744, Val MAE: 4.0929, Val RMSE: 5.3439, Val R²: 0.8944, Val Pearson: 0.9467
Epoch [14/50] - Train Loss: 49.1994, Train MAE: 5.5021 | Val Loss: 30.8288, Val MAE: 4.2697, Val RMSE: 5.5575, Val R²: 0.8858, Val Pearson: 0.9450
Epoch [15/50] - Train Loss: 47.4919, Train MAE: 5.3997 | Val Loss: 29.9288, Val MAE: 4.2217, Val RMSE: 5.4948, Val R²: 0.8884, Val Pearson: 0.9440
Epoch [16/50] - Train Loss: 48.0071, Train MAE: 5.4716 | Val Loss: 29.3724, Val MAE: 4.0948, Val RMSE: 5.4428, Val R²: 0.8905, Val Pearson: 0.9443
Epoch [17/50] - Train Loss: 46.0120, Train MAE: 5.3547 | Val Loss: 31.1426, Val MAE: 4.2857, Val RMSE: 5.6003, Val R²: 0.8840, Val Pearson: 0.9446
Epoch [18/50] - Train Loss: 46.3987, Train MAE: 5.3728 | Val Loss: 25.9929, Val MAE: 3.8854, Val RMSE: 5.1275, Val R²: 0.9028, Val Pearson: 0.9502
Epoch [19/50] - Train Loss: 45.4966, Train MAE: 5.2891 | Val Loss: 25.7533, Val MAE: 3.8835, Val RMSE: 5.1194, Val R²: 0.9031, Val Pearson: 0.9508
Epoch [20/50] - Train Loss: 45.2508, Train MAE: 5.2941 | Val Loss: 25.8353, Val MAE: 3.9368, Val RMSE: 5.1026, Val R²: 0.9037, Val Pearson: 0.9518
Epoch [21/50] - Train Loss: 43.8262, Train MAE: 5.1830 | Val Loss: 25.5956, Val MAE: 3.8458, Val RMSE: 5.0847, Val R²: 0.9044, Val Pearson: 0.9510
Epoch [22/50] - Train Loss: 43.6752, Train MAE: 5.1637 | Val Loss: 25.4283, Val MAE: 3.8502, Val RMSE: 5.0816, Val R²: 0.9045, Val Pearson: 0.9526
Epoch [23/50] - Train Loss: 42.9080, Train MAE: 5.1015 | Val Loss: 26.5535, Val MAE: 3.9316, Val RMSE: 5.1610, Val R²: 0.9015, Val Pearson: 0.9523
Epoch [24/50] - Train Loss: 43.2730, Train MAE: 5.1722 | Val Loss: 27.3667, Val MAE: 4.0376, Val RMSE: 5.2830, Val R²: 0.8968, Val Pearson: 0.9526
Epoch [25/50] - Train Loss: 42.9752, Train MAE: 5.1484 | Val Loss: 25.7156, Val MAE: 3.9067, Val RMSE: 5.0673, Val R²: 0.9051, Val Pearson: 0.9524
Epoch [26/50] - Train Loss: 41.7908, Train MAE: 5.0339 | Val Loss: 24.6893, Val MAE: 3.6357, Val RMSE: 5.0013, Val R²: 0.9075, Val Pearson: 0.9535
Epoch [27/50] - Train Loss: 40.8183, Train MAE: 4.9926 | Val Loss: 24.8958, Val MAE: 3.7883, Val RMSE: 5.0034, Val R²: 0.9075, Val Pearson: 0.9534
Epoch [28/50] - Train Loss: 42.0443, Train MAE: 5.0621 | Val Loss: 23.3956, Val MAE: 3.6285, Val RMSE: 4.8668, Val R²: 0.9124, Val Pearson: 0.9552
Epoch [29/50] - Train Loss: 41.3605, Train MAE: 5.0367 | Val Loss: 25.5183, Val MAE: 3.8055, Val RMSE: 5.0473, Val R²: 0.9058, Val Pearson: 0.9538
Epoch [30/50] - Train Loss: 40.4151, Train MAE: 4.9847 | Val Loss: 24.2903, Val MAE: 3.6534, Val RMSE: 4.9529, Val R²: 0.9093, Val Pearson: 0.9548
Epoch [31/50] - Train Loss: 39.8132, Train MAE: 4.9404 | Val Loss: 23.8528, Val MAE: 3.6404, Val RMSE: 4.9176, Val R²: 0.9106, Val Pearson: 0.9549
Epoch [32/50] - Train Loss: 39.9263, Train MAE: 4.9494 | Val Loss: 24.3389, Val MAE: 3.7213, Val RMSE: 4.9402, Val R²: 0.9098, Val Pearson: 0.9551
Epoch [33/50] - Train Loss: 40.1034, Train MAE: 4.9265 | Val Loss: 23.3701, Val MAE: 3.6011, Val RMSE: 4.8473, Val R²: 0.9131, Val Pearson: 0.9556
Epoch [34/50] - Train Loss: 38.8113, Train MAE: 4.8526 | Val Loss: 23.0003, Val MAE: 3.6072, Val RMSE: 4.8268, Val R²: 0.9139, Val Pearson: 0.9565
Epoch [35/50] - Train Loss: 39.4872, Train MAE: 4.9352 | Val Loss: 22.4287, Val MAE: 3.5299, Val RMSE: 4.7699, Val R²: 0.9159, Val Pearson: 0.9574
Epoch [36/50] - Train Loss: 39.5239, Train MAE: 4.8842 | Val Loss: 22.7961, Val MAE: 3.6056, Val RMSE: 4.7898, Val R²: 0.9152, Val Pearson: 0.9571
Epoch [37/50] - Train Loss: 38.4980, Train MAE: 4.8405 | Val Loss: 23.2211, Val MAE: 3.5506, Val RMSE: 4.8281, Val R²: 0.9138, Val Pearson: 0.9575
Epoch [38/50] - Train Loss: 38.3532, Train MAE: 4.8347 | Val Loss: 22.0234, Val MAE: 3.4973, Val RMSE: 4.7189, Val R²: 0.9177, Val Pearson: 0.9580
Epoch [39/50] - Train Loss: 37.5948, Train MAE: 4.7590 | Val Loss: 22.2478, Val MAE: 3.4828, Val RMSE: 4.7549, Val R²: 0.9164, Val Pearson: 0.9574
Epoch [40/50] - Train Loss: 38.1996, Train MAE: 4.8056 | Val Loss: 22.3644, Val MAE: 3.4665, Val RMSE: 4.7673, Val R²: 0.9160, Val Pearson: 0.9574
Epoch [41/50] - Train Loss: 38.2501, Train MAE: 4.8094 | Val Loss: 21.8772, Val MAE: 3.5220, Val RMSE: 4.7126, Val R²: 0.9179, Val Pearson: 0.9587
Epoch [42/50] - Train Loss: 37.5148, Train MAE: 4.7765 | Val Loss: 21.6878, Val MAE: 3.3856, Val RMSE: 4.6873, Val R²: 0.9188, Val Pearson: 0.9590
Epoch [43/50] - Train Loss: 38.0752, Train MAE: 4.7866 | Val Loss: 22.4647, Val MAE: 3.4306, Val RMSE: 4.7739, Val R²: 0.9157, Val Pearson: 0.9583
Epoch [44/50] - Train Loss: 36.3071, Train MAE: 4.6978 | Val Loss: 21.5197, Val MAE: 3.4132, Val RMSE: 4.6662, Val R²: 0.9195, Val Pearson: 0.9590
Epoch [45/50] - Train Loss: 36.4448, Train MAE: 4.7066 | Val Loss: 21.3203, Val MAE: 3.4593, Val RMSE: 4.6342, Val R²: 0.9206, Val Pearson: 0.9595
Epoch [46/50] - Train Loss: 36.3124, Train MAE: 4.6659 | Val Loss: 21.6467, Val MAE: 3.3999, Val RMSE: 4.6730, Val R²: 0.9193, Val Pearson: 0.9594
Epoch [47/50] - Train Loss: 36.1728, Train MAE: 4.6694 | Val Loss: 21.1419, Val MAE: 3.3863, Val RMSE: 4.6275, Val R²: 0.9208, Val Pearson: 0.9596
[*] 早停于 epoch 47

============================================================
✅ 训练完成
============================================================
[*] 最佳验证MAE: 3.3856 (Epoch 42)

============================================================
📊 测试集评估
============================================================
Test Loss: 21.6538
Test MAE: 3.5122
Test RMSE: 4.6557
Test R²: 0.9214
Test Pearson: 0.9606

[*] 结果已保存到: experiment/results/regression_c_noisy/r1
