/home/lora/repos/MulitiModal/experiment/recorder/recorder.py:422: UserWarning: Glyph 19968 (\N{CJK UNIFIED IDEOGRAPH-4E00}) missing from font(s) DejaVu Sans.
  plt.tight_layout()
/home/lora/repos/MulitiModal/experiment/recorder/recorder.py:422: UserWarning: Glyph 33324 (\N{CJK UNIFIED IDEOGRAPH-822C}) missing from font(s) DejaVu Sans.
  plt.tight_layout()
/home/lora/repos/MulitiModal/experiment/recorder/recorder.py:422: UserWarning: Glyph 27491 (\N{CJK UNIFIED IDEOGRAPH-6B63}) missing from font(s) DejaVu Sans.
  plt.tight_layout()
/home/lora/repos/MulitiModal/experiment/recorder/recorder.py:422: UserWarning: Glyph 24120 (\N{CJK UNIFIED IDEOGRAPH-5E38}) missing from font(s) DejaVu Sans.
  plt.tight_layout()
/home/lora/repos/MulitiModal/experiment/recorder/recorder.py:422: UserWarning: Glyph 33391 (\N{CJK UNIFIED IDEOGRAPH-826F}) missing from font(s) DejaVu Sans.
  plt.tight_layout()
/home/lora/repos/MulitiModal/experiment/recorder/recorder.py:422: UserWarning: Glyph 22909 (\N{CJK UNIFIED IDEOGRAPH-597D}) missing from font(s) DejaVu Sans.
  plt.tight_layout()
/home/lora/repos/MulitiModal/experiment/recorder/recorder.py:425: UserWarning: Glyph 19968 (\N{CJK UNIFIED IDEOGRAPH-4E00}) missing from font(s) DejaVu Sans.
  plt.savefig(path, dpi=150, bbox_inches='tight')
/home/lora/repos/MulitiModal/experiment/recorder/recorder.py:425: UserWarning: Glyph 33324 (\N{CJK UNIFIED IDEOGRAPH-822C}) missing from font(s) DejaVu Sans.
  plt.savefig(path, dpi=150, bbox_inches='tight')
/home/lora/repos/MulitiModal/experiment/recorder/recorder.py:425: UserWarning: Glyph 27491 (\N{CJK UNIFIED IDEOGRAPH-6B63}) missing from font(s) DejaVu Sans.
  plt.savefig(path, dpi=150, bbox_inches='tight')
/home/lora/repos/MulitiModal/experiment/recorder/recorder.py:425: UserWarning: Glyph 24120 (\N{CJK UNIFIED IDEOGRAPH-5E38}) missing from font(s) DejaVu Sans.
  plt.savefig(path, dpi=150, bbox_inches='tight')
/home/lora/repos/MulitiModal/experiment/recorder/recorder.py:425: UserWarning: Glyph 33391 (\N{CJK UNIFIED IDEOGRAPH-826F}) missing from font(s) DejaVu Sans.
  plt.savefig(path, dpi=150, bbox_inches='tight')
/home/lora/repos/MulitiModal/experiment/recorder/recorder.py:425: UserWarning: Glyph 22909 (\N{CJK UNIFIED IDEOGRAPH-597D}) missing from font(s) DejaVu Sans.
  plt.savefig(path, dpi=150, bbox_inches='tight')

============================================================
Experiment: baseline_b_noise
Run: r1, Seed: 42
Model: Late Fusion Transformer
Device: cuda
Noise Prob: 0.5
============================================================
[Recorder] 配置已保存: experiment/results/baseline_b_noisy/baseline_b_noise/r1/run_config.json
📦 UnifiedNPZDataSource initialized: 6684 samples
📦 UnifiedNPZDataSource initialized: 6684 samples
📦 预加载数据到内存...
✅ 预加载完成: 6684 样本
Train: 4678, Val: 1002, Test: 1004
Epoch [ 1] Train Loss: 47.7307 | Val Loss: 49.4738 Acc: 60.08% F1: 0.5256 *
Epoch [ 2] Train Loss: 26.5609 | Val Loss: 2.7732 Acc: 97.11% F1: 0.9724 *
Epoch [ 3] Train Loss: 23.9296 | Val Loss: 2.3578 Acc: 97.31% F1: 0.9740 *
Epoch [ 4] Train Loss: 19.0077 | Val Loss: 16.2126 Acc: 79.84% F1: 0.7052
Epoch [ 5] Train Loss: 16.2148 | Val Loss: 3.2200 Acc: 96.41% F1: 0.9643
Epoch [ 6] Train Loss: 18.4589 | Val Loss: 2.0928 Acc: 97.60% F1: 0.9767 *
Epoch [ 7] Train Loss: 18.0021 | Val Loss: 3.5233 Acc: 96.51% F1: 0.9669
Epoch [ 8] Train Loss: 17.4158 | Val Loss: 1.7183 Acc: 98.10% F1: 0.9818 *
Epoch [ 9] Train Loss: 15.6880 | Val Loss: 2.3349 Acc: 97.41% F1: 0.9745
Epoch [10] Train Loss: 13.6373 | Val Loss: 1.4373 Acc: 98.60% F1: 0.9867 *
Epoch [11] Train Loss: 12.0054 | Val Loss: 2.0213 Acc: 98.00% F1: 0.9802
Epoch [12] Train Loss: 11.7271 | Val Loss: 1.6784 Acc: 98.30% F1: 0.9838
Epoch [13] Train Loss: 11.6487 | Val Loss: 1.3406 Acc: 98.30% F1: 0.9841
Epoch [14] Train Loss: 11.3553 | Val Loss: 1.2829 Acc: 98.70% F1: 0.9876 *
Epoch [15] Train Loss: 11.2234 | Val Loss: 1.3681 Acc: 98.50% F1: 0.9859
Epoch [16] Train Loss: 11.2634 | Val Loss: 1.6939 Acc: 98.30% F1: 0.9831
Epoch [17] Train Loss: 10.2460 | Val Loss: 1.2704 Acc: 98.50% F1: 0.9858
Epoch [18] Train Loss: 9.1850 | Val Loss: 1.4642 Acc: 98.50% F1: 0.9853
Epoch [19] Train Loss: 9.8602 | Val Loss: 1.6158 Acc: 98.50% F1: 0.9851
Epoch [20] Train Loss: 8.9146 | Val Loss: 1.4470 Acc: 98.30% F1: 0.9836
Epoch [21] Train Loss: 9.3792 | Val Loss: 1.7666 Acc: 98.50% F1: 0.9853
Epoch [22] Train Loss: 9.3059 | Val Loss: 1.6588 Acc: 98.50% F1: 0.9853
Epoch [23] Train Loss: 10.4278 | Val Loss: 1.4674 Acc: 98.30% F1: 0.9836
Epoch [24] Train Loss: 10.3287 | Val Loss: 1.4641 Acc: 98.40% F1: 0.9844
Epoch [25] Train Loss: 10.3187 | Val Loss: 1.4738 Acc: 98.30% F1: 0.9838
Epoch [26] Train Loss: 9.9742 | Val Loss: 2.0307 Acc: 98.20% F1: 0.9822
Epoch [27] Train Loss: 10.6015 | Val Loss: 1.5774 Acc: 98.40% F1: 0.9844
Epoch [28] Train Loss: 11.1315 | Val Loss: 1.7284 Acc: 98.30% F1: 0.9831
Epoch [29] Train Loss: 12.4374 | Val Loss: 1.7966 Acc: 97.41% F1: 0.9759
Epoch [30] Train Loss: 12.0659 | Val Loss: 1.8971 Acc: 98.30% F1: 0.9831
Epoch [31] Train Loss: 11.3381 | Val Loss: 2.5528 Acc: 98.10% F1: 0.9806
Epoch [32] Train Loss: 11.7523 | Val Loss: 2.2209 Acc: 98.20% F1: 0.9819
Epoch [33] Train Loss: 13.7549 | Val Loss: 1.5654 Acc: 98.50% F1: 0.9856
Epoch [34] Train Loss: 13.8507 | Val Loss: 1.7598 Acc: 98.40% F1: 0.9844
Epoch [35] Train Loss: 12.6014 | Val Loss: 3.4946 Acc: 97.01% F1: 0.9685
Epoch [36] Train Loss: 15.1726 | Val Loss: 1.6273 Acc: 98.30% F1: 0.9838
Epoch [37] Train Loss: 13.6869 | Val Loss: 2.1739 Acc: 98.30% F1: 0.9839
Epoch [38] Train Loss: 13.4219 | Val Loss: 2.1898 Acc: 97.31% F1: 0.9740
Epoch [39] Train Loss: 16.3693 | Val Loss: 3.3009 Acc: 96.91% F1: 0.9680
Epoch [40] Train Loss: 12.7968 | Val Loss: 1.8364 Acc: 98.60% F1: 0.9867
Epoch [41] Train Loss: 13.1207 | Val Loss: 2.0767 Acc: 98.00% F1: 0.9797
Epoch [42] Train Loss: 12.9185 | Val Loss: 2.8506 Acc: 97.01% F1: 0.9712
Epoch [43] Train Loss: 11.7442 | Val Loss: 11.2341 Acc: 90.42% F1: 0.8891
Epoch [44] Train Loss: 12.6655 | Val Loss: 3.2552 Acc: 97.50% F1: 0.9748
Epoch [45] Train Loss: 10.3276 | Val Loss: 2.1287 Acc: 97.31% F1: 0.9750
Epoch [46] Train Loss: 9.9763 | Val Loss: 3.1221 Acc: 96.31% F1: 0.9606
Epoch [47] Train Loss: 9.9135 | Val Loss: 2.2041 Acc: 97.41% F1: 0.9738
Epoch [48] Train Loss: 9.1706 | Val Loss: 1.6169 Acc: 98.40% F1: 0.9849
Epoch [49] Train Loss: 8.0659 | Val Loss: 2.6085 Acc: 98.10% F1: 0.9818
Epoch [50] Train Loss: 9.0444 | Val Loss: 1.3271 Acc: 98.60% F1: 0.9870
[Recorder] 结果已保存到: experiment/results/baseline_b_noisy/experiments_log.csv
[Recorder] 混淆矩阵已保存: experiment/results/baseline_b_noisy/baseline_b_noise/r1/figures/confusion_matrix.png
[Recorder] 训练曲线已保存: experiment/results/baseline_b_noisy/baseline_b_noise/r1/figures/training_curves.png

==================================================
Experiment: baseline_b_noise / r1
Seed: 42
==================================================
Model: Late Fusion Transformer
Fusion: baseline_b
LR: 0.001, Batch: 32

Best Val: Epoch 14
  Loss: 1.2829
  Acc:  98.70%
  F1:   0.9876

Test Results:
  Acc: 98.41%
  F1:  0.9853
  Time: 2.6 min

✅ B 噪声注入训练完成!
测试准确率: 98.41%
测试F1分数: 0.9853
