============================================================
🧠 按摩椅舒适度分类 - 训练
============================================================
📊 模型类型: multimodal
📦 批次大小: 32
🔢 类别数: 3

📂 加载数据集...
📦 UnifiedNPZDataSource initialized: 4770 samples
📦 UnifiedNPZDataSource initialized: 4770 samples
📦 预加载数据到内存...
✅ 预加载完成: 4770 样本
[*] Created dataset: 4770 samples
训练集: 3816 样本
验证集: 954 样本

🏗️ 创建模型...
设备: cuda
[优化] Encoder 参数: 43 个
[优化] Fusion/Classifier 参数: 30 个
[优化] Encoder 学习率比例: 0.1
[优化] 基础学习率: 0.001
[优化] 参数组 0: lr=0.000100, 参数数量=43
[优化] 参数组 1: lr=0.001000, 参数数量=30

🚀 开始训练...
------------------------------------------------------------
[优化] 滑动平均窗口大小: 5
Epoch [ 1/50] Train Loss: 0.5035 Acc: 79.32% | Val Loss: 0.2476 Acc: 89.94% | Smoothed Val: 0.2476 89.94% | LR: 0.000028
  💾 保存最佳模型 (Smoothed Acc: 89.94%)
Epoch [ 2/50] Train Loss: 0.2463 Acc: 90.93% | Val Loss: 0.0790 Acc: 97.48% | Smoothed Val: 0.1633 93.71% | LR: 0.000046
  💾 保存最佳模型 (Smoothed Acc: 93.71%)
Epoch [ 3/50] Train Loss: 0.1625 Acc: 94.03% | Val Loss: 0.2903 Acc: 88.47% | Smoothed Val: 0.2057 91.96% | LR: 0.000064
Epoch [ 4/50] Train Loss: 0.1398 Acc: 95.18% | Val Loss: 0.0507 Acc: 98.32% | Smoothed Val: 0.1669 93.55% | LR: 0.000082
Epoch [ 5/50] Train Loss: 0.1337 Acc: 95.31% | Val Loss: 0.1365 Acc: 95.28% | Smoothed Val: 0.1608 93.90% | LR: 0.000100
  💾 保存最佳模型 (Smoothed Acc: 93.90%)
Epoch [ 6/50] Train Loss: 0.1547 Acc: 94.18% | Val Loss: 0.1019 Acc: 96.75% | Smoothed Val: 0.1317 95.26% | LR: 0.000100
  💾 保存最佳模型 (Smoothed Acc: 95.26%)
Epoch [ 7/50] Train Loss: 0.1431 Acc: 94.76% | Val Loss: 0.1687 Acc: 94.13% | Smoothed Val: 0.1496 94.59% | LR: 0.000100
Epoch [ 8/50] Train Loss: 0.1276 Acc: 95.26% | Val Loss: 0.0937 Acc: 97.06% | Smoothed Val: 0.1103 96.31% | LR: 0.000099
  💾 保存最佳模型 (Smoothed Acc: 96.31%)
Epoch [ 9/50] Train Loss: 0.0821 Acc: 97.17% | Val Loss: 0.0499 Acc: 98.85% | Smoothed Val: 0.1102 96.42% | LR: 0.000098
  💾 保存最佳模型 (Smoothed Acc: 96.42%)
Epoch [10/50] Train Loss: 0.1111 Acc: 95.81% | Val Loss: 0.0466 Acc: 98.32% | Smoothed Val: 0.0922 97.02% | LR: 0.000097
  💾 保存最佳模型 (Smoothed Acc: 97.02%)
Epoch [11/50] Train Loss: 0.0770 Acc: 97.25% | Val Loss: 0.0497 Acc: 98.32% | Smoothed Val: 0.0817 97.34% | LR: 0.000096
  💾 保存最佳模型 (Smoothed Acc: 97.34%)
Epoch [12/50] Train Loss: 0.0788 Acc: 97.48% | Val Loss: 0.1316 Acc: 94.86% | Smoothed Val: 0.0743 97.48% | LR: 0.000094
  💾 保存最佳模型 (Smoothed Acc: 97.48%)
Epoch [13/50] Train Loss: 0.0795 Acc: 97.51% | Val Loss: 0.0916 Acc: 97.06% | Smoothed Val: 0.0739 97.48% | LR: 0.000092
Epoch [14/50] Train Loss: 0.1215 Acc: 96.20% | Val Loss: 0.0391 Acc: 98.85% | Smoothed Val: 0.0717 97.48% | LR: 0.000091
Epoch [15/50] Train Loss: 0.0712 Acc: 97.59% | Val Loss: 0.0694 Acc: 97.38% | Smoothed Val: 0.0763 97.30% | LR: 0.000088
Epoch [16/50] Train Loss: 0.0695 Acc: 97.30% | Val Loss: 0.0719 Acc: 97.80% | Smoothed Val: 0.0807 97.19% | LR: 0.000086
Epoch [17/50] Train Loss: 0.0673 Acc: 97.43% | Val Loss: 0.0692 Acc: 97.06% | Smoothed Val: 0.0682 97.63% | LR: 0.000084
  💾 保存最佳模型 (Smoothed Acc: 97.63%)
Epoch [18/50] Train Loss: 0.0680 Acc: 97.72% | Val Loss: 0.0757 Acc: 97.17% | Smoothed Val: 0.0651 97.65% | LR: 0.000081
  💾 保存最佳模型 (Smoothed Acc: 97.65%)
Epoch [19/50] Train Loss: 0.0532 Acc: 98.27% | Val Loss: 0.0676 Acc: 97.80% | Smoothed Val: 0.0708 97.44% | LR: 0.000078
Epoch [20/50] Train Loss: 0.0514 Acc: 98.09% | Val Loss: 0.0377 Acc: 98.95% | Smoothed Val: 0.0644 97.76% | LR: 0.000075
  💾 保存最佳模型 (Smoothed Acc: 97.76%)
Epoch [21/50] Train Loss: 0.0596 Acc: 97.93% | Val Loss: 0.0397 Acc: 98.53% | Smoothed Val: 0.0580 97.90% | LR: 0.000072
  💾 保存最佳模型 (Smoothed Acc: 97.90%)
Epoch [22/50] Train Loss: 0.0503 Acc: 98.27% | Val Loss: 0.1571 Acc: 94.86% | Smoothed Val: 0.0756 97.46% | LR: 0.000069
Epoch [23/50] Train Loss: 0.0492 Acc: 98.32% | Val Loss: 0.0325 Acc: 98.95% | Smoothed Val: 0.0669 97.82% | LR: 0.000066
Epoch [24/50] Train Loss: 0.0450 Acc: 98.56% | Val Loss: 0.0333 Acc: 98.95% | Smoothed Val: 0.0601 98.05% | LR: 0.000062
  💾 保存最佳模型 (Smoothed Acc: 98.05%)
Epoch [25/50] Train Loss: 0.0430 Acc: 98.30% | Val Loss: 0.0660 Acc: 98.22% | Smoothed Val: 0.0657 97.90% | LR: 0.000059
Epoch [26/50] Train Loss: 0.0437 Acc: 98.48% | Val Loss: 0.0318 Acc: 99.27% | Smoothed Val: 0.0641 98.05% | LR: 0.000056
Epoch [27/50] Train Loss: 0.0367 Acc: 98.58% | Val Loss: 0.0777 Acc: 97.59% | Smoothed Val: 0.0483 98.60% | LR: 0.000052
  💾 保存最佳模型 (Smoothed Acc: 98.60%)
Epoch [28/50] Train Loss: 0.0462 Acc: 98.35% | Val Loss: 0.0560 Acc: 98.11% | Smoothed Val: 0.0530 98.43% | LR: 0.000049
Epoch [29/50] Train Loss: 0.0516 Acc: 98.09% | Val Loss: 0.0669 Acc: 97.90% | Smoothed Val: 0.0597 98.22% | LR: 0.000045
Epoch [30/50] Train Loss: 0.0340 Acc: 98.77% | Val Loss: 0.0349 Acc: 98.74% | Smoothed Val: 0.0535 98.32% | LR: 0.000042
Epoch [31/50] Train Loss: 0.0462 Acc: 98.27% | Val Loss: 0.0333 Acc: 99.06% | Smoothed Val: 0.0538 98.28% | LR: 0.000039
Epoch [32/50] Train Loss: 0.0332 Acc: 98.87% | Val Loss: 0.0343 Acc: 98.64% | Smoothed Val: 0.0451 98.49% | LR: 0.000035
Epoch [33/50] Train Loss: 0.0285 Acc: 99.08% | Val Loss: 0.0332 Acc: 99.06% | Smoothed Val: 0.0405 98.68% | LR: 0.000032
  💾 保存最佳模型 (Smoothed Acc: 98.68%)
Epoch [34/50] Train Loss: 0.0427 Acc: 98.64% | Val Loss: 0.0307 Acc: 99.16% | Smoothed Val: 0.0333 98.93% | LR: 0.000029
  💾 保存最佳模型 (Smoothed Acc: 98.93%)
Epoch [35/50] Train Loss: 0.0340 Acc: 98.87% | Val Loss: 0.0337 Acc: 99.06% | Smoothed Val: 0.0330 98.99% | LR: 0.000026
  💾 保存最佳模型 (Smoothed Acc: 98.99%)
Epoch [36/50] Train Loss: 0.0311 Acc: 98.95% | Val Loss: 0.0300 Acc: 99.16% | Smoothed Val: 0.0324 99.01% | LR: 0.000023
  💾 保存最佳模型 (Smoothed Acc: 99.01%)
Epoch [37/50] Train Loss: 0.0241 Acc: 99.21% | Val Loss: 0.0271 Acc: 99.16% | Smoothed Val: 0.0309 99.12% | LR: 0.000020
  💾 保存最佳模型 (Smoothed Acc: 99.12%)
Epoch [38/50] Train Loss: 0.0295 Acc: 98.93% | Val Loss: 0.0390 Acc: 98.95% | Smoothed Val: 0.0321 99.10% | LR: 0.000017
Epoch [39/50] Train Loss: 0.0239 Acc: 99.27% | Val Loss: 0.0309 Acc: 98.95% | Smoothed Val: 0.0321 99.06% | LR: 0.000015
Epoch [40/50] Train Loss: 0.0263 Acc: 99.06% | Val Loss: 0.0322 Acc: 99.16% | Smoothed Val: 0.0318 99.08% | LR: 0.000013
Epoch [41/50] Train Loss: 0.0199 Acc: 99.34% | Val Loss: 0.0340 Acc: 99.27% | Smoothed Val: 0.0326 99.10% | LR: 0.000010
Epoch [42/50] Train Loss: 0.0270 Acc: 98.95% | Val Loss: 0.0313 Acc: 99.37% | Smoothed Val: 0.0335 99.14% | LR: 0.000009
  💾 保存最佳模型 (Smoothed Acc: 99.14%)
Epoch [43/50] Train Loss: 0.0226 Acc: 99.16% | Val Loss: 0.0329 Acc: 99.27% | Smoothed Val: 0.0323 99.20% | LR: 0.000007
  💾 保存最佳模型 (Smoothed Acc: 99.20%)
Epoch [44/50] Train Loss: 0.0198 Acc: 99.40% | Val Loss: 0.0336 Acc: 99.06% | Smoothed Val: 0.0328 99.22% | LR: 0.000005
  💾 保存最佳模型 (Smoothed Acc: 99.22%)
Epoch [45/50] Train Loss: 0.0222 Acc: 99.27% | Val Loss: 0.0308 Acc: 99.16% | Smoothed Val: 0.0325 99.22% | LR: 0.000004
Epoch [46/50] Train Loss: 0.0206 Acc: 99.55% | Val Loss: 0.0295 Acc: 98.85% | Smoothed Val: 0.0316 99.14% | LR: 0.000003
Epoch [47/50] Train Loss: 0.0217 Acc: 99.21% | Val Loss: 0.0330 Acc: 98.85% | Smoothed Val: 0.0320 99.04% | LR: 0.000002
Epoch [48/50] Train Loss: 0.0240 Acc: 99.27% | Val Loss: 0.0325 Acc: 98.95% | Smoothed Val: 0.0319 98.97% | LR: 0.000001
Epoch [49/50] Train Loss: 0.0128 Acc: 99.58% | Val Loss: 0.0356 Acc: 99.06% | Smoothed Val: 0.0323 98.97% | LR: 0.000001
Epoch [50/50] Train Loss: 0.0202 Acc: 99.24% | Val Loss: 0.0329 Acc: 99.16% | Smoothed Val: 0.0327 98.97% | LR: 0.000001
------------------------------------------------------------
✅ 训练完成! 最佳验证准确率: 99.22% | 耗时: 599.7秒

============================================================
🔍 加载最佳模型进行详细评估...
============================================================

[调试] 验证集大小: 954
[调试] 预测数量: 954
[调试] 标签分布: [315 323 316]

============================================================
📊 详细评估报告
============================================================

📋 分类报告:
              precision    recall  f1-score   support

       一般(0)     0.9936    0.9905    0.9921       315
       正常(1)     0.9907    0.9845    0.9876       323
       良好(2)     0.9906    1.0000    0.9953       316

    accuracy                         0.9916       954
   macro avg     0.9916    0.9917    0.9916       954
weighted avg     0.9916    0.9916    0.9916       954


📊 混淆矩阵:
[[312   3   0]
 [  2 318   3]
 [  0   0 316]]

📈 每类详细指标:
  一般(0):
    Precision: 0.9936
    Recall:    0.9905
    F1-Score:  0.9921
    Support:   315
  正常(1):
    Precision: 0.9907
    Recall:    0.9845
    F1-Score:  0.9876
    Support:   323
  良好(2):
    Precision: 0.9906
    Recall:    1.0000
    F1-Score:  0.9953
    Support:   316

📊 总体指标:
  Accuracy:         0.9916
  Macro Precision:  0.9916
  Macro Recall:     0.9917
  Macro F1-Score:   0.9916
  Weighted F1-Score:0.9916

📈 混淆矩阵已保存: experiment/test/result/confusion_matrix_multimodal.png
📝 实验日志已保存: experiment/model/log.txt

📈 生成训练曲线...
📈 训练曲线已保存: experiment/test/result/test_result_multimodal.png
