============================================================
🧠 按摩椅舒适度分类 - 训练
============================================================
📊 模型类型: multimodal
📦 批次大小: 32
🔢 类别数: 3

📂 加载数据集...
📦 UnifiedNPZDataSource initialized: 3750 samples
📦 UnifiedNPZDataSource initialized: 3750 samples
📦 预加载数据到内存...
✅ 预加载完成: 3750 样本
[*] Created dataset: 3750 samples
训练集: 3000 样本
验证集: 750 样本

🏗️ 创建模型...
设备: cuda
[优化] Encoder 参数: 43 个
[优化] Fusion/Classifier 参数: 30 个
[优化] Encoder 学习率比例: 0.1
[优化] 基础学习率: 0.001
[优化] 参数组 0: lr=0.000100, 参数数量=43
[优化] 参数组 1: lr=0.001000, 参数数量=30

🚀 开始训练...
------------------------------------------------------------
[优化] 滑动平均窗口大小: 5
Epoch [ 1/50] Train Loss: 0.5601 Acc: 75.37% | Val Loss: 0.2735 Acc: 89.60% | Smoothed Val: 0.2735 89.60% | LR: 0.000028
  💾 保存最佳模型 (Smoothed Acc: 89.60%)
Epoch [ 2/50] Train Loss: 0.2790 Acc: 89.27% | Val Loss: 0.1107 Acc: 96.13% | Smoothed Val: 0.1921 92.87% | LR: 0.000046
  💾 保存最佳模型 (Smoothed Acc: 92.87%)
Epoch [ 3/50] Train Loss: 0.1737 Acc: 93.83% | Val Loss: 0.0988 Acc: 96.67% | Smoothed Val: 0.1610 94.13% | LR: 0.000064
  💾 保存最佳模型 (Smoothed Acc: 94.13%)
Epoch [ 4/50] Train Loss: 0.1824 Acc: 93.40% | Val Loss: 0.1112 Acc: 96.00% | Smoothed Val: 0.1485 94.60% | LR: 0.000082
  💾 保存最佳模型 (Smoothed Acc: 94.60%)
Epoch [ 5/50] Train Loss: 0.1375 Acc: 94.87% | Val Loss: 0.1153 Acc: 95.87% | Smoothed Val: 0.1419 94.85% | LR: 0.000100
  💾 保存最佳模型 (Smoothed Acc: 94.85%)
Epoch [ 6/50] Train Loss: 0.1300 Acc: 95.00% | Val Loss: 0.3730 Acc: 86.53% | Smoothed Val: 0.1618 94.24% | LR: 0.000100
Epoch [ 7/50] Train Loss: 0.0955 Acc: 96.60% | Val Loss: 0.1070 Acc: 95.60% | Smoothed Val: 0.1610 94.13% | LR: 0.000100
Epoch [ 8/50] Train Loss: 0.1048 Acc: 96.20% | Val Loss: 0.4340 Acc: 84.40% | Smoothed Val: 0.2281 91.68% | LR: 0.000099
Epoch [ 9/50] Train Loss: 0.0935 Acc: 96.70% | Val Loss: 0.0631 Acc: 97.73% | Smoothed Val: 0.2185 92.03% | LR: 0.000098
Epoch [10/50] Train Loss: 0.1109 Acc: 95.90% | Val Loss: 0.5786 Acc: 82.40% | Smoothed Val: 0.3111 89.33% | LR: 0.000097
Epoch [11/50] Train Loss: 0.0841 Acc: 97.10% | Val Loss: 0.1069 Acc: 95.60% | Smoothed Val: 0.2579 91.15% | LR: 0.000096
Epoch [12/50] Train Loss: 0.0838 Acc: 96.97% | Val Loss: 0.0875 Acc: 96.93% | Smoothed Val: 0.2540 91.41% | LR: 0.000094
Epoch [13/50] Train Loss: 0.0725 Acc: 97.50% | Val Loss: 0.0683 Acc: 97.33% | Smoothed Val: 0.1809 94.00% | LR: 0.000092
Epoch [14/50] Train Loss: 0.0764 Acc: 97.17% | Val Loss: 0.1402 Acc: 94.67% | Smoothed Val: 0.1963 93.39% | LR: 0.000091
Epoch [15/50] Train Loss: 0.0744 Acc: 97.60% | Val Loss: 0.0689 Acc: 97.73% | Smoothed Val: 0.0944 96.45% | LR: 0.000088
  💾 保存最佳模型 (Smoothed Acc: 96.45%)
Epoch [16/50] Train Loss: 0.0651 Acc: 97.70% | Val Loss: 0.1769 Acc: 92.80% | Smoothed Val: 0.1084 95.89% | LR: 0.000086
Epoch [17/50] Train Loss: 0.0789 Acc: 97.20% | Val Loss: 0.0785 Acc: 97.60% | Smoothed Val: 0.1066 96.03% | LR: 0.000084
Epoch [18/50] Train Loss: 0.0589 Acc: 98.00% | Val Loss: 0.0790 Acc: 97.20% | Smoothed Val: 0.1087 96.00% | LR: 0.000081
Epoch [19/50] Train Loss: 0.0567 Acc: 98.03% | Val Loss: 0.0951 Acc: 96.67% | Smoothed Val: 0.0997 96.40% | LR: 0.000078
Epoch [20/50] Train Loss: 0.0576 Acc: 98.07% | Val Loss: 0.1332 Acc: 95.73% | Smoothed Val: 0.1125 96.00% | LR: 0.000075
Epoch [21/50] Train Loss: 0.0418 Acc: 98.43% | Val Loss: 0.0803 Acc: 97.20% | Smoothed Val: 0.0932 96.88% | LR: 0.000072
  💾 保存最佳模型 (Smoothed Acc: 96.88%)
Epoch [22/50] Train Loss: 0.0789 Acc: 97.30% | Val Loss: 0.1551 Acc: 94.67% | Smoothed Val: 0.1085 96.29% | LR: 0.000069
Epoch [23/50] Train Loss: 0.0535 Acc: 98.03% | Val Loss: 0.0620 Acc: 97.73% | Smoothed Val: 0.1051 96.40% | LR: 0.000066
Epoch [24/50] Train Loss: 0.0512 Acc: 98.03% | Val Loss: 0.0886 Acc: 97.33% | Smoothed Val: 0.1038 96.53% | LR: 0.000062
Epoch [25/50] Train Loss: 0.0544 Acc: 98.20% | Val Loss: 0.2079 Acc: 94.40% | Smoothed Val: 0.1188 96.27% | LR: 0.000059
Epoch [26/50] Train Loss: 0.0580 Acc: 97.87% | Val Loss: 0.0510 Acc: 98.13% | Smoothed Val: 0.1129 96.45% | LR: 0.000056
Epoch [27/50] Train Loss: 0.0366 Acc: 98.40% | Val Loss: 0.0888 Acc: 97.60% | Smoothed Val: 0.0996 97.04% | LR: 0.000052
  💾 保存最佳模型 (Smoothed Acc: 97.04%)
Epoch [28/50] Train Loss: 0.0328 Acc: 98.90% | Val Loss: 0.0596 Acc: 97.33% | Smoothed Val: 0.0992 96.96% | LR: 0.000049
Epoch [29/50] Train Loss: 0.0442 Acc: 98.70% | Val Loss: 0.0584 Acc: 98.27% | Smoothed Val: 0.0931 97.15% | LR: 0.000045
  💾 保存最佳模型 (Smoothed Acc: 97.15%)
Epoch [30/50] Train Loss: 0.0503 Acc: 98.50% | Val Loss: 0.0563 Acc: 98.13% | Smoothed Val: 0.0628 97.89% | LR: 0.000042
  💾 保存最佳模型 (Smoothed Acc: 97.89%)
Epoch [31/50] Train Loss: 0.0307 Acc: 99.10% | Val Loss: 0.0583 Acc: 98.00% | Smoothed Val: 0.0643 97.87% | LR: 0.000039
Epoch [32/50] Train Loss: 0.0268 Acc: 99.07% | Val Loss: 0.1082 Acc: 97.20% | Smoothed Val: 0.0681 97.79% | LR: 0.000035
Epoch [33/50] Train Loss: 0.0377 Acc: 98.73% | Val Loss: 0.0721 Acc: 97.87% | Smoothed Val: 0.0707 97.89% | LR: 0.000032
Epoch [34/50] Train Loss: 0.0295 Acc: 98.87% | Val Loss: 0.0709 Acc: 97.60% | Smoothed Val: 0.0732 97.76% | LR: 0.000029
Epoch [35/50] Train Loss: 0.0321 Acc: 99.00% | Val Loss: 0.0610 Acc: 97.73% | Smoothed Val: 0.0741 97.68% | LR: 0.000026
Epoch [36/50] Train Loss: 0.0270 Acc: 99.00% | Val Loss: 0.0563 Acc: 98.00% | Smoothed Val: 0.0737 97.68% | LR: 0.000023
Epoch [37/50] Train Loss: 0.0328 Acc: 98.97% | Val Loss: 0.0584 Acc: 98.00% | Smoothed Val: 0.0637 97.84% | LR: 0.000020
Epoch [38/50] Train Loss: 0.0266 Acc: 98.90% | Val Loss: 0.0602 Acc: 97.87% | Smoothed Val: 0.0614 97.84% | LR: 0.000017
Epoch [39/50] Train Loss: 0.0329 Acc: 98.83% | Val Loss: 0.0646 Acc: 97.87% | Smoothed Val: 0.0601 97.89% | LR: 0.000015
Epoch [40/50] Train Loss: 0.0236 Acc: 99.23% | Val Loss: 0.0677 Acc: 97.33% | Smoothed Val: 0.0614 97.81% | LR: 0.000013
Epoch [41/50] Train Loss: 0.0224 Acc: 99.23% | Val Loss: 0.0620 Acc: 97.73% | Smoothed Val: 0.0626 97.76% | LR: 0.000010
Epoch [42/50] Train Loss: 0.0250 Acc: 99.23% | Val Loss: 0.0553 Acc: 98.40% | Smoothed Val: 0.0620 97.84% | LR: 0.000009
Epoch [43/50] Train Loss: 0.0184 Acc: 99.40% | Val Loss: 0.0503 Acc: 98.27% | Smoothed Val: 0.0600 97.92% | LR: 0.000007
  💾 保存最佳模型 (Smoothed Acc: 97.92%)
Epoch [44/50] Train Loss: 0.0179 Acc: 99.33% | Val Loss: 0.0503 Acc: 98.27% | Smoothed Val: 0.0571 98.00% | LR: 0.000005
  💾 保存最佳模型 (Smoothed Acc: 98.00%)
Epoch [45/50] Train Loss: 0.0218 Acc: 99.37% | Val Loss: 0.0714 Acc: 97.33% | Smoothed Val: 0.0579 98.00% | LR: 0.000004
Epoch [46/50] Train Loss: 0.0164 Acc: 99.33% | Val Loss: 0.0624 Acc: 97.73% | Smoothed Val: 0.0579 98.00% | LR: 0.000003
Epoch [47/50] Train Loss: 0.0185 Acc: 99.40% | Val Loss: 0.0611 Acc: 97.73% | Smoothed Val: 0.0591 97.87% | LR: 0.000002
Epoch [48/50] Train Loss: 0.0161 Acc: 99.50% | Val Loss: 0.0590 Acc: 98.13% | Smoothed Val: 0.0608 97.84% | LR: 0.000001
Epoch [49/50] Train Loss: 0.0155 Acc: 99.47% | Val Loss: 0.0591 Acc: 97.87% | Smoothed Val: 0.0626 97.76% | LR: 0.000001
Epoch [50/50] Train Loss: 0.0206 Acc: 99.33% | Val Loss: 0.0573 Acc: 97.87% | Smoothed Val: 0.0598 97.87% | LR: 0.000001
------------------------------------------------------------
✅ 训练完成! 最佳验证准确率: 98.00% | 耗时: 469.4秒

============================================================
🔍 加载最佳模型进行详细评估...
============================================================

[调试] 验证集大小: 750
[调试] 预测数量: 750
[调试] 标签分布: [258 250 242]

============================================================
📊 详细评估报告
============================================================

📋 分类报告:
