/home/lora/repos/MulitiModal/venv/lib/python3.14/site-packages/torch/optim/lr_scheduler.py:1427: UserWarning: To get the last learning rate computed by the scheduler, please use `get_last_lr()`.
  _warn_get_lr_called_within_step(self)
[*] 使用设备: cuda

============================================================
📊 加载数据
============================================================
[*] 加载数据集: 9406 样本 from experiment/model/unified_dataset_regression.npz
[*] 数据集划分: 训练=7519, 验证=933, 测试=954

============================================================
🧠 创建模型
============================================================
[*] 模型类型: baseline_c
[*] 损失函数: MSE

============================================================
🚀 开始训练
============================================================
[*] 噪声增强: 否
Epoch [1/50] - Train Loss: 4135.9619, Train MAE: 62.1577 | Val Loss: 4107.0669, Val MAE: 62.1113, Val RMSE: 64.2565, Val R²: -14.2646, Val Pearson: -0.0277
Epoch [2/50] - Train Loss: 2952.7716, Train MAE: 51.6605 | Val Loss: 2373.5120, Val MAE: 46.0311, Val RMSE: 48.8810, Val R²: -7.8335, Val Pearson: -0.5547
Epoch [3/50] - Train Loss: 1588.5099, Train MAE: 35.7465 | Val Loss: 876.6225, Val MAE: 25.3645, Val RMSE: 29.7344, Val R²: -2.2687, Val Pearson: -0.4439
Epoch [4/50] - Train Loss: 482.9175, Train MAE: 17.7189 | Val Loss: 287.4829, Val MAE: 13.8719, Val RMSE: 16.9374, Val R²: -0.0606, Val Pearson: 0.4543
Epoch [5/50] - Train Loss: 287.2898, Train MAE: 13.8385 | Val Loss: 272.6363, Val MAE: 13.5495, Val RMSE: 16.4467, Val R²: -0.0000, Val Pearson: 0.5228
Epoch [6/50] - Train Loss: 289.1001, Train MAE: 13.9181 | Val Loss: 272.6024, Val MAE: 13.5537, Val RMSE: 16.4445, Val R²: 0.0002, Val Pearson: 0.8015
Epoch [7/50] - Train Loss: 329.9426, Train MAE: 14.0856 | Val Loss: 176.2045, Val MAE: 10.9795, Val RMSE: 13.3302, Val R²: 0.3431, Val Pearson: 0.5903
Epoch [8/50] - Train Loss: 206.4761, Train MAE: 11.7617 | Val Loss: 171.7665, Val MAE: 10.8034, Val RMSE: 13.1544, Val R²: 0.3603, Val Pearson: 0.6045
Epoch [9/50] - Train Loss: 217.2925, Train MAE: 12.1424 | Val Loss: 189.4919, Val MAE: 11.5969, Val RMSE: 13.7891, Val R²: 0.2971, Val Pearson: 0.5486
Epoch [10/50] - Train Loss: 211.7956, Train MAE: 11.9134 | Val Loss: 181.2964, Val MAE: 11.1514, Val RMSE: 13.4761, Val R²: 0.3286, Val Pearson: 0.5795
Epoch [11/50] - Train Loss: 213.8315, Train MAE: 12.0009 | Val Loss: 180.1745, Val MAE: 11.1320, Val RMSE: 13.4381, Val R²: 0.3324, Val Pearson: 0.5873
Epoch [12/50] - Train Loss: 213.4747, Train MAE: 11.9754 | Val Loss: 177.9555, Val MAE: 11.0980, Val RMSE: 13.3358, Val R²: 0.3425, Val Pearson: 0.5967
Epoch [13/50] - Train Loss: 198.1991, Train MAE: 11.5745 | Val Loss: 172.5109, Val MAE: 10.9024, Val RMSE: 13.1752, Val R²: 0.3582, Val Pearson: 0.6020
[*] 早停于 epoch 13

============================================================
✅ 训练完成
============================================================
[*] 最佳验证MAE: 10.8034 (Epoch 8)

============================================================
📊 测试集评估
============================================================
Test Loss: 191.9947
Test MAE: 11.2567
Test RMSE: 13.8329
Test R²: 0.3058
Test Pearson: 0.5537

[*] 结果已保存到: experiment/results/regression_c_clean
