/home/lora/repos/MulitiModal/venv/lib/python3.14/site-packages/torch/optim/lr_scheduler.py:1427: UserWarning: To get the last learning rate computed by the scheduler, please use `get_last_lr()`.
  _warn_get_lr_called_within_step(self)
[*] 使用设备: cuda

============================================================
📊 加载数据
============================================================
[*] 加载数据集: 9406 样本 from experiment/model/unified_dataset_regression.npz
[*] 数据集划分: 训练=7519, 验证=933, 测试=954

============================================================
🧠 创建模型
============================================================
[*] 模型类型: baseline_b
[*] 损失函数: MSE

============================================================
🚀 开始训练
============================================================
[*] 噪声增强: 否
Epoch [1/50] - Train Loss: 4104.2457, Train MAE: 61.9024 | Val Loss: 4078.4299, Val MAE: 61.8880, Val RMSE: 64.0344, Val R²: -14.1592, Val Pearson: 0.0918
Epoch [2/50] - Train Loss: 2070.4135, Train MAE: 39.7883 | Val Loss: 346.6416, Val MAE: 15.1356, Val RMSE: 18.6518, Val R²: -0.2862, Val Pearson: 0.3468
Epoch [3/50] - Train Loss: 203.2272, Train MAE: 11.2028 | Val Loss: 58.6349, Val MAE: 6.1431, Val RMSE: 7.7158, Val R²: 0.7799, Val Pearson: 0.8925
Epoch [4/50] - Train Loss: 79.2099, Train MAE: 7.1007 | Val Loss: 40.6356, Val MAE: 5.0651, Val RMSE: 6.4000, Val R²: 0.8486, Val Pearson: 0.9220
Epoch [5/50] - Train Loss: 71.2243, Train MAE: 6.7275 | Val Loss: 41.1624, Val MAE: 5.0399, Val RMSE: 6.3886, Val R²: 0.8491, Val Pearson: 0.9284
Epoch [6/50] - Train Loss: 68.5664, Train MAE: 6.5705 | Val Loss: 37.6539, Val MAE: 4.8567, Val RMSE: 6.1552, Val R²: 0.8599, Val Pearson: 0.9302
Epoch [7/50] - Train Loss: 63.2484, Train MAE: 6.2716 | Val Loss: 41.4606, Val MAE: 5.0771, Val RMSE: 6.4451, Val R²: 0.8464, Val Pearson: 0.9273
Epoch [8/50] - Train Loss: 63.4223, Train MAE: 6.3020 | Val Loss: 35.4466, Val MAE: 4.6042, Val RMSE: 5.9674, Val R²: 0.8683, Val Pearson: 0.9330
Epoch [9/50] - Train Loss: 60.7223, Train MAE: 6.1332 | Val Loss: 36.7056, Val MAE: 4.6830, Val RMSE: 6.0527, Val R²: 0.8646, Val Pearson: 0.9378
Epoch [10/50] - Train Loss: 59.1791, Train MAE: 6.0678 | Val Loss: 41.8793, Val MAE: 4.9430, Val RMSE: 6.4315, Val R²: 0.8471, Val Pearson: 0.9372
Epoch [11/50] - Train Loss: 58.8127, Train MAE: 6.0453 | Val Loss: 32.5449, Val MAE: 4.3647, Val RMSE: 5.7302, Val R²: 0.8786, Val Pearson: 0.9380
Epoch [12/50] - Train Loss: 56.5168, Train MAE: 5.9052 | Val Loss: 36.7192, Val MAE: 4.5712, Val RMSE: 6.0659, Val R²: 0.8640, Val Pearson: 0.9405
Epoch [13/50] - Train Loss: 58.1207, Train MAE: 6.0128 | Val Loss: 33.6865, Val MAE: 4.4939, Val RMSE: 5.8633, Val R²: 0.8729, Val Pearson: 0.9418
Epoch [14/50] - Train Loss: 55.7427, Train MAE: 5.9253 | Val Loss: 36.2536, Val MAE: 4.5616, Val RMSE: 6.0412, Val R²: 0.8651, Val Pearson: 0.9413
Epoch [15/50] - Train Loss: 54.7902, Train MAE: 5.8491 | Val Loss: 30.1734, Val MAE: 4.1896, Val RMSE: 5.5227, Val R²: 0.8872, Val Pearson: 0.9448
Epoch [16/50] - Train Loss: 55.7379, Train MAE: 5.8923 | Val Loss: 32.6186, Val MAE: 4.2615, Val RMSE: 5.7403, Val R²: 0.8782, Val Pearson: 0.9442
Epoch [17/50] - Train Loss: 54.0571, Train MAE: 5.7908 | Val Loss: 29.2762, Val MAE: 4.1754, Val RMSE: 5.4166, Val R²: 0.8915, Val Pearson: 0.9480
Epoch [18/50] - Train Loss: 53.4715, Train MAE: 5.7374 | Val Loss: 30.7208, Val MAE: 4.2467, Val RMSE: 5.5841, Val R²: 0.8847, Val Pearson: 0.9460
Epoch [19/50] - Train Loss: 52.4339, Train MAE: 5.7005 | Val Loss: 30.3171, Val MAE: 4.1265, Val RMSE: 5.5447, Val R²: 0.8863, Val Pearson: 0.9485
Epoch [20/50] - Train Loss: 53.4434, Train MAE: 5.7290 | Val Loss: 33.4886, Val MAE: 4.4135, Val RMSE: 5.7802, Val R²: 0.8765, Val Pearson: 0.9475
Epoch [21/50] - Train Loss: 50.3311, Train MAE: 5.5709 | Val Loss: 25.7334, Val MAE: 3.8423, Val RMSE: 5.0977, Val R²: 0.9039, Val Pearson: 0.9517
Epoch [22/50] - Train Loss: 51.2607, Train MAE: 5.6267 | Val Loss: 26.1593, Val MAE: 3.8770, Val RMSE: 5.1500, Val R²: 0.9019, Val Pearson: 0.9529
Epoch [23/50] - Train Loss: 50.1302, Train MAE: 5.5778 | Val Loss: 27.0410, Val MAE: 3.9874, Val RMSE: 5.2370, Val R²: 0.8986, Val Pearson: 0.9512
Epoch [24/50] - Train Loss: 50.7373, Train MAE: 5.5783 | Val Loss: 24.8312, Val MAE: 3.7662, Val RMSE: 5.0259, Val R²: 0.9066, Val Pearson: 0.9537
Epoch [25/50] - Train Loss: 48.3246, Train MAE: 5.4505 | Val Loss: 27.1564, Val MAE: 3.8213, Val RMSE: 5.2412, Val R²: 0.8984, Val Pearson: 0.9549
Epoch [26/50] - Train Loss: 49.6743, Train MAE: 5.5519 | Val Loss: 28.0244, Val MAE: 4.1314, Val RMSE: 5.2961, Val R²: 0.8963, Val Pearson: 0.9537
Epoch [27/50] - Train Loss: 48.5959, Train MAE: 5.4749 | Val Loss: 23.5726, Val MAE: 3.6053, Val RMSE: 4.8873, Val R²: 0.9117, Val Pearson: 0.9553
Epoch [28/50] - Train Loss: 46.0722, Train MAE: 5.3408 | Val Loss: 43.0521, Val MAE: 5.0952, Val RMSE: 6.5333, Val R²: 0.8422, Val Pearson: 0.9490
Epoch [29/50] - Train Loss: 46.3295, Train MAE: 5.3122 | Val Loss: 237.1031, Val MAE: 13.2255, Val RMSE: 15.3004, Val R²: 0.1345, Val Pearson: 0.8962
Epoch [30/50] - Train Loss: 42.9927, Train MAE: 5.0886 | Val Loss: 661.2100, Val MAE: 22.1989, Val RMSE: 25.4695, Val R²: -1.3982, Val Pearson: 0.6219
Epoch [31/50] - Train Loss: 38.8194, Train MAE: 4.8335 | Val Loss: 232.2405, Val MAE: 13.3279, Val RMSE: 15.3444, Val R²: 0.1295, Val Pearson: 0.8799
Epoch [32/50] - Train Loss: 37.9526, Train MAE: 4.7924 | Val Loss: 1200.6710, Val MAE: 32.1897, Val RMSE: 34.8058, Val R²: -3.4787, Val Pearson: 0.6614
[*] 早停于 epoch 32

============================================================
✅ 训练完成
============================================================
[*] 最佳验证MAE: 3.6053 (Epoch 27)

============================================================
📊 测试集评估
============================================================
Test Loss: 23.4054
Test MAE: 3.6874
Test RMSE: 4.8405
Test R²: 0.9150
Test Pearson: 0.9574

[*] 结果已保存到: experiment/results/regression_b_clean
