============================================================
🧠 按摩椅舒适度分类 - 训练
============================================================
📊 模型类型: multimodal
📦 批次大小: 32
🔢 类别数: 3

📂 加载数据集...
📦 UnifiedNPZDataSource initialized: 6684 samples
📦 UnifiedNPZDataSource initialized: 6684 samples
📦 预加载数据到内存...
✅ 预加载完成: 6684 样本
[*] Created dataset: 6684 samples from experiment/model/unified_dataset_expanded.npz
训练集: 5347 样本
验证集: 1337 样本

🏗️ 创建模型...
设备: cuda
[优化] Encoder 参数: 43 个
[优化] Fusion/Classifier 参数: 32 个
[优化] Encoder 学习率比例: 0.1
[优化] 基础学习率: 0.001
[优化] 参数组 0: lr=0.000100, 参数数量=43
[优化] 参数组 1: lr=0.001000, 参数数量=32

🚀 开始训练...
------------------------------------------------------------
[优化] 滑动平均窗口大小: 5
[Recorder] 配置已保存: experiment/results/train_multimodal/r1/run_config.json
[Recorder] 实验记录目录: experiment/results/train_multimodal/r1
Epoch [ 1/50] Train Loss: 0.5329 Acc: 77.24% | Val Loss: 0.3085 Acc: 86.91% | Smoothed Val: 0.3085 86.91% | G0:0.000028 G1:0.000280
  💾 保存最佳模型 (Smoothed Acc: 86.91%)
Epoch [ 2/50] Train Loss: 0.3677 Acc: 85.66% | Val Loss: 0.2591 Acc: 89.45% | Smoothed Val: 0.2838 88.18% | G0:0.000046 G1:0.000460
  💾 保存最佳模型 (Smoothed Acc: 88.18%)
Epoch [ 3/50] Train Loss: 0.3543 Acc: 86.29% | Val Loss: 0.2602 Acc: 90.13% | Smoothed Val: 0.2759 88.83% | G0:0.000064 G1:0.000640
  💾 保存最佳模型 (Smoothed Acc: 88.83%)
Epoch [ 4/50] Train Loss: 0.3633 Acc: 85.49% | Val Loss: 0.2537 Acc: 89.90% | Smoothed Val: 0.2704 89.10% | G0:0.000082 G1:0.000820
  💾 保存最佳模型 (Smoothed Acc: 89.10%)
Epoch [ 5/50] Train Loss: 0.3623 Acc: 84.76% | Val Loss: 0.1565 Acc: 94.39% | Smoothed Val: 0.2476 90.16% | G0:0.000100 G1:0.001000
  💾 保存最佳模型 (Smoothed Acc: 90.16%)
Epoch [ 6/50] Train Loss: 0.6051 Acc: 71.55% | Val Loss: 0.8952 Acc: 55.87% | Smoothed Val: 0.3649 83.95% | G0:0.000100 G1:0.000999
Epoch [ 7/50] Train Loss: 0.9283 Acc: 51.17% | Val Loss: 0.8605 Acc: 55.42% | Smoothed Val: 0.4852 77.14% | G0:0.000100 G1:0.000995
Epoch [ 8/50] Train Loss: 0.9009 Acc: 53.28% | Val Loss: 0.8808 Acc: 55.27% | Smoothed Val: 0.6093 70.17% | G0:0.000099 G1:0.000989
Epoch [ 9/50] Train Loss: 0.9558 Acc: 53.69% | Val Loss: 0.8951 Acc: 57.82% | Smoothed Val: 0.7376 63.75% | G0:0.000098 G1:0.000981
Epoch [10/50] Train Loss: 0.9404 Acc: 53.41% | Val Loss: 0.8599 Acc: 58.71% | Smoothed Val: 0.8783 56.62% | G0:0.000097 G1:0.000970
Epoch [11/50] Train Loss: 0.8304 Acc: 59.51% | Val Loss: 0.7876 Acc: 63.13% | Smoothed Val: 0.8568 58.07% | G0:0.000096 G1:0.000957
Epoch [12/50] Train Loss: 0.8380 Acc: 58.09% | Val Loss: 0.7973 Acc: 60.88% | Smoothed Val: 0.8441 59.16% | G0:0.000094 G1:0.000942
Epoch [13/50] Train Loss: 0.8181 Acc: 60.03% | Val Loss: 0.7696 Acc: 64.10% | Smoothed Val: 0.8219 60.93% | G0:0.000092 G1:0.000924
Epoch [14/50] Train Loss: 0.8296 Acc: 60.54% | Val Loss: 0.8162 Acc: 48.62% | Smoothed Val: 0.8061 59.09% | G0:0.000091 G1:0.000905
Epoch [15/50] Train Loss: 0.8427 Acc: 59.08% | Val Loss: 0.7900 Acc: 61.26% | Smoothed Val: 0.7921 59.60% | G0:0.000088 G1:0.000883
Epoch [16/50] Train Loss: 0.8461 Acc: 58.26% | Val Loss: 0.7946 Acc: 61.48% | Smoothed Val: 0.7935 59.27% | G0:0.000086 G1:0.000860
Epoch [17/50] Train Loss: 0.8408 Acc: 58.80% | Val Loss: 0.7883 Acc: 61.63% | Smoothed Val: 0.7917 59.42% | G0:0.000084 G1:0.000835
Epoch [18/50] Train Loss: 0.8423 Acc: 58.74% | Val Loss: 0.7915 Acc: 61.56% | Smoothed Val: 0.7961 58.91% | G0:0.000081 G1:0.000808
Epoch [19/50] Train Loss: 0.8565 Acc: 58.20% | Val Loss: 0.8369 Acc: 48.99% | Smoothed Val: 0.8003 58.98% | G0:0.000078 G1:0.000780
Epoch [20/50] Train Loss: 0.8453 Acc: 58.56% | Val Loss: 0.8257 Acc: 58.49% | Smoothed Val: 0.8074 58.43% | G0:0.000075 G1:0.000750
Epoch [21/50] Train Loss: 0.8275 Acc: 59.44% | Val Loss: 0.7896 Acc: 61.71% | Smoothed Val: 0.8064 58.47% | G0:0.000072 G1:0.000719
Epoch [22/50] Train Loss: 0.8221 Acc: 60.09% | Val Loss: 0.8414 Acc: 66.12% | Smoothed Val: 0.8170 59.37% | G0:0.000069 G1:0.000688
Epoch [23/50] Train Loss: 0.8652 Acc: 56.85% | Val Loss: 0.8181 Acc: 58.64% | Smoothed Val: 0.8223 58.79% | G0:0.000066 G1:0.000655
Epoch [24/50] Train Loss: 0.8479 Acc: 57.15% | Val Loss: 0.8063 Acc: 59.01% | Smoothed Val: 0.8162 60.79% | G0:0.000062 G1:0.000621
Epoch [25/50] Train Loss: 0.8447 Acc: 57.79% | Val Loss: 0.8152 Acc: 59.01% | Smoothed Val: 0.8141 60.90% | G0:0.000059 G1:0.000587
Epoch [26/50] Train Loss: 0.8322 Acc: 58.99% | Val Loss: 0.8063 Acc: 64.47% | Smoothed Val: 0.8175 61.45% | G0:0.000056 G1:0.000553
Epoch [27/50] Train Loss: 0.7974 Acc: 60.20% | Val Loss: 0.7301 Acc: 63.58% | Smoothed Val: 0.7952 60.94% | G0:0.000052 G1:0.000518
Epoch [28/50] Train Loss: 0.7224 Acc: 67.38% | Val Loss: 0.6181 Acc: 69.26% | Smoothed Val: 0.7552 63.07% | G0:0.000049 G1:0.000483
Epoch [29/50] Train Loss: 0.6812 Acc: 69.67% | Val Loss: 1.1875 Acc: 61.93% | Smoothed Val: 0.8315 63.65% | G0:0.000045 G1:0.000448
Epoch [30/50] Train Loss: 0.8098 Acc: 59.58% | Val Loss: 0.7516 Acc: 63.35% | Smoothed Val: 0.8187 64.52% | G0:0.000042 G1:0.000414
Epoch [31/50] Train Loss: 0.7916 Acc: 61.83% | Val Loss: 0.7474 Acc: 63.28% | Smoothed Val: 0.8069 64.28% | G0:0.000039 G1:0.000380
Epoch [32/50] Train Loss: 0.7791 Acc: 62.03% | Val Loss: 0.7484 Acc: 63.13% | Smoothed Val: 0.8106 64.19% | G0:0.000035 G1:0.000346
Epoch [33/50] Train Loss: 0.7784 Acc: 62.80% | Val Loss: 0.7448 Acc: 63.58% | Smoothed Val: 0.8359 63.05% | G0:0.000032 G1:0.000313
Epoch [34/50] Train Loss: 0.7762 Acc: 63.34% | Val Loss: 0.7398 Acc: 63.65% | Smoothed Val: 0.7464 63.40% | G0:0.000029 G1:0.000282
Epoch [35/50] Train Loss: 0.7657 Acc: 64.11% | Val Loss: 0.7006 Acc: 65.37% | Smoothed Val: 0.7362 63.80% | G0:0.000026 G1:0.000251
Epoch [36/50] Train Loss: 0.7299 Acc: 67.44% | Val Loss: 0.6353 Acc: 75.17% | Smoothed Val: 0.7138 66.18% | G0:0.000023 G1:0.000221
Epoch [37/50] Train Loss: 0.6487 Acc: 72.04% | Val Loss: 0.5606 Acc: 73.97% | Smoothed Val: 0.6762 68.35% | G0:0.000020 G1:0.000193
Epoch [38/50] Train Loss: 0.5512 Acc: 76.15% | Val Loss: 0.4725 Acc: 80.03% | Smoothed Val: 0.6217 71.64% | G0:0.000017 G1:0.000166
Epoch [39/50] Train Loss: 0.5181 Acc: 77.74% | Val Loss: 0.4330 Acc: 81.08% | Smoothed Val: 0.5604 75.12% | G0:0.000015 G1:0.000141
Epoch [40/50] Train Loss: 0.5106 Acc: 78.29% | Val Loss: 0.4394 Acc: 80.40% | Smoothed Val: 0.5081 78.13% | G0:0.000013 G1:0.000118
Epoch [41/50] Train Loss: 0.4504 Acc: 80.70% | Val Loss: 0.4134 Acc: 81.23% | Smoothed Val: 0.4638 79.34% | G0:0.000010 G1:0.000096
Epoch [42/50] Train Loss: 0.4432 Acc: 81.45% | Val Loss: 0.4267 Acc: 79.96% | Smoothed Val: 0.4370 80.54% | G0:0.000009 G1:0.000077
Epoch [43/50] Train Loss: 0.4138 Acc: 81.99% | Val Loss: 0.3709 Acc: 84.14% | Smoothed Val: 0.4167 81.36% | G0:0.000007 G1:0.000059
Epoch [44/50] Train Loss: 0.4121 Acc: 82.06% | Val Loss: 0.3699 Acc: 83.77% | Smoothed Val: 0.4040 81.90% | G0:0.000005 G1:0.000044
Epoch [45/50] Train Loss: 0.4041 Acc: 81.75% | Val Loss: 0.4070 Acc: 81.15% | Smoothed Val: 0.3976 82.05% | G0:0.000004 G1:0.000031
Epoch [46/50] Train Loss: 0.3902 Acc: 82.74% | Val Loss: 0.3763 Acc: 83.62% | Smoothed Val: 0.3902 82.53% | G0:0.000003 G1:0.000020
Epoch [47/50] Train Loss: 0.3958 Acc: 81.86% | Val Loss: 0.3811 Acc: 82.57% | Smoothed Val: 0.3810 83.05% | G0:0.000002 G1:0.000012
Epoch [48/50] Train Loss: 0.3898 Acc: 82.63% | Val Loss: 0.3722 Acc: 83.62% | Smoothed Val: 0.3813 82.95% | G0:0.000001 G1:0.000006
Epoch [49/50] Train Loss: 0.3898 Acc: 82.74% | Val Loss: 0.3710 Acc: 83.62% | Smoothed Val: 0.3815 82.92% | G0:0.000001 G1:0.000002
Epoch [50/50] Train Loss: 0.3904 Acc: 82.48% | Val Loss: 0.3753 Acc: 83.17% | Smoothed Val: 0.3752 83.32% | G0:0.000001 G1:0.000001
------------------------------------------------------------
✅ 训练完成! 最佳验证准确率: 90.16% | 耗时: 314.9秒

============================================================
🔍 加载最佳模型进行详细评估...
============================================================
[加载] 模型: experiment/model/best_model_multimodal.pth

[调试] 验证集大小: 1337
[调试] 预测数量: 1337
[调试] 标签分布: [511 514 312]

============================================================
📊 详细评估报告
============================================================

📋 分类报告:
              precision    recall  f1-score   support

       一般(0)     0.9490    0.9824    0.9654       511
       正常(1)     0.9453    0.9086    0.9266       514
       良好(2)     0.9331    0.9391    0.9361       312

    accuracy                         0.9439      1337
   macro avg     0.9425    0.9434    0.9427      1337
weighted avg     0.9439    0.9439    0.9436      1337


📊 混淆矩阵:
[[502   9   0]
 [ 26 467  21]
 [  1  18 293]]

📈 每类详细指标:
  一般(0):
    Precision: 0.9490
    Recall:    0.9824
    F1-Score:  0.9654
    Support:   511
  正常(1):
    Precision: 0.9453
    Recall:    0.9086
    F1-Score:  0.9266
    Support:   514
  良好(2):
    Precision: 0.9331
    Recall:    0.9391
    F1-Score:  0.9361
    Support:   312

📊 总体指标:
  Accuracy:         0.9439
  Macro Precision:  0.9425
  Macro Recall:     0.9434
  Macro F1-Score:   0.9427
  Weighted F1-Score:0.9436

📈 混淆矩阵已保存: experiment/test/result/confusion_matrix_multimodal.png
[Recorder] 结果已保存到: experiment/results/experiments_log.csv
[Recorder] 混淆矩阵已保存: experiment/results/train_multimodal/r1/figures/confusion_matrix.png
[Recorder] 训练曲线已保存: experiment/results/train_multimodal/r1/figures/training_curves.png

[Recorder] 实验结果已保存到: experiment/results/train_multimodal/r1
==================================================
Experiment: train_multimodal / r1
Seed: 42
==================================================
Model: multimodal
Fusion: cross_attention
LR: 0.001, Batch: 32

Best Val: Epoch 5
  Loss: 0.1565
  Acc:  94.39%
  F1:   0.9016

Test Results:
  Acc: 94.39%
  F1:  0.9427
  Time: 5.2 min
📝 实验日志已保存: experiment/model/log.txt

📈 生成训练曲线...
📈 训练曲线已保存: experiment/test/result/test_result_multimodal.png
