开始5-Fold交叉验证（逐个fold运行）
每个fold独立运行，避免内存累积
============================================================

========================================
开始 Fold 1/5
开始时间: 2026-03-25 20:24:46
========================================
Fold 1 完成 ✓
清理缓存...
experiment/model/run_fold_by_fold.sh: 行 50: /proc/sys/vm/drop_caches: 权限不够
Fold 1 完成时间: 2026-03-25 20:26:59

========================================
开始 Fold 2/5
开始时间: 2026-03-25 20:26:59
========================================
Fold 2 完成 ✓
清理缓存...
experiment/model/run_fold_by_fold.sh: 行 50: /proc/sys/vm/drop_caches: 权限不够
Fold 2 完成时间: 2026-03-25 20:29:12

========================================
开始 Fold 3/5
开始时间: 2026-03-25 20:29:12
========================================
Fold 3 完成 ✓
清理缓存...
experiment/model/run_fold_by_fold.sh: 行 50: /proc/sys/vm/drop_caches: 权限不够
Fold 3 完成时间: 2026-03-25 20:31:24

========================================
开始 Fold 4/5
开始时间: 2026-03-25 20:31:24
========================================
Fold 4 完成 ✓
清理缓存...
experiment/model/run_fold_by_fold.sh: 行 50: /proc/sys/vm/drop_caches: 权限不够
Fold 4 完成时间: 2026-03-25 20:33:36

========================================
开始 Fold 5/5
开始时间: 2026-03-25 20:33:36
========================================
Fold 5 完成 ✓
清理缓存...
experiment/model/run_fold_by_fold.sh: 行 50: /proc/sys/vm/drop_caches: 权限不够
Fold 5 完成时间: 2026-03-25 20:35:49

============================================================
所有Fold训练完成！
完成时间: 2026-03-25 20:35:49
============================================================

最终结果:
{
  "model_type": "baseline_c",
  "task_type": "regression",
  "n_folds": 5,
  "num_epochs": 15,
  "random_seed": 42,
  "fold_results": [
    {
      "fold": 1,
      "best_mae": 0.06364651769399643,
      "best_epoch": 4,
      "training_time": 126.85203146934509
    },
    {
      "fold": 2,
      "best_mae": 0.06903193145990372,
      "best_epoch": 3,
      "training_time": 126.97145748138428
    },
    {
      "fold": 3,
      "best_mae": 0.06450976431369781,
      "best_epoch": 4,
      "training_time": 126.89213371276855
    },
    {
      "fold": 4,
      "best_mae": 0.07022789120674133,
      "best_epoch": 4,
      "training_time": 126.86638903617859
    },
    {
      "fold": 5,
      "best_mae": 0.06350541114807129,
      "best_epoch": 4,
      "training_time": 126.94538164138794
    }
  ],
  "mean_mae": 0.06618430316448212,
  "std_mae": 0.0028593876637130334,
  "total_time": 634.5273933410645,
  "timestamp": "2026-03-25 20:35:46"
}