开始5-Fold交叉验证（逐个fold运行）
每个fold独立运行，避免内存累积
============================================================

========================================
开始 Fold 1/5
开始时间: 2026-03-25 20:24:46
========================================
[*] 使用设备: cuda
[*] 加载数据集: 9406 样本

📦 Fold 1/5
  训练集: 7524 样本
  验证集: 1882 样本
[*] 开始训练，共 5 个epoch
[*] 训练集batch数: 471
[*] 验证集batch数: 118

  -> Epoch 1/5 开始
    Batch 10/471, Loss: 0.1620
    Batch 20/471, Loss: 0.0905
    Batch 30/471, Loss: 0.0773
    Batch 40/471, Loss: 0.1173
    Batch 50/471, Loss: 0.0815
    Batch 60/471, Loss: 0.0487
    Batch 70/471, Loss: 0.0656
    Batch 80/471, Loss: 0.0627
    Batch 90/471, Loss: 0.0622
    Batch 100/471, Loss: 0.0347
    Batch 110/471, Loss: 0.0321
    Batch 120/471, Loss: 0.0175
    Batch 130/471, Loss: 0.0341
    Batch 140/471, Loss: 0.0438
    Batch 150/471, Loss: 0.0242
    Batch 160/471, Loss: 0.0263
    Batch 170/471, Loss: 0.0482
    Batch 180/471, Loss: 0.0389
    Batch 190/471, Loss: 0.0092
    Batch 200/471, Loss: 0.0203
    Batch 210/471, Loss: 0.0266
    Batch 220/471, Loss: 0.0374
    Batch 230/471, Loss: 0.0286
    Batch 240/471, Loss: 0.0204
    Batch 250/471, Loss: 0.0233
    Batch 260/471, Loss: 0.0255
    Batch 270/471, Loss: 0.0222
    Batch 280/471, Loss: 0.0287
    Batch 290/471, Loss: 0.0251
    Batch 300/471, Loss: 0.0356
    Batch 310/471, Loss: 0.0304
    Batch 320/471, Loss: 0.0319
    Batch 330/471, Loss: 0.0250
    Batch 340/471, Loss: 0.0195
    Batch 350/471, Loss: 0.0280
    Batch 360/471, Loss: 0.0249
    Batch 370/471, Loss: 0.0213
    Batch 380/471, Loss: 0.0199
    Batch 390/471, Loss: 0.0131
    Batch 400/471, Loss: 0.0145
    Batch 410/471, Loss: 0.0180
    Batch 420/471, Loss: 0.0094
    Batch 430/471, Loss: 0.0186
    Batch 440/471, Loss: 0.0226
    Batch 450/471, Loss: 0.0155
    Batch 460/471, Loss: 0.0202
    Batch 470/471, Loss: 0.0229
    Batch 471/471, Loss: 0.0162
  -> Epoch 1 训练完成, 平均Loss: 0.0480
  Epoch 1/5, MAE: 0.0758, Best: 0.0758 (Epoch 0)

  -> Epoch 2/5 开始
    Batch 10/471, Loss: 0.0175
    Batch 20/471, Loss: 0.0114
    Batch 30/471, Loss: 0.0246
    Batch 40/471, Loss: 0.0212
    Batch 50/471, Loss: 0.0138
    Batch 60/471, Loss: 0.0193
    Batch 70/471, Loss: 0.0127
    Batch 80/471, Loss: 0.0155
    Batch 90/471, Loss: 0.0112
    Batch 100/471, Loss: 0.0201
    Batch 110/471, Loss: 0.0166
    Batch 120/471, Loss: 0.0082
    Batch 130/471, Loss: 0.0127
    Batch 140/471, Loss: 0.0157
    Batch 150/471, Loss: 0.0145
    Batch 160/471, Loss: 0.0140
    Batch 170/471, Loss: 0.0118
    Batch 180/471, Loss: 0.0182
    Batch 190/471, Loss: 0.0193
    Batch 200/471, Loss: 0.0152
    Batch 210/471, Loss: 0.0108
    Batch 220/471, Loss: 0.0108
    Batch 230/471, Loss: 0.0142
    Batch 240/471, Loss: 0.0114
    Batch 250/471, Loss: 0.0292
    Batch 260/471, Loss: 0.0162
    Batch 270/471, Loss: 0.0099
    Batch 280/471, Loss: 0.0142
    Batch 290/471, Loss: 0.0165
    Batch 300/471, Loss: 0.0064
    Batch 310/471, Loss: 0.0148
    Batch 320/471, Loss: 0.0180
    Batch 330/471, Loss: 0.0108
    Batch 340/471, Loss: 0.0121
    Batch 350/471, Loss: 0.0143
    Batch 360/471, Loss: 0.0204
    Batch 370/471, Loss: 0.0125
    Batch 380/471, Loss: 0.0200
    Batch 390/471, Loss: 0.0105
    Batch 400/471, Loss: 0.0152
    Batch 410/471, Loss: 0.0075
    Batch 420/471, Loss: 0.0087
    Batch 430/471, Loss: 0.0137
    Batch 440/471, Loss: 0.0123
    Batch 450/471, Loss: 0.0099
    Batch 460/471, Loss: 0.0098
    Batch 470/471, Loss: 0.0147
    Batch 471/471, Loss: 0.0036
  -> Epoch 2 训练完成, 平均Loss: 0.0147
  Epoch 2/5, MAE: 0.0713, Best: 0.0713 (Epoch 1)

  -> Epoch 3/5 开始
    Batch 10/471, Loss: 0.0109
    Batch 20/471, Loss: 0.0156
    Batch 30/471, Loss: 0.0139
    Batch 40/471, Loss: 0.0072
    Batch 50/471, Loss: 0.0092
    Batch 60/471, Loss: 0.0107
    Batch 70/471, Loss: 0.0151
    Batch 80/471, Loss: 0.0266
    Batch 90/471, Loss: 0.0243
    Batch 100/471, Loss: 0.0178
    Batch 110/471, Loss: 0.0117
    Batch 120/471, Loss: 0.0202
    Batch 130/471, Loss: 0.0111
    Batch 140/471, Loss: 0.0247
    Batch 150/471, Loss: 0.0116
    Batch 160/471, Loss: 0.0088
    Batch 170/471, Loss: 0.0098
    Batch 180/471, Loss: 0.0102
    Batch 190/471, Loss: 0.0116
    Batch 200/471, Loss: 0.0108
    Batch 210/471, Loss: 0.0082
    Batch 220/471, Loss: 0.0116
    Batch 230/471, Loss: 0.0072
    Batch 240/471, Loss: 0.0131
    Batch 250/471, Loss: 0.0081
    Batch 260/471, Loss: 0.0115
    Batch 270/471, Loss: 0.0114
    Batch 280/471, Loss: 0.0167
    Batch 290/471, Loss: 0.0164
    Batch 300/471, Loss: 0.0076
    Batch 310/471, Loss: 0.0147
    Batch 320/471, Loss: 0.0078
    Batch 330/471, Loss: 0.0143
    Batch 340/471, Loss: 0.0080
    Batch 350/471, Loss: 0.0186
    Batch 360/471, Loss: 0.0048
    Batch 370/471, Loss: 0.0183
    Batch 380/471, Loss: 0.0162
    Batch 390/471, Loss: 0.0066
    Batch 400/471, Loss: 0.0130
    Batch 410/471, Loss: 0.0123
    Batch 420/471, Loss: 0.0079
    Batch 430/471, Loss: 0.0054
    Batch 440/471, Loss: 0.0120
    Batch 450/471, Loss: 0.0043
    Batch 460/471, Loss: 0.0154
    Batch 470/471, Loss: 0.0074
    Batch 471/471, Loss: 0.0234
  -> Epoch 3 训练完成, 平均Loss: 0.0119
  Epoch 3/5, MAE: 0.0697, Best: 0.0697 (Epoch 2)

  -> Epoch 4/5 开始
    Batch 10/471, Loss: 0.0125
    Batch 20/471, Loss: 0.0125
    Batch 30/471, Loss: 0.0072
    Batch 40/471, Loss: 0.0129
    Batch 50/471, Loss: 0.0198
    Batch 60/471, Loss: 0.0160
    Batch 70/471, Loss: 0.0074
    Batch 80/471, Loss: 0.0050
    Batch 90/471, Loss: 0.0073
    Batch 100/471, Loss: 0.0084
    Batch 110/471, Loss: 0.0133
    Batch 120/471, Loss: 0.0083
    Batch 130/471, Loss: 0.0119
    Batch 140/471, Loss: 0.0072
    Batch 150/471, Loss: 0.0194
    Batch 160/471, Loss: 0.0129
    Batch 170/471, Loss: 0.0099
    Batch 180/471, Loss: 0.0055
    Batch 190/471, Loss: 0.0096
    Batch 200/471, Loss: 0.0071
    Batch 210/471, Loss: 0.0133
    Batch 220/471, Loss: 0.0102
    Batch 230/471, Loss: 0.0099
    Batch 240/471, Loss: 0.0121
    Batch 250/471, Loss: 0.0134
    Batch 260/471, Loss: 0.0061
    Batch 270/471, Loss: 0.0072
    Batch 280/471, Loss: 0.0142
    Batch 290/471, Loss: 0.0114
    Batch 300/471, Loss: 0.0150
    Batch 310/471, Loss: 0.0131
    Batch 320/471, Loss: 0.0120
    Batch 330/471, Loss: 0.0168
    Batch 340/471, Loss: 0.0090
    Batch 350/471, Loss: 0.0090
    Batch 360/471, Loss: 0.0078
    Batch 370/471, Loss: 0.0090
    Batch 380/471, Loss: 0.0127
    Batch 390/471, Loss: 0.0127
    Batch 400/471, Loss: 0.0097
    Batch 410/471, Loss: 0.0089
    Batch 420/471, Loss: 0.0103
    Batch 430/471, Loss: 0.0075
    Batch 440/471, Loss: 0.0140
    Batch 450/471, Loss: 0.0107
    Batch 460/471, Loss: 0.0065
    Batch 470/471, Loss: 0.0053
    Batch 471/471, Loss: 0.0006
  -> Epoch 4 训练完成, 平均Loss: 0.0105
  Epoch 4/5, MAE: 0.0703, Best: 0.0697 (Epoch 2)

  -> Epoch 5/5 开始
    Batch 10/471, Loss: 0.0148
    Batch 20/471, Loss: 0.0074
    Batch 30/471, Loss: 0.0039
    Batch 40/471, Loss: 0.0031
    Batch 50/471, Loss: 0.0077
    Batch 60/471, Loss: 0.0147
    Batch 70/471, Loss: 0.0094
    Batch 80/471, Loss: 0.0112
    Batch 90/471, Loss: 0.0128
    Batch 100/471, Loss: 0.0071
    Batch 110/471, Loss: 0.0111
    Batch 120/471, Loss: 0.0119
    Batch 130/471, Loss: 0.0123
    Batch 140/471, Loss: 0.0073
    Batch 150/471, Loss: 0.0064
    Batch 160/471, Loss: 0.0138
    Batch 170/471, Loss: 0.0103
    Batch 180/471, Loss: 0.0085
    Batch 190/471, Loss: 0.0088
    Batch 200/471, Loss: 0.0046
    Batch 210/471, Loss: 0.0104
    Batch 220/471, Loss: 0.0074
    Batch 230/471, Loss: 0.0055
    Batch 240/471, Loss: 0.0171
    Batch 250/471, Loss: 0.0063
    Batch 260/471, Loss: 0.0159
    Batch 270/471, Loss: 0.0105
    Batch 280/471, Loss: 0.0110
    Batch 290/471, Loss: 0.0180
    Batch 300/471, Loss: 0.0071
    Batch 310/471, Loss: 0.0105
    Batch 320/471, Loss: 0.0076
    Batch 330/471, Loss: 0.0102
    Batch 340/471, Loss: 0.0090
    Batch 350/471, Loss: 0.0160
    Batch 360/471, Loss: 0.0189
    Batch 370/471, Loss: 0.0087
    Batch 380/471, Loss: 0.0063
    Batch 390/471, Loss: 0.0112
    Batch 400/471, Loss: 0.0085
    Batch 410/471, Loss: 0.0054
    Batch 420/471, Loss: 0.0129
    Batch 430/471, Loss: 0.0067
    Batch 440/471, Loss: 0.0114
    Batch 450/471, Loss: 0.0054
    Batch 460/471, Loss: 0.0102
    Batch 470/471, Loss: 0.0119
    Batch 471/471, Loss: 0.0095
  -> Epoch 5 训练完成, 平均Loss: 0.0095
  Epoch 5/5, MAE: 0.0636, Best: 0.0636 (Epoch 4)

✓ Fold 1 完成
  最佳 MAE: 0.0636 (Epoch 4)
  训练时间: 126.9秒
Fold 1 完成 ✓
清理缓存...
Fold 1 完成时间: 2026-03-25 20:26:59

========================================
开始 Fold 2/5
开始时间: 2026-03-25 20:26:59
========================================
[*] 使用设备: cuda
[*] 加载数据集: 9406 样本

📦 Fold 2/5
  训练集: 7525 样本
  验证集: 1881 样本
[*] 开始训练，共 5 个epoch
[*] 训练集batch数: 471
[*] 验证集batch数: 118

  -> Epoch 1/5 开始
    Batch 10/471, Loss: 0.1480
    Batch 20/471, Loss: 0.1029
    Batch 30/471, Loss: 0.1113
    Batch 40/471, Loss: 0.0713
    Batch 50/471, Loss: 0.0558
    Batch 60/471, Loss: 0.0811
    Batch 70/471, Loss: 0.0596
    Batch 80/471, Loss: 0.0497
    Batch 90/471, Loss: 0.0356
    Batch 100/471, Loss: 0.0734
    Batch 110/471, Loss: 0.0479
    Batch 120/471, Loss: 0.0194
    Batch 130/471, Loss: 0.0559
    Batch 140/471, Loss: 0.0516
    Batch 150/471, Loss: 0.0201
    Batch 160/471, Loss: 0.0131
    Batch 170/471, Loss: 0.0486
    Batch 180/471, Loss: 0.0426
    Batch 190/471, Loss: 0.0242
    Batch 200/471, Loss: 0.0246
    Batch 210/471, Loss: 0.0293
    Batch 220/471, Loss: 0.0171
    Batch 230/471, Loss: 0.0206
    Batch 240/471, Loss: 0.0219
    Batch 250/471, Loss: 0.0287
    Batch 260/471, Loss: 0.0243
    Batch 270/471, Loss: 0.0329
    Batch 280/471, Loss: 0.0259
    Batch 290/471, Loss: 0.0234
    Batch 300/471, Loss: 0.0297
    Batch 310/471, Loss: 0.0205
    Batch 320/471, Loss: 0.0241
    Batch 330/471, Loss: 0.0142
    Batch 340/471, Loss: 0.0233
    Batch 350/471, Loss: 0.0181
    Batch 360/471, Loss: 0.0185
    Batch 370/471, Loss: 0.0161
    Batch 380/471, Loss: 0.0197
    Batch 390/471, Loss: 0.0202
    Batch 400/471, Loss: 0.0194
    Batch 410/471, Loss: 0.0181
    Batch 420/471, Loss: 0.0301
    Batch 430/471, Loss: 0.0173
    Batch 440/471, Loss: 0.0141
    Batch 450/471, Loss: 0.0165
    Batch 460/471, Loss: 0.0096
    Batch 470/471, Loss: 0.0182
    Batch 471/471, Loss: 0.0160
  -> Epoch 1 训练完成, 平均Loss: 0.0508
  Epoch 1/5, MAE: 0.0791, Best: 0.0791 (Epoch 0)

  -> Epoch 2/5 开始
    Batch 10/471, Loss: 0.0152
    Batch 20/471, Loss: 0.0100
    Batch 30/471, Loss: 0.0171
    Batch 40/471, Loss: 0.0255
    Batch 50/471, Loss: 0.0149
    Batch 60/471, Loss: 0.0346
    Batch 70/471, Loss: 0.0155
    Batch 80/471, Loss: 0.0119
    Batch 90/471, Loss: 0.0152
    Batch 100/471, Loss: 0.0193
    Batch 110/471, Loss: 0.0127
    Batch 120/471, Loss: 0.0104
    Batch 130/471, Loss: 0.0199
    Batch 140/471, Loss: 0.0256
    Batch 150/471, Loss: 0.0180
    Batch 160/471, Loss: 0.0102
    Batch 170/471, Loss: 0.0175
    Batch 180/471, Loss: 0.0132
    Batch 190/471, Loss: 0.0179
    Batch 200/471, Loss: 0.0104
    Batch 210/471, Loss: 0.0121
    Batch 220/471, Loss: 0.0062
    Batch 230/471, Loss: 0.0072
    Batch 240/471, Loss: 0.0167
    Batch 250/471, Loss: 0.0139
    Batch 260/471, Loss: 0.0221
    Batch 270/471, Loss: 0.0090
    Batch 280/471, Loss: 0.0147
    Batch 290/471, Loss: 0.0170
    Batch 300/471, Loss: 0.0166
    Batch 310/471, Loss: 0.0084
    Batch 320/471, Loss: 0.0095
    Batch 330/471, Loss: 0.0125
    Batch 340/471, Loss: 0.0168
    Batch 350/471, Loss: 0.0140
    Batch 360/471, Loss: 0.0232
    Batch 370/471, Loss: 0.0094
    Batch 380/471, Loss: 0.0131
    Batch 390/471, Loss: 0.0186
    Batch 400/471, Loss: 0.0184
    Batch 410/471, Loss: 0.0118
    Batch 420/471, Loss: 0.0113
    Batch 430/471, Loss: 0.0091
    Batch 440/471, Loss: 0.0197
    Batch 450/471, Loss: 0.0116
    Batch 460/471, Loss: 0.0158
    Batch 470/471, Loss: 0.0121
    Batch 471/471, Loss: 0.0152
  -> Epoch 2 训练完成, 平均Loss: 0.0154
  Epoch 2/5, MAE: 0.0771, Best: 0.0771 (Epoch 1)

  -> Epoch 3/5 开始
    Batch 10/471, Loss: 0.0146
    Batch 20/471, Loss: 0.0074
    Batch 30/471, Loss: 0.0058
    Batch 40/471, Loss: 0.0092
    Batch 50/471, Loss: 0.0112
    Batch 60/471, Loss: 0.0161
    Batch 70/471, Loss: 0.0045
    Batch 80/471, Loss: 0.0082
    Batch 90/471, Loss: 0.0083
    Batch 100/471, Loss: 0.0102
    Batch 110/471, Loss: 0.0125
    Batch 120/471, Loss: 0.0106
    Batch 130/471, Loss: 0.0112
    Batch 140/471, Loss: 0.0060
    Batch 150/471, Loss: 0.0157
    Batch 160/471, Loss: 0.0085
    Batch 170/471, Loss: 0.0137
    Batch 180/471, Loss: 0.0060
    Batch 190/471, Loss: 0.0117
    Batch 200/471, Loss: 0.0196
    Batch 210/471, Loss: 0.0112
    Batch 220/471, Loss: 0.0110
    Batch 230/471, Loss: 0.0086
    Batch 240/471, Loss: 0.0135
    Batch 250/471, Loss: 0.0099
    Batch 260/471, Loss: 0.0217
    Batch 270/471, Loss: 0.0165
    Batch 280/471, Loss: 0.0094
    Batch 290/471, Loss: 0.0141
    Batch 300/471, Loss: 0.0164
    Batch 310/471, Loss: 0.0076
    Batch 320/471, Loss: 0.0142
    Batch 330/471, Loss: 0.0104
    Batch 340/471, Loss: 0.0107
    Batch 350/471, Loss: 0.0088
    Batch 360/471, Loss: 0.0132
    Batch 370/471, Loss: 0.0061
    Batch 380/471, Loss: 0.0083
    Batch 390/471, Loss: 0.0150
    Batch 400/471, Loss: 0.0103
    Batch 410/471, Loss: 0.0139
    Batch 420/471, Loss: 0.0095
    Batch 430/471, Loss: 0.0141
    Batch 440/471, Loss: 0.0097
    Batch 450/471, Loss: 0.0053
    Batch 460/471, Loss: 0.0076
    Batch 470/471, Loss: 0.0123
    Batch 471/471, Loss: 0.0031
  -> Epoch 3 训练完成, 平均Loss: 0.0124
  Epoch 3/5, MAE: 0.0698, Best: 0.0698 (Epoch 2)

  -> Epoch 4/5 开始
    Batch 10/471, Loss: 0.0120
    Batch 20/471, Loss: 0.0121
    Batch 30/471, Loss: 0.0125
    Batch 40/471, Loss: 0.0083
    Batch 50/471, Loss: 0.0082
    Batch 60/471, Loss: 0.0161
    Batch 70/471, Loss: 0.0090
    Batch 80/471, Loss: 0.0077
    Batch 90/471, Loss: 0.0078
    Batch 100/471, Loss: 0.0104
    Batch 110/471, Loss: 0.0078
    Batch 120/471, Loss: 0.0036
    Batch 130/471, Loss: 0.0119
    Batch 140/471, Loss: 0.0111
    Batch 150/471, Loss: 0.0156
    Batch 160/471, Loss: 0.0106
    Batch 170/471, Loss: 0.0101
    Batch 180/471, Loss: 0.0115
    Batch 190/471, Loss: 0.0072
    Batch 200/471, Loss: 0.0205
    Batch 210/471, Loss: 0.0113
    Batch 220/471, Loss: 0.0067
    Batch 230/471, Loss: 0.0045
    Batch 240/471, Loss: 0.0097
    Batch 250/471, Loss: 0.0080
    Batch 260/471, Loss: 0.0098
    Batch 270/471, Loss: 0.0126
    Batch 280/471, Loss: 0.0106
    Batch 290/471, Loss: 0.0088
    Batch 300/471, Loss: 0.0069
    Batch 310/471, Loss: 0.0058
    Batch 320/471, Loss: 0.0083
    Batch 330/471, Loss: 0.0080
    Batch 340/471, Loss: 0.0113
    Batch 350/471, Loss: 0.0070
    Batch 360/471, Loss: 0.0100
    Batch 370/471, Loss: 0.0109
    Batch 380/471, Loss: 0.0124
    Batch 390/471, Loss: 0.0068
    Batch 400/471, Loss: 0.0136
    Batch 410/471, Loss: 0.0049
    Batch 420/471, Loss: 0.0029
    Batch 430/471, Loss: 0.0098
    Batch 440/471, Loss: 0.0079
    Batch 450/471, Loss: 0.0147
    Batch 460/471, Loss: 0.0131
    Batch 470/471, Loss: 0.0156
    Batch 471/471, Loss: 0.0109
  -> Epoch 4 训练完成, 平均Loss: 0.0106
  Epoch 4/5, MAE: 0.0690, Best: 0.0690 (Epoch 3)

  -> Epoch 5/5 开始
    Batch 10/471, Loss: 0.0064
    Batch 20/471, Loss: 0.0056
    Batch 30/471, Loss: 0.0101
    Batch 40/471, Loss: 0.0105
    Batch 50/471, Loss: 0.0084
    Batch 60/471, Loss: 0.0109
    Batch 70/471, Loss: 0.0110
    Batch 80/471, Loss: 0.0146
    Batch 90/471, Loss: 0.0052
    Batch 100/471, Loss: 0.0072
    Batch 110/471, Loss: 0.0163
    Batch 120/471, Loss: 0.0113
    Batch 130/471, Loss: 0.0101
    Batch 140/471, Loss: 0.0082
    Batch 150/471, Loss: 0.0105
    Batch 160/471, Loss: 0.0070
    Batch 170/471, Loss: 0.0084
    Batch 180/471, Loss: 0.0093
    Batch 190/471, Loss: 0.0095
    Batch 200/471, Loss: 0.0098
    Batch 210/471, Loss: 0.0119
    Batch 220/471, Loss: 0.0110
    Batch 230/471, Loss: 0.0043
    Batch 240/471, Loss: 0.0073
    Batch 250/471, Loss: 0.0119
    Batch 260/471, Loss: 0.0208
    Batch 270/471, Loss: 0.0198
    Batch 280/471, Loss: 0.0053
    Batch 290/471, Loss: 0.0031
    Batch 300/471, Loss: 0.0164
    Batch 310/471, Loss: 0.0056
    Batch 320/471, Loss: 0.0063
    Batch 330/471, Loss: 0.0054
    Batch 340/471, Loss: 0.0102
    Batch 350/471, Loss: 0.0047
    Batch 360/471, Loss: 0.0146
    Batch 370/471, Loss: 0.0064
    Batch 380/471, Loss: 0.0123
    Batch 390/471, Loss: 0.0050
    Batch 400/471, Loss: 0.0106
    Batch 410/471, Loss: 0.0156
    Batch 420/471, Loss: 0.0089
    Batch 430/471, Loss: 0.0102
    Batch 440/471, Loss: 0.0109
    Batch 450/471, Loss: 0.0048
    Batch 460/471, Loss: 0.0174
    Batch 470/471, Loss: 0.0123
    Batch 471/471, Loss: 0.0030
  -> Epoch 5 训练完成, 平均Loss: 0.0098
  Epoch 5/5, MAE: 0.0692, Best: 0.0690 (Epoch 3)

✓ Fold 2 完成
  最佳 MAE: 0.0690 (Epoch 3)
  训练时间: 127.0秒
Fold 2 完成 ✓
清理缓存...
Fold 2 完成时间: 2026-03-25 20:29:12

========================================
开始 Fold 3/5
开始时间: 2026-03-25 20:29:12
========================================
[*] 使用设备: cuda
[*] 加载数据集: 9406 样本

📦 Fold 3/5
  训练集: 7525 样本
  验证集: 1881 样本
[*] 开始训练，共 5 个epoch
[*] 训练集batch数: 471
[*] 验证集batch数: 118

  -> Epoch 1/5 开始
    Batch 10/471, Loss: 0.1078
    Batch 20/471, Loss: 0.1564
    Batch 30/471, Loss: 0.0828
    Batch 40/471, Loss: 0.0473
    Batch 50/471, Loss: 0.0784
    Batch 60/471, Loss: 0.0590
    Batch 70/471, Loss: 0.0795
    Batch 80/471, Loss: 0.0481
    Batch 90/471, Loss: 0.0466
    Batch 100/471, Loss: 0.0611
    Batch 110/471, Loss: 0.0363
    Batch 120/471, Loss: 0.0283
    Batch 130/471, Loss: 0.0470
    Batch 140/471, Loss: 0.0323
    Batch 150/471, Loss: 0.0311
    Batch 160/471, Loss: 0.0231
    Batch 170/471, Loss: 0.0080
    Batch 180/471, Loss: 0.0282
    Batch 190/471, Loss: 0.0441
    Batch 200/471, Loss: 0.0342
    Batch 210/471, Loss: 0.0165
    Batch 220/471, Loss: 0.0137
    Batch 230/471, Loss: 0.0262
    Batch 240/471, Loss: 0.0401
    Batch 250/471, Loss: 0.0462
    Batch 260/471, Loss: 0.0242
    Batch 270/471, Loss: 0.0245
    Batch 280/471, Loss: 0.0310
    Batch 290/471, Loss: 0.0290
    Batch 300/471, Loss: 0.0241
    Batch 310/471, Loss: 0.0333
    Batch 320/471, Loss: 0.0237
    Batch 330/471, Loss: 0.0144
    Batch 340/471, Loss: 0.0212
    Batch 350/471, Loss: 0.0228
    Batch 360/471, Loss: 0.0303
    Batch 370/471, Loss: 0.0290
    Batch 380/471, Loss: 0.0358
    Batch 390/471, Loss: 0.0189
    Batch 400/471, Loss: 0.0169
    Batch 410/471, Loss: 0.0121
    Batch 420/471, Loss: 0.0230
    Batch 430/471, Loss: 0.0310
    Batch 440/471, Loss: 0.0265
    Batch 450/471, Loss: 0.0151
    Batch 460/471, Loss: 0.0224
    Batch 470/471, Loss: 0.0142
    Batch 471/471, Loss: 0.0352
  -> Epoch 1 训练完成, 平均Loss: 0.0551
  Epoch 1/5, MAE: 0.0866, Best: 0.0866 (Epoch 0)

  -> Epoch 2/5 开始
    Batch 10/471, Loss: 0.0209
    Batch 20/471, Loss: 0.0213
    Batch 30/471, Loss: 0.0078
    Batch 40/471, Loss: 0.0186
    Batch 50/471, Loss: 0.0207
    Batch 60/471, Loss: 0.0258
    Batch 70/471, Loss: 0.0203
    Batch 80/471, Loss: 0.0181
    Batch 90/471, Loss: 0.0124
    Batch 100/471, Loss: 0.0187
    Batch 110/471, Loss: 0.0166
    Batch 120/471, Loss: 0.0109
    Batch 130/471, Loss: 0.0127
    Batch 140/471, Loss: 0.0170
    Batch 150/471, Loss: 0.0157
    Batch 160/471, Loss: 0.0178
    Batch 170/471, Loss: 0.0183
    Batch 180/471, Loss: 0.0179
    Batch 190/471, Loss: 0.0215
    Batch 200/471, Loss: 0.0179
    Batch 210/471, Loss: 0.0180
    Batch 220/471, Loss: 0.0115
    Batch 230/471, Loss: 0.0129
    Batch 240/471, Loss: 0.0067
    Batch 250/471, Loss: 0.0200
    Batch 260/471, Loss: 0.0150
    Batch 270/471, Loss: 0.0148
    Batch 280/471, Loss: 0.0136
    Batch 290/471, Loss: 0.0144
    Batch 300/471, Loss: 0.0142
    Batch 310/471, Loss: 0.0087
    Batch 320/471, Loss: 0.0138
    Batch 330/471, Loss: 0.0077
    Batch 340/471, Loss: 0.0267
    Batch 350/471, Loss: 0.0130
    Batch 360/471, Loss: 0.0154
    Batch 370/471, Loss: 0.0079
    Batch 380/471, Loss: 0.0065
    Batch 390/471, Loss: 0.0133
    Batch 400/471, Loss: 0.0154
    Batch 410/471, Loss: 0.0112
    Batch 420/471, Loss: 0.0092
    Batch 430/471, Loss: 0.0101
    Batch 440/471, Loss: 0.0103
    Batch 450/471, Loss: 0.0350
    Batch 460/471, Loss: 0.0127
    Batch 470/471, Loss: 0.0129
    Batch 471/471, Loss: 0.0101
  -> Epoch 2 训练完成, 平均Loss: 0.0157
  Epoch 2/5, MAE: 0.0738, Best: 0.0738 (Epoch 1)

  -> Epoch 3/5 开始
    Batch 10/471, Loss: 0.0137
    Batch 20/471, Loss: 0.0113
    Batch 30/471, Loss: 0.0123
    Batch 40/471, Loss: 0.0127
    Batch 50/471, Loss: 0.0137
    Batch 60/471, Loss: 0.0055
    Batch 70/471, Loss: 0.0114
    Batch 80/471, Loss: 0.0103
    Batch 90/471, Loss: 0.0188
    Batch 100/471, Loss: 0.0109
    Batch 110/471, Loss: 0.0120
    Batch 120/471, Loss: 0.0203
    Batch 130/471, Loss: 0.0169
    Batch 140/471, Loss: 0.0025
    Batch 150/471, Loss: 0.0102
    Batch 160/471, Loss: 0.0100
    Batch 170/471, Loss: 0.0113
    Batch 180/471, Loss: 0.0163
    Batch 190/471, Loss: 0.0103
    Batch 200/471, Loss: 0.0138
    Batch 210/471, Loss: 0.0093
    Batch 220/471, Loss: 0.0237
    Batch 230/471, Loss: 0.0068
    Batch 240/471, Loss: 0.0033
    Batch 250/471, Loss: 0.0128
    Batch 260/471, Loss: 0.0110
    Batch 270/471, Loss: 0.0138
    Batch 280/471, Loss: 0.0119
    Batch 290/471, Loss: 0.0080
    Batch 300/471, Loss: 0.0205
    Batch 310/471, Loss: 0.0150
    Batch 320/471, Loss: 0.0068
    Batch 330/471, Loss: 0.0173
    Batch 340/471, Loss: 0.0101
    Batch 350/471, Loss: 0.0119
    Batch 360/471, Loss: 0.0064
    Batch 370/471, Loss: 0.0059
    Batch 380/471, Loss: 0.0066
    Batch 390/471, Loss: 0.0079
    Batch 400/471, Loss: 0.0086
    Batch 410/471, Loss: 0.0155
    Batch 420/471, Loss: 0.0144
    Batch 430/471, Loss: 0.0058
    Batch 440/471, Loss: 0.0215
    Batch 450/471, Loss: 0.0087
    Batch 460/471, Loss: 0.0120
    Batch 470/471, Loss: 0.0043
    Batch 471/471, Loss: 0.0102
  -> Epoch 3 训练完成, 平均Loss: 0.0125
  Epoch 3/5, MAE: 0.0704, Best: 0.0704 (Epoch 2)

  -> Epoch 4/5 开始
    Batch 10/471, Loss: 0.0072
    Batch 20/471, Loss: 0.0036
    Batch 30/471, Loss: 0.0157
    Batch 40/471, Loss: 0.0157
    Batch 50/471, Loss: 0.0070
    Batch 60/471, Loss: 0.0151
    Batch 70/471, Loss: 0.0132
    Batch 80/471, Loss: 0.0106
    Batch 90/471, Loss: 0.0080
    Batch 100/471, Loss: 0.0058
    Batch 110/471, Loss: 0.0129
    Batch 120/471, Loss: 0.0032
    Batch 130/471, Loss: 0.0052
    Batch 140/471, Loss: 0.0119
    Batch 150/471, Loss: 0.0113
    Batch 160/471, Loss: 0.0113
    Batch 170/471, Loss: 0.0103
    Batch 180/471, Loss: 0.0087
    Batch 190/471, Loss: 0.0090
    Batch 200/471, Loss: 0.0095
    Batch 210/471, Loss: 0.0091
    Batch 220/471, Loss: 0.0080
    Batch 230/471, Loss: 0.0106
    Batch 240/471, Loss: 0.0150
    Batch 250/471, Loss: 0.0101
    Batch 260/471, Loss: 0.0125
    Batch 270/471, Loss: 0.0092
    Batch 280/471, Loss: 0.0055
    Batch 290/471, Loss: 0.0109
    Batch 300/471, Loss: 0.0080
    Batch 310/471, Loss: 0.0049
    Batch 320/471, Loss: 0.0062
    Batch 330/471, Loss: 0.0054
    Batch 340/471, Loss: 0.0070
    Batch 350/471, Loss: 0.0059
    Batch 360/471, Loss: 0.0155
    Batch 370/471, Loss: 0.0043
    Batch 380/471, Loss: 0.0136
    Batch 390/471, Loss: 0.0160
    Batch 400/471, Loss: 0.0150
    Batch 410/471, Loss: 0.0065
    Batch 420/471, Loss: 0.0105
    Batch 430/471, Loss: 0.0072
    Batch 440/471, Loss: 0.0087
    Batch 450/471, Loss: 0.0140
    Batch 460/471, Loss: 0.0110
    Batch 470/471, Loss: 0.0114
    Batch 471/471, Loss: 0.0079
  -> Epoch 4 训练完成, 平均Loss: 0.0108
  Epoch 4/5, MAE: 0.0707, Best: 0.0704 (Epoch 2)

  -> Epoch 5/5 开始
    Batch 10/471, Loss: 0.0088
    Batch 20/471, Loss: 0.0111
    Batch 30/471, Loss: 0.0127
    Batch 40/471, Loss: 0.0135
    Batch 50/471, Loss: 0.0053
    Batch 60/471, Loss: 0.0092
    Batch 70/471, Loss: 0.0088
    Batch 80/471, Loss: 0.0124
    Batch 90/471, Loss: 0.0154
    Batch 100/471, Loss: 0.0044
    Batch 110/471, Loss: 0.0158
    Batch 120/471, Loss: 0.0065
    Batch 130/471, Loss: 0.0058
    Batch 140/471, Loss: 0.0065
    Batch 150/471, Loss: 0.0098
    Batch 160/471, Loss: 0.0112
    Batch 170/471, Loss: 0.0122
    Batch 180/471, Loss: 0.0062
    Batch 190/471, Loss: 0.0143
    Batch 200/471, Loss: 0.0096
    Batch 210/471, Loss: 0.0071
    Batch 220/471, Loss: 0.0094
    Batch 230/471, Loss: 0.0134
    Batch 240/471, Loss: 0.0139
    Batch 250/471, Loss: 0.0091
    Batch 260/471, Loss: 0.0055
    Batch 270/471, Loss: 0.0076
    Batch 280/471, Loss: 0.0179
    Batch 290/471, Loss: 0.0069
    Batch 300/471, Loss: 0.0104
    Batch 310/471, Loss: 0.0099
    Batch 320/471, Loss: 0.0114
    Batch 330/471, Loss: 0.0090
    Batch 340/471, Loss: 0.0085
    Batch 350/471, Loss: 0.0046
    Batch 360/471, Loss: 0.0096
    Batch 370/471, Loss: 0.0053
    Batch 380/471, Loss: 0.0111
    Batch 390/471, Loss: 0.0152
    Batch 400/471, Loss: 0.0081
    Batch 410/471, Loss: 0.0038
    Batch 420/471, Loss: 0.0163
    Batch 430/471, Loss: 0.0106
    Batch 440/471, Loss: 0.0131
    Batch 450/471, Loss: 0.0066
    Batch 460/471, Loss: 0.0100
    Batch 470/471, Loss: 0.0065
    Batch 471/471, Loss: 0.0065
  -> Epoch 5 训练完成, 平均Loss: 0.0099
  Epoch 5/5, MAE: 0.0645, Best: 0.0645 (Epoch 4)

✓ Fold 3 完成
  最佳 MAE: 0.0645 (Epoch 4)
  训练时间: 126.9秒
Fold 3 完成 ✓
清理缓存...
Fold 3 完成时间: 2026-03-25 20:31:24

========================================
开始 Fold 4/5
开始时间: 2026-03-25 20:31:24
========================================
[*] 使用设备: cuda
[*] 加载数据集: 9406 样本

📦 Fold 4/5
  训练集: 7525 样本
  验证集: 1881 样本
[*] 开始训练，共 5 个epoch
[*] 训练集batch数: 471
[*] 验证集batch数: 118

  -> Epoch 1/5 开始
    Batch 10/471, Loss: 0.1040
    Batch 20/471, Loss: 0.0689
    Batch 30/471, Loss: 0.0976
    Batch 40/471, Loss: 0.0531
    Batch 50/471, Loss: 0.0766
    Batch 60/471, Loss: 0.0984
    Batch 70/471, Loss: 0.0451
    Batch 80/471, Loss: 0.0523
    Batch 90/471, Loss: 0.0231
    Batch 100/471, Loss: 0.0703
    Batch 110/471, Loss: 0.0638
    Batch 120/471, Loss: 0.0240
    Batch 130/471, Loss: 0.0392
    Batch 140/471, Loss: 0.0509
    Batch 150/471, Loss: 0.0273
    Batch 160/471, Loss: 0.0383
    Batch 170/471, Loss: 0.0151
    Batch 180/471, Loss: 0.0378
    Batch 190/471, Loss: 0.0262
    Batch 200/471, Loss: 0.0347
    Batch 210/471, Loss: 0.0122
    Batch 220/471, Loss: 0.0377
    Batch 230/471, Loss: 0.0178
    Batch 240/471, Loss: 0.0475
    Batch 250/471, Loss: 0.0293
    Batch 260/471, Loss: 0.0150
    Batch 270/471, Loss: 0.0137
    Batch 280/471, Loss: 0.0259
    Batch 290/471, Loss: 0.0219
    Batch 300/471, Loss: 0.0290
    Batch 310/471, Loss: 0.0317
    Batch 320/471, Loss: 0.0418
    Batch 330/471, Loss: 0.0222
    Batch 340/471, Loss: 0.0199
    Batch 350/471, Loss: 0.0226
    Batch 360/471, Loss: 0.0423
    Batch 370/471, Loss: 0.0184
    Batch 380/471, Loss: 0.0215
    Batch 390/471, Loss: 0.0303
    Batch 400/471, Loss: 0.0169
    Batch 410/471, Loss: 0.0255
    Batch 420/471, Loss: 0.0316
    Batch 430/471, Loss: 0.0171
    Batch 440/471, Loss: 0.0211
    Batch 450/471, Loss: 0.0143
    Batch 460/471, Loss: 0.0174
    Batch 470/471, Loss: 0.0136
    Batch 471/471, Loss: 0.0248
  -> Epoch 1 训练完成, 平均Loss: 0.0564
  Epoch 1/5, MAE: 0.1053, Best: 0.1053 (Epoch 0)

  -> Epoch 2/5 开始
    Batch 10/471, Loss: 0.0150
    Batch 20/471, Loss: 0.0171
    Batch 30/471, Loss: 0.0222
    Batch 40/471, Loss: 0.0122
    Batch 50/471, Loss: 0.0198
    Batch 60/471, Loss: 0.0196
    Batch 70/471, Loss: 0.0260
    Batch 80/471, Loss: 0.0161
    Batch 90/471, Loss: 0.0209
    Batch 100/471, Loss: 0.0236
    Batch 110/471, Loss: 0.0277
    Batch 120/471, Loss: 0.0167
    Batch 130/471, Loss: 0.0165
    Batch 140/471, Loss: 0.0304
    Batch 150/471, Loss: 0.0165
    Batch 160/471, Loss: 0.0152
    Batch 170/471, Loss: 0.0208
    Batch 180/471, Loss: 0.0190
    Batch 190/471, Loss: 0.0176
    Batch 200/471, Loss: 0.0100
    Batch 210/471, Loss: 0.0227
    Batch 220/471, Loss: 0.0044
    Batch 230/471, Loss: 0.0219
    Batch 240/471, Loss: 0.0305
    Batch 250/471, Loss: 0.0158
    Batch 260/471, Loss: 0.0244
    Batch 270/471, Loss: 0.0126
    Batch 280/471, Loss: 0.0167
    Batch 290/471, Loss: 0.0091
    Batch 300/471, Loss: 0.0206
    Batch 310/471, Loss: 0.0071
    Batch 320/471, Loss: 0.0207
    Batch 330/471, Loss: 0.0061
    Batch 340/471, Loss: 0.0167
    Batch 350/471, Loss: 0.0085
    Batch 360/471, Loss: 0.0204
    Batch 370/471, Loss: 0.0157
    Batch 380/471, Loss: 0.0135
    Batch 390/471, Loss: 0.0210
    Batch 400/471, Loss: 0.0109
    Batch 410/471, Loss: 0.0093
    Batch 420/471, Loss: 0.0145
    Batch 430/471, Loss: 0.0114
    Batch 440/471, Loss: 0.0096
    Batch 450/471, Loss: 0.0172
    Batch 460/471, Loss: 0.0093
    Batch 470/471, Loss: 0.0094
    Batch 471/471, Loss: 0.0207
  -> Epoch 2 训练完成, 平均Loss: 0.0162
  Epoch 2/5, MAE: 0.0756, Best: 0.0756 (Epoch 1)

  -> Epoch 3/5 开始
    Batch 10/471, Loss: 0.0126
    Batch 20/471, Loss: 0.0134
    Batch 30/471, Loss: 0.0074
    Batch 40/471, Loss: 0.0125
    Batch 50/471, Loss: 0.0123
    Batch 60/471, Loss: 0.0137
    Batch 70/471, Loss: 0.0075
    Batch 80/471, Loss: 0.0111
    Batch 90/471, Loss: 0.0089
    Batch 100/471, Loss: 0.0084
    Batch 110/471, Loss: 0.0092
    Batch 120/471, Loss: 0.0148
    Batch 130/471, Loss: 0.0160
    Batch 140/471, Loss: 0.0081
    Batch 150/471, Loss: 0.0127
    Batch 160/471, Loss: 0.0124
    Batch 170/471, Loss: 0.0097
    Batch 180/471, Loss: 0.0136
    Batch 190/471, Loss: 0.0153
    Batch 200/471, Loss: 0.0197
    Batch 210/471, Loss: 0.0078
    Batch 220/471, Loss: 0.0143
    Batch 230/471, Loss: 0.0100
    Batch 240/471, Loss: 0.0105
    Batch 250/471, Loss: 0.0134
    Batch 260/471, Loss: 0.0136
    Batch 270/471, Loss: 0.0136
    Batch 280/471, Loss: 0.0098
    Batch 290/471, Loss: 0.0062
    Batch 300/471, Loss: 0.0173
    Batch 310/471, Loss: 0.0098
    Batch 320/471, Loss: 0.0115
    Batch 330/471, Loss: 0.0161
    Batch 340/471, Loss: 0.0085
    Batch 350/471, Loss: 0.0080
    Batch 360/471, Loss: 0.0120
    Batch 370/471, Loss: 0.0116
    Batch 380/471, Loss: 0.0090
    Batch 390/471, Loss: 0.0110
    Batch 400/471, Loss: 0.0167
    Batch 410/471, Loss: 0.0123
    Batch 420/471, Loss: 0.0149
    Batch 430/471, Loss: 0.0174
    Batch 440/471, Loss: 0.0079
    Batch 450/471, Loss: 0.0141
    Batch 460/471, Loss: 0.0077
    Batch 470/471, Loss: 0.0144
    Batch 471/471, Loss: 0.0137
  -> Epoch 3 训练完成, 平均Loss: 0.0129
  Epoch 3/5, MAE: 0.0724, Best: 0.0724 (Epoch 2)

  -> Epoch 4/5 开始
    Batch 10/471, Loss: 0.0112
    Batch 20/471, Loss: 0.0099
    Batch 30/471, Loss: 0.0168
    Batch 40/471, Loss: 0.0225
    Batch 50/471, Loss: 0.0112
    Batch 60/471, Loss: 0.0120
    Batch 70/471, Loss: 0.0090
    Batch 80/471, Loss: 0.0211
    Batch 90/471, Loss: 0.0104
    Batch 100/471, Loss: 0.0072
    Batch 110/471, Loss: 0.0057
    Batch 120/471, Loss: 0.0147
    Batch 130/471, Loss: 0.0118
    Batch 140/471, Loss: 0.0058
    Batch 150/471, Loss: 0.0103
    Batch 160/471, Loss: 0.0107
    Batch 170/471, Loss: 0.0073
    Batch 180/471, Loss: 0.0198
    Batch 190/471, Loss: 0.0136
    Batch 200/471, Loss: 0.0207
    Batch 210/471, Loss: 0.0102
    Batch 220/471, Loss: 0.0094
    Batch 230/471, Loss: 0.0083
    Batch 240/471, Loss: 0.0035
    Batch 250/471, Loss: 0.0137
    Batch 260/471, Loss: 0.0108
    Batch 270/471, Loss: 0.0141
    Batch 280/471, Loss: 0.0088
    Batch 290/471, Loss: 0.0109
    Batch 300/471, Loss: 0.0077
    Batch 310/471, Loss: 0.0053
    Batch 320/471, Loss: 0.0158
    Batch 330/471, Loss: 0.0071
    Batch 340/471, Loss: 0.0088
    Batch 350/471, Loss: 0.0146
    Batch 360/471, Loss: 0.0089
    Batch 370/471, Loss: 0.0078
    Batch 380/471, Loss: 0.0053
    Batch 390/471, Loss: 0.0075
    Batch 400/471, Loss: 0.0108
    Batch 410/471, Loss: 0.0126
    Batch 420/471, Loss: 0.0072
    Batch 430/471, Loss: 0.0039
    Batch 440/471, Loss: 0.0098
    Batch 450/471, Loss: 0.0107
    Batch 460/471, Loss: 0.0077
    Batch 470/471, Loss: 0.0086
    Batch 471/471, Loss: 0.0190
  -> Epoch 4 训练完成, 平均Loss: 0.0110
  Epoch 4/5, MAE: 0.0736, Best: 0.0724 (Epoch 2)

  -> Epoch 5/5 开始
    Batch 10/471, Loss: 0.0084
    Batch 20/471, Loss: 0.0074
    Batch 30/471, Loss: 0.0083
    Batch 40/471, Loss: 0.0060
    Batch 50/471, Loss: 0.0064
    Batch 60/471, Loss: 0.0142
    Batch 70/471, Loss: 0.0088
    Batch 80/471, Loss: 0.0108
    Batch 90/471, Loss: 0.0126
    Batch 100/471, Loss: 0.0115
    Batch 110/471, Loss: 0.0062
    Batch 120/471, Loss: 0.0140
    Batch 130/471, Loss: 0.0073
    Batch 140/471, Loss: 0.0048
    Batch 150/471, Loss: 0.0075
    Batch 160/471, Loss: 0.0093
    Batch 170/471, Loss: 0.0120
    Batch 180/471, Loss: 0.0068
    Batch 190/471, Loss: 0.0105
    Batch 200/471, Loss: 0.0112
    Batch 210/471, Loss: 0.0126
    Batch 220/471, Loss: 0.0153
    Batch 230/471, Loss: 0.0118
    Batch 240/471, Loss: 0.0176
    Batch 250/471, Loss: 0.0054
    Batch 260/471, Loss: 0.0122
    Batch 270/471, Loss: 0.0086
    Batch 280/471, Loss: 0.0103
    Batch 290/471, Loss: 0.0090
    Batch 300/471, Loss: 0.0090
    Batch 310/471, Loss: 0.0084
    Batch 320/471, Loss: 0.0086
    Batch 330/471, Loss: 0.0043
    Batch 340/471, Loss: 0.0094
    Batch 350/471, Loss: 0.0069
    Batch 360/471, Loss: 0.0038
    Batch 370/471, Loss: 0.0088
    Batch 380/471, Loss: 0.0067
    Batch 390/471, Loss: 0.0081
    Batch 400/471, Loss: 0.0083
    Batch 410/471, Loss: 0.0098
    Batch 420/471, Loss: 0.0111
    Batch 430/471, Loss: 0.0064
    Batch 440/471, Loss: 0.0155
    Batch 450/471, Loss: 0.0062
    Batch 460/471, Loss: 0.0108
    Batch 470/471, Loss: 0.0053
    Batch 471/471, Loss: 0.0385
  -> Epoch 5 训练完成, 平均Loss: 0.0101
  Epoch 5/5, MAE: 0.0702, Best: 0.0702 (Epoch 4)

✓ Fold 4 完成
  最佳 MAE: 0.0702 (Epoch 4)
  训练时间: 126.9秒
Fold 4 完成 ✓
清理缓存...
Fold 4 完成时间: 2026-03-25 20:33:36

========================================
开始 Fold 5/5
开始时间: 2026-03-25 20:33:36
========================================
[*] 使用设备: cuda
[*] 加载数据集: 9406 样本

📦 Fold 5/5
  训练集: 7525 样本
  验证集: 1881 样本
[*] 开始训练，共 5 个epoch
[*] 训练集batch数: 471
[*] 验证集batch数: 118

  -> Epoch 1/5 开始
    Batch 10/471, Loss: 0.2869
    Batch 20/471, Loss: 0.0871
    Batch 30/471, Loss: 0.0868
    Batch 40/471, Loss: 0.0379
    Batch 50/471, Loss: 0.0560
    Batch 60/471, Loss: 0.1145
    Batch 70/471, Loss: 0.0509
    Batch 80/471, Loss: 0.0359
    Batch 90/471, Loss: 0.0484
    Batch 100/471, Loss: 0.0402
    Batch 110/471, Loss: 0.0579
    Batch 120/471, Loss: 0.0170
    Batch 130/471, Loss: 0.0209
    Batch 140/471, Loss: 0.0357
    Batch 150/471, Loss: 0.0275
    Batch 160/471, Loss: 0.0236
    Batch 170/471, Loss: 0.0144
    Batch 180/471, Loss: 0.0236
    Batch 190/471, Loss: 0.0309
    Batch 200/471, Loss: 0.0180
    Batch 210/471, Loss: 0.0120
    Batch 220/471, Loss: 0.0179
    Batch 230/471, Loss: 0.0182
    Batch 240/471, Loss: 0.0323
    Batch 250/471, Loss: 0.0504
    Batch 260/471, Loss: 0.0337
    Batch 270/471, Loss: 0.0317
    Batch 280/471, Loss: 0.0325
    Batch 290/471, Loss: 0.0262
    Batch 300/471, Loss: 0.0181
    Batch 310/471, Loss: 0.0083
    Batch 320/471, Loss: 0.0251
    Batch 330/471, Loss: 0.0231
    Batch 340/471, Loss: 0.0161
    Batch 350/471, Loss: 0.0209
    Batch 360/471, Loss: 0.0135
    Batch 370/471, Loss: 0.0224
    Batch 380/471, Loss: 0.0162
    Batch 390/471, Loss: 0.0244
    Batch 400/471, Loss: 0.0271
    Batch 410/471, Loss: 0.0235
    Batch 420/471, Loss: 0.0321
    Batch 430/471, Loss: 0.0230
    Batch 440/471, Loss: 0.0198
    Batch 450/471, Loss: 0.0135
    Batch 460/471, Loss: 0.0098
    Batch 470/471, Loss: 0.0275
    Batch 471/471, Loss: 0.0129
  -> Epoch 1 训练完成, 平均Loss: 0.0470
  Epoch 1/5, MAE: 0.0936, Best: 0.0936 (Epoch 0)

  -> Epoch 2/5 开始
    Batch 10/471, Loss: 0.0132
    Batch 20/471, Loss: 0.0212
    Batch 30/471, Loss: 0.0213
    Batch 40/471, Loss: 0.0222
    Batch 50/471, Loss: 0.0277
    Batch 60/471, Loss: 0.0157
    Batch 70/471, Loss: 0.0137
    Batch 80/471, Loss: 0.0145
    Batch 90/471, Loss: 0.0190
    Batch 100/471, Loss: 0.0150
    Batch 110/471, Loss: 0.0085
    Batch 120/471, Loss: 0.0209
    Batch 130/471, Loss: 0.0049
    Batch 140/471, Loss: 0.0276
    Batch 150/471, Loss: 0.0121
    Batch 160/471, Loss: 0.0208
    Batch 170/471, Loss: 0.0188
    Batch 180/471, Loss: 0.0247
    Batch 190/471, Loss: 0.0159
    Batch 200/471, Loss: 0.0085
    Batch 210/471, Loss: 0.0201
    Batch 220/471, Loss: 0.0080
    Batch 230/471, Loss: 0.0133
    Batch 240/471, Loss: 0.0154
    Batch 250/471, Loss: 0.0055
    Batch 260/471, Loss: 0.0098
    Batch 270/471, Loss: 0.0124
    Batch 280/471, Loss: 0.0137
    Batch 290/471, Loss: 0.0168
    Batch 300/471, Loss: 0.0335
    Batch 310/471, Loss: 0.0054
    Batch 320/471, Loss: 0.0161
    Batch 330/471, Loss: 0.0129
    Batch 340/471, Loss: 0.0184
    Batch 350/471, Loss: 0.0116
    Batch 360/471, Loss: 0.0161
    Batch 370/471, Loss: 0.0090
    Batch 380/471, Loss: 0.0109
    Batch 390/471, Loss: 0.0150
    Batch 400/471, Loss: 0.0201
    Batch 410/471, Loss: 0.0104
    Batch 420/471, Loss: 0.0083
    Batch 430/471, Loss: 0.0093
    Batch 440/471, Loss: 0.0114
    Batch 450/471, Loss: 0.0126
    Batch 460/471, Loss: 0.0079
    Batch 470/471, Loss: 0.0239
    Batch 471/471, Loss: 0.0087
  -> Epoch 2 训练完成, 平均Loss: 0.0156
  Epoch 2/5, MAE: 0.0722, Best: 0.0722 (Epoch 1)

  -> Epoch 3/5 开始
    Batch 10/471, Loss: 0.0126
    Batch 20/471, Loss: 0.0115
    Batch 30/471, Loss: 0.0084
    Batch 40/471, Loss: 0.0091
    Batch 50/471, Loss: 0.0053
    Batch 60/471, Loss: 0.0156
    Batch 70/471, Loss: 0.0122
    Batch 80/471, Loss: 0.0112
    Batch 90/471, Loss: 0.0174
    Batch 100/471, Loss: 0.0053
    Batch 110/471, Loss: 0.0061
    Batch 120/471, Loss: 0.0153
    Batch 130/471, Loss: 0.0148
    Batch 140/471, Loss: 0.0108
    Batch 150/471, Loss: 0.0167
    Batch 160/471, Loss: 0.0183
    Batch 170/471, Loss: 0.0143
    Batch 180/471, Loss: 0.0068
    Batch 190/471, Loss: 0.0052
    Batch 200/471, Loss: 0.0131
    Batch 210/471, Loss: 0.0099
    Batch 220/471, Loss: 0.0048
    Batch 230/471, Loss: 0.0064
    Batch 240/471, Loss: 0.0071
    Batch 250/471, Loss: 0.0142
    Batch 260/471, Loss: 0.0170
    Batch 270/471, Loss: 0.0217
    Batch 280/471, Loss: 0.0108
    Batch 290/471, Loss: 0.0077
    Batch 300/471, Loss: 0.0169
    Batch 310/471, Loss: 0.0073
    Batch 320/471, Loss: 0.0057
    Batch 330/471, Loss: 0.0085
    Batch 340/471, Loss: 0.0048
    Batch 350/471, Loss: 0.0201
    Batch 360/471, Loss: 0.0051
    Batch 370/471, Loss: 0.0060
    Batch 380/471, Loss: 0.0179
    Batch 390/471, Loss: 0.0099
    Batch 400/471, Loss: 0.0119
    Batch 410/471, Loss: 0.0120
    Batch 420/471, Loss: 0.0113
    Batch 430/471, Loss: 0.0172
    Batch 440/471, Loss: 0.0094
    Batch 450/471, Loss: 0.0120
    Batch 460/471, Loss: 0.0122
    Batch 470/471, Loss: 0.0034
    Batch 471/471, Loss: 0.0080
  -> Epoch 3 训练完成, 平均Loss: 0.0123
  Epoch 3/5, MAE: 0.0676, Best: 0.0676 (Epoch 2)

  -> Epoch 4/5 开始
    Batch 10/471, Loss: 0.0099
    Batch 20/471, Loss: 0.0182
    Batch 30/471, Loss: 0.0103
    Batch 40/471, Loss: 0.0136
    Batch 50/471, Loss: 0.0044
    Batch 60/471, Loss: 0.0157
    Batch 70/471, Loss: 0.0083
    Batch 80/471, Loss: 0.0093
    Batch 90/471, Loss: 0.0071
    Batch 100/471, Loss: 0.0150
    Batch 110/471, Loss: 0.0049
    Batch 120/471, Loss: 0.0112
    Batch 130/471, Loss: 0.0068
    Batch 140/471, Loss: 0.0070
    Batch 150/471, Loss: 0.0108
    Batch 160/471, Loss: 0.0132
    Batch 170/471, Loss: 0.0062
    Batch 180/471, Loss: 0.0055
    Batch 190/471, Loss: 0.0129
    Batch 200/471, Loss: 0.0086
    Batch 210/471, Loss: 0.0119
    Batch 220/471, Loss: 0.0116
    Batch 230/471, Loss: 0.0095
    Batch 240/471, Loss: 0.0149
    Batch 250/471, Loss: 0.0068
    Batch 260/471, Loss: 0.0103
    Batch 270/471, Loss: 0.0115
    Batch 280/471, Loss: 0.0086
    Batch 290/471, Loss: 0.0111
    Batch 300/471, Loss: 0.0066
    Batch 310/471, Loss: 0.0170
    Batch 320/471, Loss: 0.0118
    Batch 330/471, Loss: 0.0118
    Batch 340/471, Loss: 0.0138
    Batch 350/471, Loss: 0.0086
    Batch 360/471, Loss: 0.0119
    Batch 370/471, Loss: 0.0150
    Batch 380/471, Loss: 0.0120
    Batch 390/471, Loss: 0.0116
    Batch 400/471, Loss: 0.0081
    Batch 410/471, Loss: 0.0102
    Batch 420/471, Loss: 0.0118
    Batch 430/471, Loss: 0.0126
    Batch 440/471, Loss: 0.0103
    Batch 450/471, Loss: 0.0120
    Batch 460/471, Loss: 0.0089
    Batch 470/471, Loss: 0.0106
    Batch 471/471, Loss: 0.0075
  -> Epoch 4 训练完成, 平均Loss: 0.0105
  Epoch 4/5, MAE: 0.0651, Best: 0.0651 (Epoch 3)

  -> Epoch 5/5 开始
    Batch 10/471, Loss: 0.0040
    Batch 20/471, Loss: 0.0066
    Batch 30/471, Loss: 0.0041
    Batch 40/471, Loss: 0.0152
    Batch 50/471, Loss: 0.0076
    Batch 60/471, Loss: 0.0058
    Batch 70/471, Loss: 0.0137
    Batch 80/471, Loss: 0.0120
    Batch 90/471, Loss: 0.0089
    Batch 100/471, Loss: 0.0156
    Batch 110/471, Loss: 0.0147
    Batch 120/471, Loss: 0.0110
    Batch 130/471, Loss: 0.0059
    Batch 140/471, Loss: 0.0089
    Batch 150/471, Loss: 0.0102
    Batch 160/471, Loss: 0.0079
    Batch 170/471, Loss: 0.0201
    Batch 180/471, Loss: 0.0092
    Batch 190/471, Loss: 0.0171
    Batch 200/471, Loss: 0.0095
    Batch 210/471, Loss: 0.0124
    Batch 220/471, Loss: 0.0135
    Batch 230/471, Loss: 0.0126
    Batch 240/471, Loss: 0.0063
    Batch 250/471, Loss: 0.0093
    Batch 260/471, Loss: 0.0105
    Batch 270/471, Loss: 0.0116
    Batch 280/471, Loss: 0.0079
    Batch 290/471, Loss: 0.0075
    Batch 300/471, Loss: 0.0081
    Batch 310/471, Loss: 0.0100
    Batch 320/471, Loss: 0.0104
    Batch 330/471, Loss: 0.0035
    Batch 340/471, Loss: 0.0067
    Batch 350/471, Loss: 0.0083
    Batch 360/471, Loss: 0.0212
    Batch 370/471, Loss: 0.0096
    Batch 380/471, Loss: 0.0114
    Batch 390/471, Loss: 0.0058
    Batch 400/471, Loss: 0.0091
    Batch 410/471, Loss: 0.0084
    Batch 420/471, Loss: 0.0151
    Batch 430/471, Loss: 0.0078
    Batch 440/471, Loss: 0.0064
    Batch 450/471, Loss: 0.0035
    Batch 460/471, Loss: 0.0150
    Batch 470/471, Loss: 0.0068
    Batch 471/471, Loss: 0.0040
  -> Epoch 5 训练完成, 平均Loss: 0.0097
  Epoch 5/5, MAE: 0.0635, Best: 0.0635 (Epoch 4)

✓ Fold 5 完成
  最佳 MAE: 0.0635 (Epoch 4)
  训练时间: 126.9秒
Fold 5 完成 ✓
清理缓存...
Fold 5 完成时间: 2026-03-25 20:35:49

============================================================
所有Fold训练完成！
完成时间: 2026-03-25 20:35:49
============================================================

最终结果:
{
  "model_type": "baseline_c",
  "task_type": "regression",
  "n_folds": 5,
  "num_epochs": 15,
  "random_seed": 42,
  "fold_results": [
    {
      "fold": 1,
      "best_mae": 0.06364651769399643,
      "best_epoch": 4,
      "training_time": 126.85203146934509
    },
    {
      "fold": 2,
      "best_mae": 0.06903193145990372,
      "best_epoch": 3,
      "training_time": 126.97145748138428
    },
    {
      "fold": 3,
      "best_mae": 0.06450976431369781,
      "best_epoch": 4,
      "training_time": 126.89213371276855
    },
    {
      "fold": 4,
      "best_mae": 0.07022789120674133,
      "best_epoch": 4,
      "training_time": 126.86638903617859
    },
    {
      "fold": 5,
      "best_mae": 0.06350541114807129,
      "best_epoch": 4,
      "training_time": 126.94538164138794
    }
  ],
  "mean_mae": 0.06618430316448212,
  "std_mae": 0.0028593876637130334,
  "total_time": 634.5273933410645,
  "timestamp": "2026-03-25 20:35:46"
}