============================================================
回归任务消融实验
模型: baseline_a
消融配置: full
Epochs: 3
============================================================
[*] 使用设备: cuda
[*] 加载数据集: 9406 样本
[*] 消融配置: full
  训练集: 7524 样本
  验证集: 1882 样本

[*] 开始训练 (3 epochs)
  Epoch 1/3, Train Loss: 0.0150, Val MAE: 0.2695, Best: 0.2695 (Epoch 0)
  Epoch 2/3, Train Loss: 0.0102, Val MAE: 0.2168, Best: 0.2168 (Epoch 1)
  Epoch 3/3, Train Loss: 0.0093, Val MAE: 0.2581, Best: 0.2168 (Epoch 1)

============================================================
消融配置: full
最佳 MAE: 0.2168 (Epoch 1)
总训练时间: 4.9秒
============================================================

✓ 实验完成！
