nohup: ignoring input
[2026-04-20 14:05:32] >>> Loading WESAD dataset from /root/work/MulitiModal/data/wesad
Subject S10: Age=28.0, Gender=1, BMI=24.0, HR=64.2
Subject S11: Age=26.0, Gender=0, BMI=18.5, HR=63.9
Subject S13: Age=28.0, Gender=1, BMI=25.0, HR=65.6
Subject S14: Age=27.0, Gender=1, BMI=24.7, HR=64.9
Subject S15: Age=28.0, Gender=1, BMI=24.0, HR=66.7
Subject S16: Age=24.0, Gender=1, BMI=20.4, HR=63.5
Subject S17: Age=29.0, Gender=0, BMI=20.2, HR=61.3
Subject S2: Age=27.0, Gender=1, BMI=26.1, HR=64.6
Subject S3: Age=27.0, Gender=1, BMI=23.1, HR=58.7
Subject S4: Age=25.0, Gender=1, BMI=29.4, HR=60.0
Subject S5: Age=35.0, Gender=1, BMI=22.4, HR=62.6
Subject S6: Age=27.0, Gender=1, BMI=22.8, HR=62.9
Subject S7: Age=28.0, Gender=1, BMI=21.9, HR=62.3
Subject S8: Age=27.0, Gender=0, BMI=21.6, HR=64.3
Subject S9: Age=26.0, Gender=1, BMI=22.9, HR=68.1
[2026-04-20 14:06:27] >>> WESAD loaded. total_windows=46324
[2026-04-20 14:06:27] >>> Gate scales: gate_a_scale=0.600, gate_b_scale=0.350
[2026-04-20 14:06:27] >>> TCM checkpoint resolved to: /root/work/MulitiModal/checkpoints/best_model.pth
[2026-04-20 14:06:27] >>> TCM scaler resolved to: /root/work/MulitiModal/tcm_ft_transformer/scaler_params.npz
/usr/local/miniconda3/envs/py312/lib/python3.12/site-packages/torch/nn/modules/transformer.py:392: UserWarning: enable_nested_tensor is True, but self.use_nested_tensor is False because encoder_layer.norm_first was True
  warnings.warn(
[2026-04-20 14:06:27] >>> Stage 1: backbone reselection on new architecture
[2026-04-20 14:06:35] Stage1-Select-tcn | Epoch 1/15 train_loss=0.190277 val_mse=0.174974 best_val=0.174974 patience=0/10
[2026-04-20 14:06:41] Stage1-Select-tcn | Epoch 2/15 train_loss=0.176598 val_mse=0.171868 best_val=0.171868 patience=0/10
[2026-04-20 14:06:47] Stage1-Select-tcn | Epoch 3/15 train_loss=0.173813 val_mse=0.170892 best_val=0.170892 patience=0/10
[2026-04-20 14:06:53] Stage1-Select-tcn | Epoch 4/15 train_loss=0.172345 val_mse=0.170652 best_val=0.170652 patience=0/10
[2026-04-20 14:06:58] Stage1-Select-tcn | Epoch 5/15 train_loss=0.172190 val_mse=0.170329 best_val=0.170329 patience=0/10
[2026-04-20 14:07:04] Stage1-Select-tcn | Epoch 6/15 train_loss=0.171189 val_mse=0.169900 best_val=0.169900 patience=0/10
[2026-04-20 14:07:10] Stage1-Select-tcn | Epoch 7/15 train_loss=0.170845 val_mse=0.172851 best_val=0.169900 patience=1/10
[2026-04-20 14:07:16] Stage1-Select-tcn | Epoch 8/15 train_loss=0.170354 val_mse=0.170620 best_val=0.169900 patience=2/10
[2026-04-20 14:07:22] Stage1-Select-tcn | Epoch 9/15 train_loss=0.170142 val_mse=0.170051 best_val=0.169900 patience=3/10
[2026-04-20 14:07:28] Stage1-Select-tcn | Epoch 10/15 train_loss=0.169510 val_mse=0.169069 best_val=0.169069 patience=0/10
[2026-04-20 14:07:34] Stage1-Select-tcn | Epoch 11/15 train_loss=0.169567 val_mse=0.167452 best_val=0.167452 patience=0/10
[2026-04-20 14:07:40] Stage1-Select-tcn | Epoch 12/15 train_loss=0.169095 val_mse=0.167331 best_val=0.167331 patience=0/10
[2026-04-20 14:07:46] Stage1-Select-tcn | Epoch 13/15 train_loss=0.168734 val_mse=0.167689 best_val=0.167331 patience=1/10
[2026-04-20 14:07:52] Stage1-Select-tcn | Epoch 14/15 train_loss=0.168610 val_mse=0.168656 best_val=0.167331 patience=2/10
[2026-04-20 14:07:57] Stage1-Select-tcn | Epoch 15/15 train_loss=0.168194 val_mse=0.167245 best_val=0.167245 patience=0/10
[2026-04-20 14:07:58] Stage1-Select-tcn DONE | MSE=0.167245 RMSE=0.408957 MAE=0.356826 Pearson=0.366368 [best_epoch=15]
[2026-04-20 14:08:04] Stage1-Select-inceptiontime | Epoch 1/15 train_loss=0.164407 val_mse=0.133597 best_val=0.133597 patience=0/10
[2026-04-20 14:08:10] Stage1-Select-inceptiontime | Epoch 2/15 train_loss=0.142603 val_mse=0.125646 best_val=0.125646 patience=0/10
[2026-04-20 14:08:16] Stage1-Select-inceptiontime | Epoch 3/15 train_loss=0.136912 val_mse=0.120076 best_val=0.120076 patience=0/10
[2026-04-20 14:08:22] Stage1-Select-inceptiontime | Epoch 4/15 train_loss=0.133383 val_mse=0.113517 best_val=0.113517 patience=0/10
[2026-04-20 14:08:28] Stage1-Select-inceptiontime | Epoch 5/15 train_loss=0.129151 val_mse=0.111379 best_val=0.111379 patience=0/10
[2026-04-20 14:08:35] Stage1-Select-inceptiontime | Epoch 6/15 train_loss=0.125671 val_mse=0.108234 best_val=0.108234 patience=0/10
[2026-04-20 14:08:40] Stage1-Select-inceptiontime | Epoch 7/15 train_loss=0.124055 val_mse=0.106328 best_val=0.106328 patience=0/10
[2026-04-20 14:08:46] Stage1-Select-inceptiontime | Epoch 8/15 train_loss=0.121536 val_mse=0.105061 best_val=0.105061 patience=0/10
[2026-04-20 14:08:52] Stage1-Select-inceptiontime | Epoch 9/15 train_loss=0.119589 val_mse=0.104673 best_val=0.104673 patience=0/10
[2026-04-20 14:08:58] Stage1-Select-inceptiontime | Epoch 10/15 train_loss=0.117800 val_mse=0.102161 best_val=0.102161 patience=0/10
[2026-04-20 14:09:04] Stage1-Select-inceptiontime | Epoch 11/15 train_loss=0.115710 val_mse=0.097315 best_val=0.097315 patience=0/10
[2026-04-20 14:09:10] Stage1-Select-inceptiontime | Epoch 12/15 train_loss=0.114786 val_mse=0.096227 best_val=0.096227 patience=0/10
[2026-04-20 14:09:16] Stage1-Select-inceptiontime | Epoch 13/15 train_loss=0.112600 val_mse=0.099490 best_val=0.096227 patience=1/10
[2026-04-20 14:09:22] Stage1-Select-inceptiontime | Epoch 14/15 train_loss=0.110753 val_mse=0.092953 best_val=0.092953 patience=0/10
[2026-04-20 14:09:28] Stage1-Select-inceptiontime | Epoch 15/15 train_loss=0.109191 val_mse=0.098717 best_val=0.092953 patience=1/10
[2026-04-20 14:09:29] Stage1-Select-inceptiontime DONE | MSE=0.092953 RMSE=0.304882 MAE=0.257048 Pearson=0.748752 [best_epoch=14]
[2026-04-20 14:09:34] Stage1-Select-os-cnn | Epoch 1/15 train_loss=0.186226 val_mse=0.174767 best_val=0.174767 patience=0/10
[2026-04-20 14:09:39] Stage1-Select-os-cnn | Epoch 2/15 train_loss=0.175588 val_mse=0.173838 best_val=0.173838 patience=0/10
[2026-04-20 14:09:44] Stage1-Select-os-cnn | Epoch 3/15 train_loss=0.174634 val_mse=0.171569 best_val=0.171569 patience=0/10
[2026-04-20 14:09:49] Stage1-Select-os-cnn | Epoch 4/15 train_loss=0.173640 val_mse=0.171109 best_val=0.171109 patience=0/10
[2026-04-20 14:09:55] Stage1-Select-os-cnn | Epoch 5/15 train_loss=0.172714 val_mse=0.169197 best_val=0.169197 patience=0/10
[2026-04-20 14:10:00] Stage1-Select-os-cnn | Epoch 6/15 train_loss=0.171377 val_mse=0.171369 best_val=0.169197 patience=1/10
[2026-04-20 14:10:05] Stage1-Select-os-cnn | Epoch 7/15 train_loss=0.170545 val_mse=0.168243 best_val=0.168243 patience=0/10
[2026-04-20 14:10:10] Stage1-Select-os-cnn | Epoch 8/15 train_loss=0.170096 val_mse=0.167440 best_val=0.167440 patience=0/10
[2026-04-20 14:10:15] Stage1-Select-os-cnn | Epoch 9/15 train_loss=0.170263 val_mse=0.168043 best_val=0.167440 patience=1/10
[2026-04-20 14:10:21] Stage1-Select-os-cnn | Epoch 10/15 train_loss=0.169235 val_mse=0.168159 best_val=0.167440 patience=2/10
[2026-04-20 14:10:26] Stage1-Select-os-cnn | Epoch 11/15 train_loss=0.169482 val_mse=0.166413 best_val=0.166413 patience=0/10
[2026-04-20 14:10:31] Stage1-Select-os-cnn | Epoch 12/15 train_loss=0.168931 val_mse=0.165662 best_val=0.165662 patience=0/10
[2026-04-20 14:10:36] Stage1-Select-os-cnn | Epoch 13/15 train_loss=0.167262 val_mse=0.165547 best_val=0.165547 patience=0/10
[2026-04-20 14:10:42] Stage1-Select-os-cnn | Epoch 14/15 train_loss=0.166885 val_mse=0.164242 best_val=0.164242 patience=0/10
[2026-04-20 14:10:47] Stage1-Select-os-cnn | Epoch 15/15 train_loss=0.166174 val_mse=0.163366 best_val=0.163366 patience=0/10
[2026-04-20 14:10:48] Stage1-Select-os-cnn DONE | MSE=0.163366 RMSE=0.404186 MAE=0.347861 Pearson=0.407527 [best_epoch=15]
[2026-04-20 14:10:53] Stage1-Select-xcm | Epoch 1/15 train_loss=0.189987 val_mse=0.175438 best_val=0.175438 patience=0/10
[2026-04-20 14:10:58] Stage1-Select-xcm | Epoch 2/15 train_loss=0.176290 val_mse=0.174071 best_val=0.174071 patience=0/10
[2026-04-20 14:11:03] Stage1-Select-xcm | Epoch 3/15 train_loss=0.174608 val_mse=0.171617 best_val=0.171617 patience=0/10
[2026-04-20 14:11:08] Stage1-Select-xcm | Epoch 4/15 train_loss=0.173130 val_mse=0.169822 best_val=0.169822 patience=0/10
[2026-04-20 14:11:14] Stage1-Select-xcm | Epoch 5/15 train_loss=0.172260 val_mse=0.168706 best_val=0.168706 patience=0/10
[2026-04-20 14:11:19] Stage1-Select-xcm | Epoch 6/15 train_loss=0.170850 val_mse=0.168531 best_val=0.168531 patience=0/10
[2026-04-20 14:11:24] Stage1-Select-xcm | Epoch 7/15 train_loss=0.170216 val_mse=0.168216 best_val=0.168216 patience=0/10
[2026-04-20 14:11:30] Stage1-Select-xcm | Epoch 8/15 train_loss=0.169599 val_mse=0.167839 best_val=0.167839 patience=0/10
[2026-04-20 14:11:35] Stage1-Select-xcm | Epoch 9/15 train_loss=0.168666 val_mse=0.167574 best_val=0.167574 patience=0/10
[2026-04-20 14:11:40] Stage1-Select-xcm | Epoch 10/15 train_loss=0.167892 val_mse=0.165679 best_val=0.165679 patience=0/10
[2026-04-20 14:11:46] Stage1-Select-xcm | Epoch 11/15 train_loss=0.167804 val_mse=0.166083 best_val=0.165679 patience=1/10
[2026-04-20 14:11:51] Stage1-Select-xcm | Epoch 12/15 train_loss=0.166696 val_mse=0.164592 best_val=0.164592 patience=0/10
[2026-04-20 14:11:56] Stage1-Select-xcm | Epoch 13/15 train_loss=0.166508 val_mse=0.163751 best_val=0.163751 patience=0/10
[2026-04-20 14:12:02] Stage1-Select-xcm | Epoch 14/15 train_loss=0.165248 val_mse=0.163484 best_val=0.163484 patience=0/10
[2026-04-20 14:12:07] Stage1-Select-xcm | Epoch 15/15 train_loss=0.164453 val_mse=0.162024 best_val=0.162024 patience=0/10
[2026-04-20 14:12:08] Stage1-Select-xcm DONE | MSE=0.162024 RMSE=0.402522 MAE=0.351856 Pearson=0.404285 [best_epoch=15]
[2026-04-20 14:12:14] Stage1-Select-1d-resnet | Epoch 1/15 train_loss=0.164539 val_mse=0.135545 best_val=0.135545 patience=0/10
[2026-04-20 14:12:20] Stage1-Select-1d-resnet | Epoch 2/15 train_loss=0.145136 val_mse=0.131446 best_val=0.131446 patience=0/10
[2026-04-20 14:12:25] Stage1-Select-1d-resnet | Epoch 3/15 train_loss=0.138375 val_mse=0.135200 best_val=0.131446 patience=1/10
[2026-04-20 14:12:31] Stage1-Select-1d-resnet | Epoch 4/15 train_loss=0.134076 val_mse=0.119651 best_val=0.119651 patience=0/10
[2026-04-20 14:12:37] Stage1-Select-1d-resnet | Epoch 5/15 train_loss=0.130363 val_mse=0.117569 best_val=0.117569 patience=0/10
[2026-04-20 14:12:42] Stage1-Select-1d-resnet | Epoch 6/15 train_loss=0.127165 val_mse=0.117157 best_val=0.117157 patience=0/10
[2026-04-20 14:12:48] Stage1-Select-1d-resnet | Epoch 7/15 train_loss=0.124917 val_mse=0.112220 best_val=0.112220 patience=0/10
[2026-04-20 14:12:54] Stage1-Select-1d-resnet | Epoch 8/15 train_loss=0.124385 val_mse=0.110835 best_val=0.110835 patience=0/10
[2026-04-20 14:13:00] Stage1-Select-1d-resnet | Epoch 9/15 train_loss=0.122232 val_mse=0.112679 best_val=0.110835 patience=1/10
[2026-04-20 14:13:06] Stage1-Select-1d-resnet | Epoch 10/15 train_loss=0.120782 val_mse=0.105464 best_val=0.105464 patience=0/10
[2026-04-20 14:13:11] Stage1-Select-1d-resnet | Epoch 11/15 train_loss=0.118668 val_mse=0.115663 best_val=0.105464 patience=1/10
[2026-04-20 14:13:17] Stage1-Select-1d-resnet | Epoch 12/15 train_loss=0.118614 val_mse=0.106521 best_val=0.105464 patience=2/10
[2026-04-20 14:13:23] Stage1-Select-1d-resnet | Epoch 13/15 train_loss=0.116637 val_mse=0.103918 best_val=0.103918 patience=0/10
[2026-04-20 14:13:29] Stage1-Select-1d-resnet | Epoch 14/15 train_loss=0.115345 val_mse=0.103166 best_val=0.103166 patience=0/10
[2026-04-20 14:13:34] Stage1-Select-1d-resnet | Epoch 15/15 train_loss=0.114185 val_mse=0.107454 best_val=0.103166 patience=1/10
[2026-04-20 14:13:35] Stage1-Select-1d-resnet DONE | MSE=0.103166 RMSE=0.321195 MAE=0.267843 Pearson=0.694501 [best_epoch=14]

===== Stage1 Backbone Selection (late reinjection, full gates) =====
Encoder           BestValMSE       RMSE        MAE    Pearson
tcn                 0.167245   0.408957   0.356826   0.366368
inceptiontime       0.092953   0.304882   0.257048   0.748752
os-cnn              0.163366   0.404186   0.347861   0.407527
xcm                 0.162024   0.402522   0.351856   0.404285
1d-resnet           0.103166   0.321195   0.267843   0.694501
=====================================================================

[2026-04-20 14:13:35] >>> Stage 1 winner: inceptiontime (best_val_mse=0.092953)
[2026-04-20 14:13:35] >>> Stage 2: hyper-parameter reset/tuning for encoder=inceptiontime
[2026-04-20 14:13:35] >>> Using override params: HyperParams(lr=0.0005, weight_decay=1e-05, batch_size=32)
[2026-04-20 14:13:35] >>> Running Step8-focused sweep (epochs=20)
[2026-04-20 14:13:42] Sweep-Step8-gb0.100-lm0.500 | Epoch 1/20 train_loss=0.184779 val_mse=0.147827 best_val=0.147827 patience=0/10
[2026-04-20 14:13:48] Sweep-Step8-gb0.100-lm0.500 | Epoch 2/20 train_loss=0.148572 val_mse=0.133081 best_val=0.133081 patience=0/10
[2026-04-20 14:13:54] Sweep-Step8-gb0.100-lm0.500 | Epoch 3/20 train_loss=0.140645 val_mse=0.130103 best_val=0.130103 patience=0/10
[2026-04-20 14:14:00] Sweep-Step8-gb0.100-lm0.500 | Epoch 4/20 train_loss=0.136608 val_mse=0.125078 best_val=0.125078 patience=0/10
[2026-04-20 14:14:05] Sweep-Step8-gb0.100-lm0.500 | Epoch 5/20 train_loss=0.132758 val_mse=0.119728 best_val=0.119728 patience=0/10
[2026-04-20 14:14:12] Sweep-Step8-gb0.100-lm0.500 | Epoch 6/20 train_loss=0.131742 val_mse=0.115516 best_val=0.115516 patience=0/10
[2026-04-20 14:14:18] Sweep-Step8-gb0.100-lm0.500 | Epoch 7/20 train_loss=0.129198 val_mse=0.116665 best_val=0.115516 patience=1/10
[2026-04-20 14:14:23] Sweep-Step8-gb0.100-lm0.500 | Epoch 8/20 train_loss=0.127786 val_mse=0.110800 best_val=0.110800 patience=0/10
[2026-04-20 14:14:29] Sweep-Step8-gb0.100-lm0.500 | Epoch 9/20 train_loss=0.125742 val_mse=0.110507 best_val=0.110507 patience=0/10
[2026-04-20 14:14:35] Sweep-Step8-gb0.100-lm0.500 | Epoch 10/20 train_loss=0.125848 val_mse=0.110727 best_val=0.110507 patience=1/10
[2026-04-20 14:14:41] Sweep-Step8-gb0.100-lm0.500 | Epoch 11/20 train_loss=0.124484 val_mse=0.107675 best_val=0.107675 patience=0/10
[2026-04-20 14:14:47] Sweep-Step8-gb0.100-lm0.500 | Epoch 12/20 train_loss=0.123854 val_mse=0.107323 best_val=0.107323 patience=0/10
[2026-04-20 14:14:53] Sweep-Step8-gb0.100-lm0.500 | Epoch 13/20 train_loss=0.121763 val_mse=0.105699 best_val=0.105699 patience=0/10
[2026-04-20 14:15:00] Sweep-Step8-gb0.100-lm0.500 | Epoch 14/20 train_loss=0.119778 val_mse=0.103374 best_val=0.103374 patience=0/10
[2026-04-20 14:15:05] Sweep-Step8-gb0.100-lm0.500 | Epoch 15/20 train_loss=0.118896 val_mse=0.102752 best_val=0.102752 patience=0/10
[2026-04-20 14:15:11] Sweep-Step8-gb0.100-lm0.500 | Epoch 16/20 train_loss=0.118424 val_mse=0.105884 best_val=0.102752 patience=1/10
[2026-04-20 14:15:17] Sweep-Step8-gb0.100-lm0.500 | Epoch 17/20 train_loss=0.118119 val_mse=0.105027 best_val=0.102752 patience=2/10
[2026-04-20 14:15:23] Sweep-Step8-gb0.100-lm0.500 | Epoch 18/20 train_loss=0.115578 val_mse=0.101586 best_val=0.101586 patience=0/10
[2026-04-20 14:15:29] Sweep-Step8-gb0.100-lm0.500 | Epoch 19/20 train_loss=0.116158 val_mse=0.098514 best_val=0.098514 patience=0/10
[2026-04-20 14:15:35] Sweep-Step8-gb0.100-lm0.500 | Epoch 20/20 train_loss=0.113489 val_mse=0.097957 best_val=0.097957 patience=0/10
[2026-04-20 14:15:36] Sweep-Step8-gb0.100-lm0.500 DONE | MSE=0.097957 RMSE=0.312981 MAE=0.259959 Pearson=0.710674 [best_epoch=20]
[2026-04-20 14:15:42] Sweep-Step8-gb0.100-lm0.700 | Epoch 1/20 train_loss=0.168188 val_mse=0.133864 best_val=0.133864 patience=0/10
[2026-04-20 14:15:48] Sweep-Step8-gb0.100-lm0.700 | Epoch 2/20 train_loss=0.143830 val_mse=0.122439 best_val=0.122439 patience=0/10
[2026-04-20 14:15:54] Sweep-Step8-gb0.100-lm0.700 | Epoch 3/20 train_loss=0.136701 val_mse=0.120900 best_val=0.120900 patience=0/10
[2026-04-20 14:15:59] Sweep-Step8-gb0.100-lm0.700 | Epoch 4/20 train_loss=0.132424 val_mse=0.112704 best_val=0.112704 patience=0/10
[2026-04-20 14:16:05] Sweep-Step8-gb0.100-lm0.700 | Epoch 5/20 train_loss=0.128892 val_mse=0.108826 best_val=0.108826 patience=0/10
[2026-04-20 14:16:11] Sweep-Step8-gb0.100-lm0.700 | Epoch 6/20 train_loss=0.127809 val_mse=0.109642 best_val=0.108826 patience=1/10
[2026-04-20 14:16:17] Sweep-Step8-gb0.100-lm0.700 | Epoch 7/20 train_loss=0.124177 val_mse=0.106793 best_val=0.106793 patience=0/10
[2026-04-20 14:16:23] Sweep-Step8-gb0.100-lm0.700 | Epoch 8/20 train_loss=0.123276 val_mse=0.103663 best_val=0.103663 patience=0/10
[2026-04-20 14:16:29] Sweep-Step8-gb0.100-lm0.700 | Epoch 9/20 train_loss=0.121299 val_mse=0.101754 best_val=0.101754 patience=0/10
[2026-04-20 14:16:35] Sweep-Step8-gb0.100-lm0.700 | Epoch 10/20 train_loss=0.120751 val_mse=0.099472 best_val=0.099472 patience=0/10
[2026-04-20 14:16:41] Sweep-Step8-gb0.100-lm0.700 | Epoch 11/20 train_loss=0.118236 val_mse=0.102470 best_val=0.099472 patience=1/10
[2026-04-20 14:16:47] Sweep-Step8-gb0.100-lm0.700 | Epoch 12/20 train_loss=0.116800 val_mse=0.095616 best_val=0.095616 patience=0/10
[2026-04-20 14:16:53] Sweep-Step8-gb0.100-lm0.700 | Epoch 13/20 train_loss=0.116764 val_mse=0.096583 best_val=0.095616 patience=1/10
[2026-04-20 14:16:59] Sweep-Step8-gb0.100-lm0.700 | Epoch 14/20 train_loss=0.114958 val_mse=0.093137 best_val=0.093137 patience=0/10
[2026-04-20 14:17:05] Sweep-Step8-gb0.100-lm0.700 | Epoch 15/20 train_loss=0.114064 val_mse=0.093616 best_val=0.093137 patience=1/10
[2026-04-20 14:17:11] Sweep-Step8-gb0.100-lm0.700 | Epoch 16/20 train_loss=0.112757 val_mse=0.091123 best_val=0.091123 patience=0/10
[2026-04-20 14:17:17] Sweep-Step8-gb0.100-lm0.700 | Epoch 17/20 train_loss=0.111785 val_mse=0.095959 best_val=0.091123 patience=1/10
[2026-04-20 14:17:23] Sweep-Step8-gb0.100-lm0.700 | Epoch 18/20 train_loss=0.111042 val_mse=0.089537 best_val=0.089537 patience=0/10
[2026-04-20 14:17:28] Sweep-Step8-gb0.100-lm0.700 | Epoch 19/20 train_loss=0.109039 val_mse=0.087534 best_val=0.087534 patience=0/10
[2026-04-20 14:17:34] Sweep-Step8-gb0.100-lm0.700 | Epoch 20/20 train_loss=0.106897 val_mse=0.085839 best_val=0.085839 patience=0/10
[2026-04-20 14:17:35] Sweep-Step8-gb0.100-lm0.700 DONE | MSE=0.085839 RMSE=0.292982 MAE=0.238934 Pearson=0.749519 [best_epoch=20]
[2026-04-20 14:17:41] Sweep-Step8-gb0.200-lm0.500 | Epoch 1/20 train_loss=0.178783 val_mse=0.143185 best_val=0.143185 patience=0/10
[2026-04-20 14:17:47] Sweep-Step8-gb0.200-lm0.500 | Epoch 2/20 train_loss=0.151779 val_mse=0.130742 best_val=0.130742 patience=0/10
[2026-04-20 14:17:53] Sweep-Step8-gb0.200-lm0.500 | Epoch 3/20 train_loss=0.143579 val_mse=0.121242 best_val=0.121242 patience=0/10
[2026-04-20 14:17:59] Sweep-Step8-gb0.200-lm0.500 | Epoch 4/20 train_loss=0.140051 val_mse=0.118714 best_val=0.118714 patience=0/10
[2026-04-20 14:18:05] Sweep-Step8-gb0.200-lm0.500 | Epoch 5/20 train_loss=0.137647 val_mse=0.120856 best_val=0.118714 patience=1/10
[2026-04-20 14:18:11] Sweep-Step8-gb0.200-lm0.500 | Epoch 6/20 train_loss=0.134783 val_mse=0.113393 best_val=0.113393 patience=0/10
[2026-04-20 14:18:17] Sweep-Step8-gb0.200-lm0.500 | Epoch 7/20 train_loss=0.132417 val_mse=0.112797 best_val=0.112797 patience=0/10
[2026-04-20 14:18:23] Sweep-Step8-gb0.200-lm0.500 | Epoch 8/20 train_loss=0.130487 val_mse=0.119063 best_val=0.112797 patience=1/10
[2026-04-20 14:18:29] Sweep-Step8-gb0.200-lm0.500 | Epoch 9/20 train_loss=0.129225 val_mse=0.113134 best_val=0.112797 patience=2/10
[2026-04-20 14:18:35] Sweep-Step8-gb0.200-lm0.500 | Epoch 10/20 train_loss=0.126747 val_mse=0.111292 best_val=0.111292 patience=0/10
[2026-04-20 14:18:42] Sweep-Step8-gb0.200-lm0.500 | Epoch 11/20 train_loss=0.124204 val_mse=0.103148 best_val=0.103148 patience=0/10
[2026-04-20 14:18:47] Sweep-Step8-gb0.200-lm0.500 | Epoch 12/20 train_loss=0.123836 val_mse=0.103648 best_val=0.103148 patience=1/10
[2026-04-20 14:18:53] Sweep-Step8-gb0.200-lm0.500 | Epoch 13/20 train_loss=0.123348 val_mse=0.108411 best_val=0.103148 patience=2/10
[2026-04-20 14:18:59] Sweep-Step8-gb0.200-lm0.500 | Epoch 14/20 train_loss=0.120907 val_mse=0.097724 best_val=0.097724 patience=0/10
[2026-04-20 14:19:06] Sweep-Step8-gb0.200-lm0.500 | Epoch 15/20 train_loss=0.119723 val_mse=0.106827 best_val=0.097724 patience=1/10
[2026-04-20 14:19:12] Sweep-Step8-gb0.200-lm0.500 | Epoch 16/20 train_loss=0.118887 val_mse=0.095644 best_val=0.095644 patience=0/10
[2026-04-20 14:19:18] Sweep-Step8-gb0.200-lm0.500 | Epoch 17/20 train_loss=0.117569 val_mse=0.097666 best_val=0.095644 patience=1/10
[2026-04-20 14:19:24] Sweep-Step8-gb0.200-lm0.500 | Epoch 18/20 train_loss=0.116300 val_mse=0.090507 best_val=0.090507 patience=0/10
[2026-04-20 14:19:30] Sweep-Step8-gb0.200-lm0.500 | Epoch 19/20 train_loss=0.114777 val_mse=0.089509 best_val=0.089509 patience=0/10
[2026-04-20 14:19:36] Sweep-Step8-gb0.200-lm0.500 | Epoch 20/20 train_loss=0.111321 val_mse=0.088402 best_val=0.088402 patience=0/10
[2026-04-20 14:19:37] Sweep-Step8-gb0.200-lm0.500 DONE | MSE=0.088402 RMSE=0.297325 MAE=0.240656 Pearson=0.743437 [best_epoch=20]
[2026-04-20 14:19:43] Sweep-Step8-gb0.200-lm0.700 | Epoch 1/20 train_loss=0.172680 val_mse=0.141637 best_val=0.141637 patience=0/10
[2026-04-20 14:19:49] Sweep-Step8-gb0.200-lm0.700 | Epoch 2/20 train_loss=0.147506 val_mse=0.128860 best_val=0.128860 patience=0/10
[2026-04-20 14:19:54] Sweep-Step8-gb0.200-lm0.700 | Epoch 3/20 train_loss=0.139465 val_mse=0.120573 best_val=0.120573 patience=0/10
[2026-04-20 14:20:00] Sweep-Step8-gb0.200-lm0.700 | Epoch 4/20 train_loss=0.134343 val_mse=0.121610 best_val=0.120573 patience=1/10
[2026-04-20 14:20:06] Sweep-Step8-gb0.200-lm0.700 | Epoch 5/20 train_loss=0.130117 val_mse=0.112612 best_val=0.112612 patience=0/10
[2026-04-20 14:20:12] Sweep-Step8-gb0.200-lm0.700 | Epoch 6/20 train_loss=0.128520 val_mse=0.109167 best_val=0.109167 patience=0/10
[2026-04-20 14:20:18] Sweep-Step8-gb0.200-lm0.700 | Epoch 7/20 train_loss=0.124666 val_mse=0.109802 best_val=0.109167 patience=1/10
[2026-04-20 14:20:24] Sweep-Step8-gb0.200-lm0.700 | Epoch 8/20 train_loss=0.122613 val_mse=0.106595 best_val=0.106595 patience=0/10
[2026-04-20 14:20:30] Sweep-Step8-gb0.200-lm0.700 | Epoch 9/20 train_loss=0.120929 val_mse=0.101332 best_val=0.101332 patience=0/10
[2026-04-20 14:20:36] Sweep-Step8-gb0.200-lm0.700 | Epoch 10/20 train_loss=0.120079 val_mse=0.103140 best_val=0.101332 patience=1/10
[2026-04-20 14:20:42] Sweep-Step8-gb0.200-lm0.700 | Epoch 11/20 train_loss=0.118365 val_mse=0.097477 best_val=0.097477 patience=0/10
[2026-04-20 14:20:48] Sweep-Step8-gb0.200-lm0.700 | Epoch 12/20 train_loss=0.114097 val_mse=0.100412 best_val=0.097477 patience=1/10
[2026-04-20 14:20:54] Sweep-Step8-gb0.200-lm0.700 | Epoch 13/20 train_loss=0.112641 val_mse=0.098541 best_val=0.097477 patience=2/10
[2026-04-20 14:21:00] Sweep-Step8-gb0.200-lm0.700 | Epoch 14/20 train_loss=0.112083 val_mse=0.093440 best_val=0.093440 patience=0/10
[2026-04-20 14:21:06] Sweep-Step8-gb0.200-lm0.700 | Epoch 15/20 train_loss=0.111723 val_mse=0.093034 best_val=0.093034 patience=0/10
[2026-04-20 14:21:12] Sweep-Step8-gb0.200-lm0.700 | Epoch 16/20 train_loss=0.108899 val_mse=0.089960 best_val=0.089960 patience=0/10
[2026-04-20 14:21:18] Sweep-Step8-gb0.200-lm0.700 | Epoch 17/20 train_loss=0.109052 val_mse=0.087146 best_val=0.087146 patience=0/10
[2026-04-20 14:21:24] Sweep-Step8-gb0.200-lm0.700 | Epoch 18/20 train_loss=0.107288 val_mse=0.095001 best_val=0.087146 patience=1/10
[2026-04-20 14:21:30] Sweep-Step8-gb0.200-lm0.700 | Epoch 19/20 train_loss=0.106582 val_mse=0.090131 best_val=0.087146 patience=2/10
[2026-04-20 14:21:36] Sweep-Step8-gb0.200-lm0.700 | Epoch 20/20 train_loss=0.105523 val_mse=0.089309 best_val=0.087146 patience=3/10
[2026-04-20 14:21:37] Sweep-Step8-gb0.200-lm0.700 DONE | MSE=0.087146 RMSE=0.295206 MAE=0.245001 Pearson=0.749519 [best_epoch=17]
[2026-04-20 14:21:43] Sweep-Step8-gb0.300-lm0.500 | Epoch 1/20 train_loss=0.171790 val_mse=0.141468 best_val=0.141468 patience=0/10
[2026-04-20 14:21:49] Sweep-Step8-gb0.300-lm0.500 | Epoch 2/20 train_loss=0.147709 val_mse=0.128239 best_val=0.128239 patience=0/10
[2026-04-20 14:21:55] Sweep-Step8-gb0.300-lm0.500 | Epoch 3/20 train_loss=0.141867 val_mse=0.121921 best_val=0.121921 patience=0/10
[2026-04-20 14:22:01] Sweep-Step8-gb0.300-lm0.500 | Epoch 4/20 train_loss=0.138384 val_mse=0.122432 best_val=0.121921 patience=1/10
[2026-04-20 14:22:07] Sweep-Step8-gb0.300-lm0.500 | Epoch 5/20 train_loss=0.134722 val_mse=0.114559 best_val=0.114559 patience=0/10
[2026-04-20 14:22:13] Sweep-Step8-gb0.300-lm0.500 | Epoch 6/20 train_loss=0.132293 val_mse=0.112306 best_val=0.112306 patience=0/10
[2026-04-20 14:22:18] Sweep-Step8-gb0.300-lm0.500 | Epoch 7/20 train_loss=0.130172 val_mse=0.111400 best_val=0.111400 patience=0/10
[2026-04-20 14:22:24] Sweep-Step8-gb0.300-lm0.500 | Epoch 8/20 train_loss=0.128417 val_mse=0.106459 best_val=0.106459 patience=0/10
[2026-04-20 14:22:30] Sweep-Step8-gb0.300-lm0.500 | Epoch 9/20 train_loss=0.125401 val_mse=0.108466 best_val=0.106459 patience=1/10
[2026-04-20 14:22:36] Sweep-Step8-gb0.300-lm0.500 | Epoch 10/20 train_loss=0.124876 val_mse=0.105834 best_val=0.105834 patience=0/10
[2026-04-20 14:22:42] Sweep-Step8-gb0.300-lm0.500 | Epoch 11/20 train_loss=0.123092 val_mse=0.101658 best_val=0.101658 patience=0/10
[2026-04-20 14:22:48] Sweep-Step8-gb0.300-lm0.500 | Epoch 12/20 train_loss=0.122374 val_mse=0.099173 best_val=0.099173 patience=0/10
[2026-04-20 14:22:54] Sweep-Step8-gb0.300-lm0.500 | Epoch 13/20 train_loss=0.120669 val_mse=0.104618 best_val=0.099173 patience=1/10
[2026-04-20 14:23:00] Sweep-Step8-gb0.300-lm0.500 | Epoch 14/20 train_loss=0.119624 val_mse=0.108568 best_val=0.099173 patience=2/10
[2026-04-20 14:23:05] Sweep-Step8-gb0.300-lm0.500 | Epoch 15/20 train_loss=0.118140 val_mse=0.100289 best_val=0.099173 patience=3/10
[2026-04-20 14:23:11] Sweep-Step8-gb0.300-lm0.500 | Epoch 16/20 train_loss=0.116424 val_mse=0.097180 best_val=0.097180 patience=0/10
[2026-04-20 14:23:17] Sweep-Step8-gb0.300-lm0.500 | Epoch 17/20 train_loss=0.116462 val_mse=0.092634 best_val=0.092634 patience=0/10
[2026-04-20 14:23:23] Sweep-Step8-gb0.300-lm0.500 | Epoch 18/20 train_loss=0.115430 val_mse=0.091580 best_val=0.091580 patience=0/10
[2026-04-20 14:23:29] Sweep-Step8-gb0.300-lm0.500 | Epoch 19/20 train_loss=0.113763 val_mse=0.092860 best_val=0.091580 patience=1/10
[2026-04-20 14:23:35] Sweep-Step8-gb0.300-lm0.500 | Epoch 20/20 train_loss=0.112550 val_mse=0.089490 best_val=0.089490 patience=0/10
[2026-04-20 14:23:36] Sweep-Step8-gb0.300-lm0.500 DONE | MSE=0.089490 RMSE=0.299149 MAE=0.248546 Pearson=0.743479 [best_epoch=20]
[2026-04-20 14:23:42] Sweep-Step8-gb0.300-lm0.700 | Epoch 1/20 train_loss=0.175937 val_mse=0.145101 best_val=0.145101 patience=0/10
[2026-04-20 14:23:48] Sweep-Step8-gb0.300-lm0.700 | Epoch 2/20 train_loss=0.147866 val_mse=0.135708 best_val=0.135708 patience=0/10
[2026-04-20 14:23:54] Sweep-Step8-gb0.300-lm0.700 | Epoch 3/20 train_loss=0.140511 val_mse=0.125920 best_val=0.125920 patience=0/10
[2026-04-20 14:24:00] Sweep-Step8-gb0.300-lm0.700 | Epoch 4/20 train_loss=0.136753 val_mse=0.122601 best_val=0.122601 patience=0/10
[2026-04-20 14:24:06] Sweep-Step8-gb0.300-lm0.700 | Epoch 5/20 train_loss=0.134044 val_mse=0.120420 best_val=0.120420 patience=0/10
[2026-04-20 14:24:12] Sweep-Step8-gb0.300-lm0.700 | Epoch 6/20 train_loss=0.132318 val_mse=0.116929 best_val=0.116929 patience=0/10
[2026-04-20 14:24:18] Sweep-Step8-gb0.300-lm0.700 | Epoch 7/20 train_loss=0.130349 val_mse=0.113859 best_val=0.113859 patience=0/10
[2026-04-20 14:24:24] Sweep-Step8-gb0.300-lm0.700 | Epoch 8/20 train_loss=0.129061 val_mse=0.113117 best_val=0.113117 patience=0/10
[2026-04-20 14:24:30] Sweep-Step8-gb0.300-lm0.700 | Epoch 9/20 train_loss=0.127420 val_mse=0.110569 best_val=0.110569 patience=0/10
[2026-04-20 14:24:36] Sweep-Step8-gb0.300-lm0.700 | Epoch 10/20 train_loss=0.125554 val_mse=0.105703 best_val=0.105703 patience=0/10
[2026-04-20 14:24:42] Sweep-Step8-gb0.300-lm0.700 | Epoch 11/20 train_loss=0.123784 val_mse=0.106246 best_val=0.105703 patience=1/10
[2026-04-20 14:24:48] Sweep-Step8-gb0.300-lm0.700 | Epoch 12/20 train_loss=0.121901 val_mse=0.108460 best_val=0.105703 patience=2/10
[2026-04-20 14:24:54] Sweep-Step8-gb0.300-lm0.700 | Epoch 13/20 train_loss=0.122762 val_mse=0.103053 best_val=0.103053 patience=0/10
[2026-04-20 14:25:00] Sweep-Step8-gb0.300-lm0.700 | Epoch 14/20 train_loss=0.120542 val_mse=0.102715 best_val=0.102715 patience=0/10
[2026-04-20 14:25:06] Sweep-Step8-gb0.300-lm0.700 | Epoch 15/20 train_loss=0.118636 val_mse=0.099727 best_val=0.099727 patience=0/10
[2026-04-20 14:25:12] Sweep-Step8-gb0.300-lm0.700 | Epoch 16/20 train_loss=0.117638 val_mse=0.097996 best_val=0.097996 patience=0/10
[2026-04-20 14:25:18] Sweep-Step8-gb0.300-lm0.700 | Epoch 17/20 train_loss=0.115894 val_mse=0.098508 best_val=0.097996 patience=1/10
[2026-04-20 14:25:24] Sweep-Step8-gb0.300-lm0.700 | Epoch 18/20 train_loss=0.115567 val_mse=0.093562 best_val=0.093562 patience=0/10
[2026-04-20 14:25:30] Sweep-Step8-gb0.300-lm0.700 | Epoch 19/20 train_loss=0.114737 val_mse=0.098818 best_val=0.093562 patience=1/10
[2026-04-20 14:25:36] Sweep-Step8-gb0.300-lm0.700 | Epoch 20/20 train_loss=0.112742 val_mse=0.091557 best_val=0.091557 patience=0/10
[2026-04-20 14:25:37] Sweep-Step8-gb0.300-lm0.700 DONE | MSE=0.091557 RMSE=0.302583 MAE=0.250716 Pearson=0.733329 [best_epoch=20]
[2026-04-20 14:25:43] Sweep-Step8-gb0.350-lm0.500 | Epoch 1/20 train_loss=0.167489 val_mse=0.134877 best_val=0.134877 patience=0/10
[2026-04-20 14:25:49] Sweep-Step8-gb0.350-lm0.500 | Epoch 2/20 train_loss=0.144874 val_mse=0.129673 best_val=0.129673 patience=0/10
[2026-04-20 14:25:55] Sweep-Step8-gb0.350-lm0.500 | Epoch 3/20 train_loss=0.139034 val_mse=0.122925 best_val=0.122925 patience=0/10
[2026-04-20 14:26:01] Sweep-Step8-gb0.350-lm0.500 | Epoch 4/20 train_loss=0.134993 val_mse=0.116545 best_val=0.116545 patience=0/10
[2026-04-20 14:26:07] Sweep-Step8-gb0.350-lm0.500 | Epoch 5/20 train_loss=0.133018 val_mse=0.112244 best_val=0.112244 patience=0/10
[2026-04-20 14:26:13] Sweep-Step8-gb0.350-lm0.500 | Epoch 6/20 train_loss=0.129420 val_mse=0.107251 best_val=0.107251 patience=0/10
[2026-04-20 14:26:19] Sweep-Step8-gb0.350-lm0.500 | Epoch 7/20 train_loss=0.126626 val_mse=0.108278 best_val=0.107251 patience=1/10
[2026-04-20 14:26:25] Sweep-Step8-gb0.350-lm0.500 | Epoch 8/20 train_loss=0.125071 val_mse=0.108175 best_val=0.107251 patience=2/10
[2026-04-20 14:26:31] Sweep-Step8-gb0.350-lm0.500 | Epoch 9/20 train_loss=0.124112 val_mse=0.103271 best_val=0.103271 patience=0/10
[2026-04-20 14:26:37] Sweep-Step8-gb0.350-lm0.500 | Epoch 10/20 train_loss=0.120987 val_mse=0.102791 best_val=0.102791 patience=0/10
[2026-04-20 14:26:43] Sweep-Step8-gb0.350-lm0.500 | Epoch 11/20 train_loss=0.118382 val_mse=0.097459 best_val=0.097459 patience=0/10
[2026-04-20 14:26:49] Sweep-Step8-gb0.350-lm0.500 | Epoch 12/20 train_loss=0.116599 val_mse=0.096546 best_val=0.096546 patience=0/10
[2026-04-20 14:26:55] Sweep-Step8-gb0.350-lm0.500 | Epoch 13/20 train_loss=0.115023 val_mse=0.095047 best_val=0.095047 patience=0/10
[2026-04-20 14:27:01] Sweep-Step8-gb0.350-lm0.500 | Epoch 14/20 train_loss=0.114408 val_mse=0.096465 best_val=0.095047 patience=1/10
[2026-04-20 14:27:07] Sweep-Step8-gb0.350-lm0.500 | Epoch 15/20 train_loss=0.112389 val_mse=0.091823 best_val=0.091823 patience=0/10
[2026-04-20 14:27:13] Sweep-Step8-gb0.350-lm0.500 | Epoch 16/20 train_loss=0.111684 val_mse=0.088428 best_val=0.088428 patience=0/10
[2026-04-20 14:27:19] Sweep-Step8-gb0.350-lm0.500 | Epoch 17/20 train_loss=0.111226 val_mse=0.088365 best_val=0.088365 patience=0/10
[2026-04-20 14:27:24] Sweep-Step8-gb0.350-lm0.500 | Epoch 18/20 train_loss=0.109766 val_mse=0.089609 best_val=0.088365 patience=1/10
[2026-04-20 14:27:30] Sweep-Step8-gb0.350-lm0.500 | Epoch 19/20 train_loss=0.107293 val_mse=0.099203 best_val=0.088365 patience=2/10
[2026-04-20 14:27:36] Sweep-Step8-gb0.350-lm0.500 | Epoch 20/20 train_loss=0.105926 val_mse=0.094558 best_val=0.088365 patience=3/10
[2026-04-20 14:27:37] Sweep-Step8-gb0.350-lm0.500 DONE | MSE=0.088365 RMSE=0.297262 MAE=0.244979 Pearson=0.743172 [best_epoch=17]
[2026-04-20 14:27:43] Sweep-Step8-gb0.350-lm0.700 | Epoch 1/20 train_loss=0.169169 val_mse=0.140432 best_val=0.140432 patience=0/10
[2026-04-20 14:27:49] Sweep-Step8-gb0.350-lm0.700 | Epoch 2/20 train_loss=0.145820 val_mse=0.130508 best_val=0.130508 patience=0/10
[2026-04-20 14:27:55] Sweep-Step8-gb0.350-lm0.700 | Epoch 3/20 train_loss=0.140810 val_mse=0.127987 best_val=0.127987 patience=0/10
[2026-04-20 14:28:00] Sweep-Step8-gb0.350-lm0.700 | Epoch 4/20 train_loss=0.136266 val_mse=0.123777 best_val=0.123777 patience=0/10
[2026-04-20 14:28:06] Sweep-Step8-gb0.350-lm0.700 | Epoch 5/20 train_loss=0.131564 val_mse=0.124402 best_val=0.123777 patience=1/10
[2026-04-20 14:28:12] Sweep-Step8-gb0.350-lm0.700 | Epoch 6/20 train_loss=0.129137 val_mse=0.114583 best_val=0.114583 patience=0/10
[2026-04-20 14:28:18] Sweep-Step8-gb0.350-lm0.700 | Epoch 7/20 train_loss=0.126155 val_mse=0.112108 best_val=0.112108 patience=0/10
[2026-04-20 14:28:24] Sweep-Step8-gb0.350-lm0.700 | Epoch 8/20 train_loss=0.124461 val_mse=0.118740 best_val=0.112108 patience=1/10
[2026-04-20 14:28:30] Sweep-Step8-gb0.350-lm0.700 | Epoch 9/20 train_loss=0.124023 val_mse=0.105000 best_val=0.105000 patience=0/10
[2026-04-20 14:28:36] Sweep-Step8-gb0.350-lm0.700 | Epoch 10/20 train_loss=0.121452 val_mse=0.112954 best_val=0.105000 patience=1/10
[2026-04-20 14:28:42] Sweep-Step8-gb0.350-lm0.700 | Epoch 11/20 train_loss=0.119423 val_mse=0.105465 best_val=0.105000 patience=2/10
[2026-04-20 14:28:48] Sweep-Step8-gb0.350-lm0.700 | Epoch 12/20 train_loss=0.119063 val_mse=0.103302 best_val=0.103302 patience=0/10
[2026-04-20 14:28:54] Sweep-Step8-gb0.350-lm0.700 | Epoch 13/20 train_loss=0.116192 val_mse=0.098594 best_val=0.098594 patience=0/10
[2026-04-20 14:29:00] Sweep-Step8-gb0.350-lm0.700 | Epoch 14/20 train_loss=0.115616 val_mse=0.102565 best_val=0.098594 patience=1/10
[2026-04-20 14:29:06] Sweep-Step8-gb0.350-lm0.700 | Epoch 15/20 train_loss=0.114099 val_mse=0.102390 best_val=0.098594 patience=2/10
[2026-04-20 14:29:12] Sweep-Step8-gb0.350-lm0.700 | Epoch 16/20 train_loss=0.111998 val_mse=0.092505 best_val=0.092505 patience=0/10
[2026-04-20 14:29:18] Sweep-Step8-gb0.350-lm0.700 | Epoch 17/20 train_loss=0.111377 val_mse=0.091217 best_val=0.091217 patience=0/10
[2026-04-20 14:29:24] Sweep-Step8-gb0.350-lm0.700 | Epoch 18/20 train_loss=0.110498 val_mse=0.087099 best_val=0.087099 patience=0/10
[2026-04-20 14:29:30] Sweep-Step8-gb0.350-lm0.700 | Epoch 19/20 train_loss=0.108837 val_mse=0.086961 best_val=0.086961 patience=0/10
[2026-04-20 14:29:36] Sweep-Step8-gb0.350-lm0.700 | Epoch 20/20 train_loss=0.107224 val_mse=0.087211 best_val=0.086961 patience=1/10
[2026-04-20 14:29:37] Sweep-Step8-gb0.350-lm0.700 DONE | MSE=0.086961 RMSE=0.294891 MAE=0.243974 Pearson=0.748478 [best_epoch=19]
[2026-04-20 14:29:37] >>> Sweep best: gate_b_scale=0.100, final_lr_mult=0.700, mse=0.085839
[2026-04-20 14:29:37] >>> Stage 3: running 9-step matrix with fixed best params
[2026-04-20 14:29:41] Step1-BaselineA-Weak | Epoch 1/50 train_loss=0.189967 val_mse=0.177500 best_val=0.177500 patience=0/10
[2026-04-20 14:29:44] Step1-BaselineA-Weak | Epoch 2/50 train_loss=0.177124 val_mse=0.179648 best_val=0.177500 patience=1/10
[2026-04-20 14:29:48] Step1-BaselineA-Weak | Epoch 3/50 train_loss=0.175881 val_mse=0.175586 best_val=0.175586 patience=0/10
[2026-04-20 14:29:51] Step1-BaselineA-Weak | Epoch 4/50 train_loss=0.174687 val_mse=0.171639 best_val=0.171639 patience=0/10
[2026-04-20 14:29:55] Step1-BaselineA-Weak | Epoch 5/50 train_loss=0.174038 val_mse=0.170892 best_val=0.170892 patience=0/10
[2026-04-20 14:29:58] Step1-BaselineA-Weak | Epoch 6/50 train_loss=0.173900 val_mse=0.173051 best_val=0.170892 patience=1/10
[2026-04-20 14:30:02] Step1-BaselineA-Weak | Epoch 7/50 train_loss=0.173701 val_mse=0.172911 best_val=0.170892 patience=2/10
[2026-04-20 14:30:06] Step1-BaselineA-Weak | Epoch 8/50 train_loss=0.173107 val_mse=0.171635 best_val=0.170892 patience=3/10
[2026-04-20 14:30:09] Step1-BaselineA-Weak | Epoch 9/50 train_loss=0.173049 val_mse=0.175712 best_val=0.170892 patience=4/10
[2026-04-20 14:30:13] Step1-BaselineA-Weak | Epoch 10/50 train_loss=0.172184 val_mse=0.171659 best_val=0.170892 patience=5/10
[2026-04-20 14:30:16] Step1-BaselineA-Weak | Epoch 11/50 train_loss=0.172548 val_mse=0.173134 best_val=0.170892 patience=6/10
[2026-04-20 14:30:20] Step1-BaselineA-Weak | Epoch 12/50 train_loss=0.172178 val_mse=0.171959 best_val=0.170892 patience=7/10
[2026-04-20 14:30:23] Step1-BaselineA-Weak | Epoch 13/50 train_loss=0.171807 val_mse=0.171551 best_val=0.170892 patience=8/10
[2026-04-20 14:30:27] Step1-BaselineA-Weak | Epoch 14/50 train_loss=0.171217 val_mse=0.171159 best_val=0.170892 patience=9/10
[2026-04-20 14:30:31] Step1-BaselineA-Weak | Epoch 15/50 train_loss=0.171348 val_mse=0.170331 best_val=0.170331 patience=0/10
[2026-04-20 14:30:34] Step1-BaselineA-Weak | Epoch 16/50 train_loss=0.170640 val_mse=0.169148 best_val=0.169148 patience=0/10
[2026-04-20 14:30:38] Step1-BaselineA-Weak | Epoch 17/50 train_loss=0.170060 val_mse=0.169200 best_val=0.169148 patience=1/10
[2026-04-20 14:30:41] Step1-BaselineA-Weak | Epoch 18/50 train_loss=0.170083 val_mse=0.169530 best_val=0.169148 patience=2/10
[2026-04-20 14:30:45] Step1-BaselineA-Weak | Epoch 19/50 train_loss=0.170214 val_mse=0.170589 best_val=0.169148 patience=3/10
[2026-04-20 14:30:48] Step1-BaselineA-Weak | Epoch 20/50 train_loss=0.169749 val_mse=0.167516 best_val=0.167516 patience=0/10
[2026-04-20 14:30:52] Step1-BaselineA-Weak | Epoch 21/50 train_loss=0.169411 val_mse=0.167667 best_val=0.167516 patience=1/10
[2026-04-20 14:30:56] Step1-BaselineA-Weak | Epoch 22/50 train_loss=0.169383 val_mse=0.167648 best_val=0.167516 patience=2/10
[2026-04-20 14:30:59] Step1-BaselineA-Weak | Epoch 23/50 train_loss=0.169175 val_mse=0.167509 best_val=0.167509 patience=0/10
[2026-04-20 14:31:03] Step1-BaselineA-Weak | Epoch 24/50 train_loss=0.168696 val_mse=0.168517 best_val=0.167509 patience=1/10
[2026-04-20 14:31:06] Step1-BaselineA-Weak | Epoch 25/50 train_loss=0.168615 val_mse=0.167338 best_val=0.167338 patience=0/10
[2026-04-20 14:31:10] Step1-BaselineA-Weak | Epoch 26/50 train_loss=0.168856 val_mse=0.167696 best_val=0.167338 patience=1/10
[2026-04-20 14:31:13] Step1-BaselineA-Weak | Epoch 27/50 train_loss=0.168452 val_mse=0.167510 best_val=0.167338 patience=2/10
[2026-04-20 14:31:17] Step1-BaselineA-Weak | Epoch 28/50 train_loss=0.167801 val_mse=0.167451 best_val=0.167338 patience=3/10
[2026-04-20 14:31:21] Step1-BaselineA-Weak | Epoch 29/50 train_loss=0.168313 val_mse=0.166846 best_val=0.166846 patience=0/10
[2026-04-20 14:31:24] Step1-BaselineA-Weak | Epoch 30/50 train_loss=0.168005 val_mse=0.166285 best_val=0.166285 patience=0/10
[2026-04-20 14:31:28] Step1-BaselineA-Weak | Epoch 31/50 train_loss=0.168216 val_mse=0.167392 best_val=0.166285 patience=1/10
[2026-04-20 14:31:31] Step1-BaselineA-Weak | Epoch 32/50 train_loss=0.167540 val_mse=0.166104 best_val=0.166104 patience=0/10
[2026-04-20 14:31:35] Step1-BaselineA-Weak | Epoch 33/50 train_loss=0.167567 val_mse=0.166410 best_val=0.166104 patience=1/10
[2026-04-20 14:31:39] Step1-BaselineA-Weak | Epoch 34/50 train_loss=0.167560 val_mse=0.165796 best_val=0.165796 patience=0/10
[2026-04-20 14:31:42] Step1-BaselineA-Weak | Epoch 35/50 train_loss=0.167515 val_mse=0.165395 best_val=0.165395 patience=0/10
[2026-04-20 14:31:46] Step1-BaselineA-Weak | Epoch 36/50 train_loss=0.166902 val_mse=0.167005 best_val=0.165395 patience=1/10
[2026-04-20 14:31:49] Step1-BaselineA-Weak | Epoch 37/50 train_loss=0.166552 val_mse=0.165510 best_val=0.165395 patience=2/10
[2026-04-20 14:31:53] Step1-BaselineA-Weak | Epoch 38/50 train_loss=0.166987 val_mse=0.166544 best_val=0.165395 patience=3/10
[2026-04-20 14:31:57] Step1-BaselineA-Weak | Epoch 39/50 train_loss=0.166488 val_mse=0.164990 best_val=0.164990 patience=0/10
[2026-04-20 14:32:00] Step1-BaselineA-Weak | Epoch 40/50 train_loss=0.166982 val_mse=0.165087 best_val=0.164990 patience=1/10
[2026-04-20 14:32:04] Step1-BaselineA-Weak | Epoch 41/50 train_loss=0.166770 val_mse=0.164111 best_val=0.164111 patience=0/10
[2026-04-20 14:32:07] Step1-BaselineA-Weak | Epoch 42/50 train_loss=0.167070 val_mse=0.164336 best_val=0.164111 patience=1/10
[2026-04-20 14:32:11] Step1-BaselineA-Weak | Epoch 43/50 train_loss=0.166618 val_mse=0.167882 best_val=0.164111 patience=2/10
[2026-04-20 14:32:14] Step1-BaselineA-Weak | Epoch 44/50 train_loss=0.166834 val_mse=0.163905 best_val=0.163905 patience=0/10
[2026-04-20 14:32:18] Step1-BaselineA-Weak | Epoch 45/50 train_loss=0.166992 val_mse=0.164799 best_val=0.163905 patience=1/10
[2026-04-20 14:32:21] Step1-BaselineA-Weak | Epoch 46/50 train_loss=0.167011 val_mse=0.165009 best_val=0.163905 patience=2/10
[2026-04-20 14:32:25] Step1-BaselineA-Weak | Epoch 47/50 train_loss=0.166753 val_mse=0.165023 best_val=0.163905 patience=3/10
[2026-04-20 14:32:28] Step1-BaselineA-Weak | Epoch 48/50 train_loss=0.166710 val_mse=0.164614 best_val=0.163905 patience=4/10
[2026-04-20 14:32:32] Step1-BaselineA-Weak | Epoch 49/50 train_loss=0.166320 val_mse=0.164336 best_val=0.163905 patience=5/10
[2026-04-20 14:32:36] Step1-BaselineA-Weak | Epoch 50/50 train_loss=0.166452 val_mse=0.165245 best_val=0.163905 patience=6/10
[2026-04-20 14:32:36] Step1-BaselineA-Weak DONE | MSE=0.163905 RMSE=0.404851 MAE=0.354597 Pearson=0.391618 [best_epoch=44]
[2026-04-20 14:32:40] Step2-BaselineB-Strong | Epoch 1/50 train_loss=0.185999 val_mse=0.177660 best_val=0.177660 patience=0/10
[2026-04-20 14:32:43] Step2-BaselineB-Strong | Epoch 2/50 train_loss=0.173964 val_mse=0.171787 best_val=0.171787 patience=0/10
[2026-04-20 14:32:47] Step2-BaselineB-Strong | Epoch 3/50 train_loss=0.172884 val_mse=0.172799 best_val=0.171787 patience=1/10
[2026-04-20 14:32:51] Step2-BaselineB-Strong | Epoch 4/50 train_loss=0.172159 val_mse=0.168625 best_val=0.168625 patience=0/10
[2026-04-20 14:32:54] Step2-BaselineB-Strong | Epoch 5/50 train_loss=0.171527 val_mse=0.168729 best_val=0.168625 patience=1/10
[2026-04-20 14:32:58] Step2-BaselineB-Strong | Epoch 6/50 train_loss=0.171329 val_mse=0.169470 best_val=0.168625 patience=2/10
[2026-04-20 14:33:02] Step2-BaselineB-Strong | Epoch 7/50 train_loss=0.171123 val_mse=0.168854 best_val=0.168625 patience=3/10
[2026-04-20 14:33:06] Step2-BaselineB-Strong | Epoch 8/50 train_loss=0.171217 val_mse=0.169702 best_val=0.168625 patience=4/10
[2026-04-20 14:33:09] Step2-BaselineB-Strong | Epoch 9/50 train_loss=0.170440 val_mse=0.169233 best_val=0.168625 patience=5/10
[2026-04-20 14:33:13] Step2-BaselineB-Strong | Epoch 10/50 train_loss=0.170548 val_mse=0.170358 best_val=0.168625 patience=6/10
[2026-04-20 14:33:16] Step2-BaselineB-Strong | Epoch 11/50 train_loss=0.170154 val_mse=0.168895 best_val=0.168625 patience=7/10
[2026-04-20 14:33:20] Step2-BaselineB-Strong | Epoch 12/50 train_loss=0.169979 val_mse=0.168024 best_val=0.168024 patience=0/10
[2026-04-20 14:33:24] Step2-BaselineB-Strong | Epoch 13/50 train_loss=0.170058 val_mse=0.172100 best_val=0.168024 patience=1/10
[2026-04-20 14:33:28] Step2-BaselineB-Strong | Epoch 14/50 train_loss=0.169821 val_mse=0.167758 best_val=0.167758 patience=0/10
[2026-04-20 14:33:31] Step2-BaselineB-Strong | Epoch 15/50 train_loss=0.169195 val_mse=0.172687 best_val=0.167758 patience=1/10
[2026-04-20 14:33:35] Step2-BaselineB-Strong | Epoch 16/50 train_loss=0.169032 val_mse=0.167427 best_val=0.167427 patience=0/10
[2026-04-20 14:33:39] Step2-BaselineB-Strong | Epoch 17/50 train_loss=0.168932 val_mse=0.167386 best_val=0.167386 patience=0/10
[2026-04-20 14:33:42] Step2-BaselineB-Strong | Epoch 18/50 train_loss=0.168928 val_mse=0.168311 best_val=0.167386 patience=1/10
[2026-04-20 14:33:46] Step2-BaselineB-Strong | Epoch 19/50 train_loss=0.168934 val_mse=0.171040 best_val=0.167386 patience=2/10
[2026-04-20 14:33:50] Step2-BaselineB-Strong | Epoch 20/50 train_loss=0.169128 val_mse=0.170850 best_val=0.167386 patience=3/10
[2026-04-20 14:33:53] Step2-BaselineB-Strong | Epoch 21/50 train_loss=0.169120 val_mse=0.168742 best_val=0.167386 patience=4/10
[2026-04-20 14:33:57] Step2-BaselineB-Strong | Epoch 22/50 train_loss=0.168218 val_mse=0.168317 best_val=0.167386 patience=5/10
[2026-04-20 14:34:01] Step2-BaselineB-Strong | Epoch 23/50 train_loss=0.169038 val_mse=0.171538 best_val=0.167386 patience=6/10
[2026-04-20 14:34:05] Step2-BaselineB-Strong | Epoch 24/50 train_loss=0.170758 val_mse=0.171034 best_val=0.167386 patience=7/10
[2026-04-20 14:34:08] Step2-BaselineB-Strong | Epoch 25/50 train_loss=0.170763 val_mse=0.170969 best_val=0.167386 patience=8/10
[2026-04-20 14:34:12] Step2-BaselineB-Strong | Epoch 26/50 train_loss=0.170741 val_mse=0.172402 best_val=0.167386 patience=9/10
[2026-04-20 14:34:15] Step2-BaselineB-Strong | Epoch 27/50 train_loss=0.170740 val_mse=0.171115 best_val=0.167386 patience=10/10
[2026-04-20 14:34:15] Step2-BaselineB-Strong | Early stop at epoch 27, best=17
[2026-04-20 14:34:16] Step2-BaselineB-Strong DONE | MSE=0.167386 RMSE=0.409128 MAE=0.355937 Pearson=0.379832 [best_epoch=17]
[2026-04-20 14:34:22] Step3-Ours-TCN | Epoch 1/50 train_loss=0.189103 val_mse=0.176989 best_val=0.176989 patience=0/10
[2026-04-20 14:34:27] Step3-Ours-TCN | Epoch 2/50 train_loss=0.175499 val_mse=0.171210 best_val=0.171210 patience=0/10
[2026-04-20 14:34:33] Step3-Ours-TCN | Epoch 3/50 train_loss=0.174599 val_mse=0.171308 best_val=0.171210 patience=1/10
[2026-04-20 14:34:39] Step3-Ours-TCN | Epoch 4/50 train_loss=0.174190 val_mse=0.169494 best_val=0.169494 patience=0/10
[2026-04-20 14:34:44] Step3-Ours-TCN | Epoch 5/50 train_loss=0.172520 val_mse=0.169752 best_val=0.169494 patience=1/10
[2026-04-20 14:34:50] Step3-Ours-TCN | Epoch 6/50 train_loss=0.172623 val_mse=0.169886 best_val=0.169494 patience=2/10
[2026-04-20 14:34:56] Step3-Ours-TCN | Epoch 7/50 train_loss=0.171599 val_mse=0.168269 best_val=0.168269 patience=0/10
[2026-04-20 14:35:02] Step3-Ours-TCN | Epoch 8/50 train_loss=0.171714 val_mse=0.170237 best_val=0.168269 patience=1/10
[2026-04-20 14:35:08] Step3-Ours-TCN | Epoch 9/50 train_loss=0.171409 val_mse=0.168585 best_val=0.168269 patience=2/10
[2026-04-20 14:35:13] Step3-Ours-TCN | Epoch 10/50 train_loss=0.170966 val_mse=0.170026 best_val=0.168269 patience=3/10
[2026-04-20 14:35:19] Step3-Ours-TCN | Epoch 11/50 train_loss=0.170341 val_mse=0.167778 best_val=0.167778 patience=0/10
[2026-04-20 14:35:25] Step3-Ours-TCN | Epoch 12/50 train_loss=0.170436 val_mse=0.168610 best_val=0.167778 patience=1/10
[2026-04-20 14:35:31] Step3-Ours-TCN | Epoch 13/50 train_loss=0.169759 val_mse=0.168272 best_val=0.167778 patience=2/10
[2026-04-20 14:35:36] Step3-Ours-TCN | Epoch 14/50 train_loss=0.169525 val_mse=0.166606 best_val=0.166606 patience=0/10
[2026-04-20 14:35:42] Step3-Ours-TCN | Epoch 15/50 train_loss=0.168998 val_mse=0.166505 best_val=0.166505 patience=0/10
[2026-04-20 14:35:48] Step3-Ours-TCN | Epoch 16/50 train_loss=0.168657 val_mse=0.165991 best_val=0.165991 patience=0/10
[2026-04-20 14:35:54] Step3-Ours-TCN | Epoch 17/50 train_loss=0.168767 val_mse=0.170474 best_val=0.165991 patience=1/10
[2026-04-20 14:35:59] Step3-Ours-TCN | Epoch 18/50 train_loss=0.168411 val_mse=0.168253 best_val=0.165991 patience=2/10
[2026-04-20 14:36:05] Step3-Ours-TCN | Epoch 19/50 train_loss=0.168894 val_mse=0.169126 best_val=0.165991 patience=3/10
[2026-04-20 14:36:10] Step3-Ours-TCN | Epoch 20/50 train_loss=0.168066 val_mse=0.165771 best_val=0.165771 patience=0/10
[2026-04-20 14:36:16] Step3-Ours-TCN | Epoch 21/50 train_loss=0.167877 val_mse=0.167602 best_val=0.165771 patience=1/10
[2026-04-20 14:36:22] Step3-Ours-TCN | Epoch 22/50 train_loss=0.167679 val_mse=0.165539 best_val=0.165539 patience=0/10
[2026-04-20 14:36:27] Step3-Ours-TCN | Epoch 23/50 train_loss=0.167357 val_mse=0.164941 best_val=0.164941 patience=0/10
[2026-04-20 14:36:33] Step3-Ours-TCN | Epoch 24/50 train_loss=0.167369 val_mse=0.166191 best_val=0.164941 patience=1/10
[2026-04-20 14:36:39] Step3-Ours-TCN | Epoch 25/50 train_loss=0.166900 val_mse=0.163651 best_val=0.163651 patience=0/10
[2026-04-20 14:36:45] Step3-Ours-TCN | Epoch 26/50 train_loss=0.166526 val_mse=0.164976 best_val=0.163651 patience=1/10
[2026-04-20 14:36:50] Step3-Ours-TCN | Epoch 27/50 train_loss=0.165916 val_mse=0.168227 best_val=0.163651 patience=2/10
[2026-04-20 14:36:56] Step3-Ours-TCN | Epoch 28/50 train_loss=0.165238 val_mse=0.163127 best_val=0.163127 patience=0/10
[2026-04-20 14:37:02] Step3-Ours-TCN | Epoch 29/50 train_loss=0.165347 val_mse=0.164707 best_val=0.163127 patience=1/10
[2026-04-20 14:37:07] Step3-Ours-TCN | Epoch 30/50 train_loss=0.165111 val_mse=0.161814 best_val=0.161814 patience=0/10
[2026-04-20 14:37:13] Step3-Ours-TCN | Epoch 31/50 train_loss=0.164774 val_mse=0.163755 best_val=0.161814 patience=1/10
[2026-04-20 14:37:19] Step3-Ours-TCN | Epoch 32/50 train_loss=0.163844 val_mse=0.160448 best_val=0.160448 patience=0/10
[2026-04-20 14:37:24] Step3-Ours-TCN | Epoch 33/50 train_loss=0.163832 val_mse=0.160008 best_val=0.160008 patience=0/10
[2026-04-20 14:37:30] Step3-Ours-TCN | Epoch 34/50 train_loss=0.163394 val_mse=0.165343 best_val=0.160008 patience=1/10
[2026-04-20 14:37:36] Step3-Ours-TCN | Epoch 35/50 train_loss=0.162763 val_mse=0.159819 best_val=0.159819 patience=0/10
[2026-04-20 14:37:42] Step3-Ours-TCN | Epoch 36/50 train_loss=0.163467 val_mse=0.160749 best_val=0.159819 patience=1/10
[2026-04-20 14:37:47] Step3-Ours-TCN | Epoch 37/50 train_loss=0.162674 val_mse=0.167133 best_val=0.159819 patience=2/10
[2026-04-20 14:37:53] Step3-Ours-TCN | Epoch 38/50 train_loss=0.162842 val_mse=0.160451 best_val=0.159819 patience=3/10
[2026-04-20 14:37:59] Step3-Ours-TCN | Epoch 39/50 train_loss=0.163933 val_mse=0.164035 best_val=0.159819 patience=4/10
[2026-04-20 14:38:05] Step3-Ours-TCN | Epoch 40/50 train_loss=0.165522 val_mse=0.162767 best_val=0.159819 patience=5/10
[2026-04-20 14:38:10] Step3-Ours-TCN | Epoch 41/50 train_loss=0.164060 val_mse=0.162037 best_val=0.159819 patience=6/10
[2026-04-20 14:38:16] Step3-Ours-TCN | Epoch 42/50 train_loss=0.164452 val_mse=0.162532 best_val=0.159819 patience=7/10
[2026-04-20 14:38:21] Step3-Ours-TCN | Epoch 43/50 train_loss=0.163890 val_mse=0.161197 best_val=0.159819 patience=8/10
[2026-04-20 14:38:27] Step3-Ours-TCN | Epoch 44/50 train_loss=0.163878 val_mse=0.161833 best_val=0.159819 patience=9/10
[2026-04-20 14:38:33] Step3-Ours-TCN | Epoch 45/50 train_loss=0.162561 val_mse=0.159590 best_val=0.159590 patience=0/10
[2026-04-20 14:38:38] Step3-Ours-TCN | Epoch 46/50 train_loss=0.161911 val_mse=0.161412 best_val=0.159590 patience=1/10
[2026-04-20 14:38:44] Step3-Ours-TCN | Epoch 47/50 train_loss=0.161005 val_mse=0.156867 best_val=0.156867 patience=0/10
[2026-04-20 14:38:50] Step3-Ours-TCN | Epoch 48/50 train_loss=0.162140 val_mse=0.165478 best_val=0.156867 patience=1/10
[2026-04-20 14:38:55] Step3-Ours-TCN | Epoch 49/50 train_loss=0.166240 val_mse=0.164665 best_val=0.156867 patience=2/10
[2026-04-20 14:39:01] Step3-Ours-TCN | Epoch 50/50 train_loss=0.166004 val_mse=0.165087 best_val=0.156867 patience=3/10
[2026-04-20 14:39:02] Step3-Ours-TCN DONE | MSE=0.156867 RMSE=0.396064 MAE=0.342383 Pearson=0.445886 [best_epoch=47]
[2026-04-20 14:39:08] Step5-Ablation1-woDualGating | Epoch 1/50 train_loss=0.166089 val_mse=0.136483 best_val=0.136483 patience=0/10
[2026-04-20 14:39:13] Step5-Ablation1-woDualGating | Epoch 2/50 train_loss=0.147010 val_mse=0.121999 best_val=0.121999 patience=0/10
[2026-04-20 14:39:19] Step5-Ablation1-woDualGating | Epoch 3/50 train_loss=0.140141 val_mse=0.116247 best_val=0.116247 patience=0/10
[2026-04-20 14:39:25] Step5-Ablation1-woDualGating | Epoch 4/50 train_loss=0.135317 val_mse=0.112028 best_val=0.112028 patience=0/10
[2026-04-20 14:39:30] Step5-Ablation1-woDualGating | Epoch 5/50 train_loss=0.132661 val_mse=0.110445 best_val=0.110445 patience=0/10
[2026-04-20 14:39:36] Step5-Ablation1-woDualGating | Epoch 6/50 train_loss=0.128867 val_mse=0.109898 best_val=0.109898 patience=0/10
[2026-04-20 14:39:42] Step5-Ablation1-woDualGating | Epoch 7/50 train_loss=0.126388 val_mse=0.102496 best_val=0.102496 patience=0/10
[2026-04-20 14:39:48] Step5-Ablation1-woDualGating | Epoch 8/50 train_loss=0.126227 val_mse=0.105950 best_val=0.102496 patience=1/10
[2026-04-20 14:39:53] Step5-Ablation1-woDualGating | Epoch 9/50 train_loss=0.124575 val_mse=0.105494 best_val=0.102496 patience=2/10
[2026-04-20 14:39:59] Step5-Ablation1-woDualGating | Epoch 10/50 train_loss=0.123095 val_mse=0.100620 best_val=0.100620 patience=0/10
[2026-04-20 14:40:05] Step5-Ablation1-woDualGating | Epoch 11/50 train_loss=0.121937 val_mse=0.102837 best_val=0.100620 patience=1/10
[2026-04-20 14:40:10] Step5-Ablation1-woDualGating | Epoch 12/50 train_loss=0.121164 val_mse=0.098095 best_val=0.098095 patience=0/10
[2026-04-20 14:40:16] Step5-Ablation1-woDualGating | Epoch 13/50 train_loss=0.117955 val_mse=0.104308 best_val=0.098095 patience=1/10
[2026-04-20 14:40:22] Step5-Ablation1-woDualGating | Epoch 14/50 train_loss=0.116867 val_mse=0.093562 best_val=0.093562 patience=0/10
[2026-04-20 14:40:27] Step5-Ablation1-woDualGating | Epoch 15/50 train_loss=0.115477 val_mse=0.090419 best_val=0.090419 patience=0/10
[2026-04-20 14:40:33] Step5-Ablation1-woDualGating | Epoch 16/50 train_loss=0.114729 val_mse=0.092905 best_val=0.090419 patience=1/10
[2026-04-20 14:40:39] Step5-Ablation1-woDualGating | Epoch 17/50 train_loss=0.113961 val_mse=0.106174 best_val=0.090419 patience=2/10
[2026-04-20 14:40:44] Step5-Ablation1-woDualGating | Epoch 18/50 train_loss=0.112516 val_mse=0.088090 best_val=0.088090 patience=0/10
[2026-04-20 14:40:50] Step5-Ablation1-woDualGating | Epoch 19/50 train_loss=0.112523 val_mse=0.099929 best_val=0.088090 patience=1/10
[2026-04-20 14:40:56] Step5-Ablation1-woDualGating | Epoch 20/50 train_loss=0.110257 val_mse=0.090076 best_val=0.088090 patience=2/10
[2026-04-20 14:41:02] Step5-Ablation1-woDualGating | Epoch 21/50 train_loss=0.109473 val_mse=0.086016 best_val=0.086016 patience=0/10
[2026-04-20 14:41:07] Step5-Ablation1-woDualGating | Epoch 22/50 train_loss=0.109789 val_mse=0.086382 best_val=0.086016 patience=1/10
[2026-04-20 14:41:13] Step5-Ablation1-woDualGating | Epoch 23/50 train_loss=0.107754 val_mse=0.096278 best_val=0.086016 patience=2/10
[2026-04-20 14:41:19] Step5-Ablation1-woDualGating | Epoch 24/50 train_loss=0.107067 val_mse=0.083738 best_val=0.083738 patience=0/10
[2026-04-20 14:41:25] Step5-Ablation1-woDualGating | Epoch 25/50 train_loss=0.106558 val_mse=0.082597 best_val=0.082597 patience=0/10
[2026-04-20 14:41:30] Step5-Ablation1-woDualGating | Epoch 26/50 train_loss=0.105321 val_mse=0.081039 best_val=0.081039 patience=0/10
[2026-04-20 14:41:36] Step5-Ablation1-woDualGating | Epoch 27/50 train_loss=0.104257 val_mse=0.079929 best_val=0.079929 patience=0/10
[2026-04-20 14:41:42] Step5-Ablation1-woDualGating | Epoch 28/50 train_loss=0.103927 val_mse=0.083146 best_val=0.079929 patience=1/10
[2026-04-20 14:41:48] Step5-Ablation1-woDualGating | Epoch 29/50 train_loss=0.102937 val_mse=0.075204 best_val=0.075204 patience=0/10
[2026-04-20 14:41:53] Step5-Ablation1-woDualGating | Epoch 30/50 train_loss=0.103024 val_mse=0.077114 best_val=0.075204 patience=1/10
[2026-04-20 14:41:59] Step5-Ablation1-woDualGating | Epoch 31/50 train_loss=0.102589 val_mse=0.076767 best_val=0.075204 patience=2/10
[2026-04-20 14:42:05] Step5-Ablation1-woDualGating | Epoch 32/50 train_loss=0.101158 val_mse=0.092460 best_val=0.075204 patience=3/10
[2026-04-20 14:42:11] Step5-Ablation1-woDualGating | Epoch 33/50 train_loss=0.101128 val_mse=0.074399 best_val=0.074399 patience=0/10
[2026-04-20 14:42:16] Step5-Ablation1-woDualGating | Epoch 34/50 train_loss=0.100601 val_mse=0.082570 best_val=0.074399 patience=1/10
[2026-04-20 14:42:22] Step5-Ablation1-woDualGating | Epoch 35/50 train_loss=0.098968 val_mse=0.079833 best_val=0.074399 patience=2/10
[2026-04-20 14:42:28] Step5-Ablation1-woDualGating | Epoch 36/50 train_loss=0.098926 val_mse=0.074160 best_val=0.074160 patience=0/10
[2026-04-20 14:42:33] Step5-Ablation1-woDualGating | Epoch 37/50 train_loss=0.097296 val_mse=0.077944 best_val=0.074160 patience=1/10
[2026-04-20 14:42:39] Step5-Ablation1-woDualGating | Epoch 38/50 train_loss=0.098640 val_mse=0.083651 best_val=0.074160 patience=2/10
[2026-04-20 14:42:44] Step5-Ablation1-woDualGating | Epoch 39/50 train_loss=0.098227 val_mse=0.072086 best_val=0.072086 patience=0/10
[2026-04-20 14:42:50] Step5-Ablation1-woDualGating | Epoch 40/50 train_loss=0.096149 val_mse=0.070905 best_val=0.070905 patience=0/10
[2026-04-20 14:42:56] Step5-Ablation1-woDualGating | Epoch 41/50 train_loss=0.096460 val_mse=0.070749 best_val=0.070749 patience=0/10
[2026-04-20 14:43:01] Step5-Ablation1-woDualGating | Epoch 42/50 train_loss=0.094723 val_mse=0.069635 best_val=0.069635 patience=0/10
[2026-04-20 14:43:07] Step5-Ablation1-woDualGating | Epoch 43/50 train_loss=0.095983 val_mse=0.071280 best_val=0.069635 patience=1/10
[2026-04-20 14:43:13] Step5-Ablation1-woDualGating | Epoch 44/50 train_loss=0.095161 val_mse=0.069617 best_val=0.069617 patience=0/10
[2026-04-20 14:43:19] Step5-Ablation1-woDualGating | Epoch 45/50 train_loss=0.093659 val_mse=0.070811 best_val=0.069617 patience=1/10
[2026-04-20 14:43:25] Step5-Ablation1-woDualGating | Epoch 46/50 train_loss=0.094793 val_mse=0.078046 best_val=0.069617 patience=2/10
[2026-04-20 14:43:30] Step5-Ablation1-woDualGating | Epoch 47/50 train_loss=0.094040 val_mse=0.072498 best_val=0.069617 patience=3/10
[2026-04-20 14:43:36] Step5-Ablation1-woDualGating | Epoch 48/50 train_loss=0.094459 val_mse=0.075697 best_val=0.069617 patience=4/10
[2026-04-20 14:43:42] Step5-Ablation1-woDualGating | Epoch 49/50 train_loss=0.094282 val_mse=0.077519 best_val=0.069617 patience=5/10
[2026-04-20 14:43:47] Step5-Ablation1-woDualGating | Epoch 50/50 train_loss=0.091991 val_mse=0.075126 best_val=0.069617 patience=6/10
[2026-04-20 14:43:48] Step5-Ablation1-woDualGating DONE | MSE=0.069617 RMSE=0.263851 MAE=0.211951 Pearson=0.804271 [best_epoch=44]
[2026-04-20 14:43:52] Step6-Ablation2-woTCMPrior | Epoch 1/50 train_loss=0.170500 val_mse=0.135344 best_val=0.135344 patience=0/10
[2026-04-20 14:43:56] Step6-Ablation2-woTCMPrior | Epoch 2/50 train_loss=0.147907 val_mse=0.131459 best_val=0.131459 patience=0/10
[2026-04-20 14:44:00] Step6-Ablation2-woTCMPrior | Epoch 3/50 train_loss=0.143082 val_mse=0.121339 best_val=0.121339 patience=0/10
[2026-04-20 14:44:04] Step6-Ablation2-woTCMPrior | Epoch 4/50 train_loss=0.139215 val_mse=0.115017 best_val=0.115017 patience=0/10
[2026-04-20 14:44:08] Step6-Ablation2-woTCMPrior | Epoch 5/50 train_loss=0.135313 val_mse=0.117905 best_val=0.115017 patience=1/10
[2026-04-20 14:44:12] Step6-Ablation2-woTCMPrior | Epoch 6/50 train_loss=0.133201 val_mse=0.115616 best_val=0.115017 patience=2/10
[2026-04-20 14:44:15] Step6-Ablation2-woTCMPrior | Epoch 7/50 train_loss=0.130745 val_mse=0.120933 best_val=0.115017 patience=3/10
[2026-04-20 14:44:19] Step6-Ablation2-woTCMPrior | Epoch 8/50 train_loss=0.129288 val_mse=0.107454 best_val=0.107454 patience=0/10
[2026-04-20 14:44:23] Step6-Ablation2-woTCMPrior | Epoch 9/50 train_loss=0.127786 val_mse=0.116224 best_val=0.107454 patience=1/10
[2026-04-20 14:44:27] Step6-Ablation2-woTCMPrior | Epoch 10/50 train_loss=0.127429 val_mse=0.105486 best_val=0.105486 patience=0/10
[2026-04-20 14:44:31] Step6-Ablation2-woTCMPrior | Epoch 11/50 train_loss=0.124432 val_mse=0.108226 best_val=0.105486 patience=1/10
[2026-04-20 14:44:35] Step6-Ablation2-woTCMPrior | Epoch 12/50 train_loss=0.124828 val_mse=0.105453 best_val=0.105453 patience=0/10
[2026-04-20 14:44:39] Step6-Ablation2-woTCMPrior | Epoch 13/50 train_loss=0.123649 val_mse=0.103179 best_val=0.103179 patience=0/10
[2026-04-20 14:44:43] Step6-Ablation2-woTCMPrior | Epoch 14/50 train_loss=0.122141 val_mse=0.105315 best_val=0.103179 patience=1/10
[2026-04-20 14:44:47] Step6-Ablation2-woTCMPrior | Epoch 15/50 train_loss=0.121326 val_mse=0.102279 best_val=0.102279 patience=0/10
[2026-04-20 14:44:51] Step6-Ablation2-woTCMPrior | Epoch 16/50 train_loss=0.120858 val_mse=0.102759 best_val=0.102279 patience=1/10
[2026-04-20 14:44:55] Step6-Ablation2-woTCMPrior | Epoch 17/50 train_loss=0.118450 val_mse=0.117815 best_val=0.102279 patience=2/10
[2026-04-20 14:44:59] Step6-Ablation2-woTCMPrior | Epoch 18/50 train_loss=0.119505 val_mse=0.108469 best_val=0.102279 patience=3/10
[2026-04-20 14:45:03] Step6-Ablation2-woTCMPrior | Epoch 19/50 train_loss=0.118494 val_mse=0.097521 best_val=0.097521 patience=0/10
[2026-04-20 14:45:07] Step6-Ablation2-woTCMPrior | Epoch 20/50 train_loss=0.118372 val_mse=0.103528 best_val=0.097521 patience=1/10
[2026-04-20 14:45:11] Step6-Ablation2-woTCMPrior | Epoch 21/50 train_loss=0.117208 val_mse=0.099711 best_val=0.097521 patience=2/10
[2026-04-20 14:45:15] Step6-Ablation2-woTCMPrior | Epoch 22/50 train_loss=0.116059 val_mse=0.101471 best_val=0.097521 patience=3/10
[2026-04-20 14:45:19] Step6-Ablation2-woTCMPrior | Epoch 23/50 train_loss=0.116809 val_mse=0.095705 best_val=0.095705 patience=0/10
[2026-04-20 14:45:22] Step6-Ablation2-woTCMPrior | Epoch 24/50 train_loss=0.115043 val_mse=0.089352 best_val=0.089352 patience=0/10
[2026-04-20 14:45:26] Step6-Ablation2-woTCMPrior | Epoch 25/50 train_loss=0.114680 val_mse=0.098305 best_val=0.089352 patience=1/10
[2026-04-20 14:45:30] Step6-Ablation2-woTCMPrior | Epoch 26/50 train_loss=0.113756 val_mse=0.109239 best_val=0.089352 patience=2/10
[2026-04-20 14:45:34] Step6-Ablation2-woTCMPrior | Epoch 27/50 train_loss=0.112851 val_mse=0.092025 best_val=0.089352 patience=3/10
[2026-04-20 14:45:38] Step6-Ablation2-woTCMPrior | Epoch 28/50 train_loss=0.111393 val_mse=0.093486 best_val=0.089352 patience=4/10
[2026-04-20 14:45:42] Step6-Ablation2-woTCMPrior | Epoch 29/50 train_loss=0.113243 val_mse=0.097938 best_val=0.089352 patience=5/10
[2026-04-20 14:45:46] Step6-Ablation2-woTCMPrior | Epoch 30/50 train_loss=0.111941 val_mse=0.106304 best_val=0.089352 patience=6/10
[2026-04-20 14:45:50] Step6-Ablation2-woTCMPrior | Epoch 31/50 train_loss=0.111405 val_mse=0.090525 best_val=0.089352 patience=7/10
[2026-04-20 14:45:54] Step6-Ablation2-woTCMPrior | Epoch 32/50 train_loss=0.111468 val_mse=0.089251 best_val=0.089251 patience=0/10
[2026-04-20 14:45:58] Step6-Ablation2-woTCMPrior | Epoch 33/50 train_loss=0.111395 val_mse=0.094584 best_val=0.089251 patience=1/10
[2026-04-20 14:46:02] Step6-Ablation2-woTCMPrior | Epoch 34/50 train_loss=0.110211 val_mse=0.101443 best_val=0.089251 patience=2/10
[2026-04-20 14:46:06] Step6-Ablation2-woTCMPrior | Epoch 35/50 train_loss=0.109507 val_mse=0.086577 best_val=0.086577 patience=0/10
[2026-04-20 14:46:10] Step6-Ablation2-woTCMPrior | Epoch 36/50 train_loss=0.110232 val_mse=0.092894 best_val=0.086577 patience=1/10
[2026-04-20 14:46:14] Step6-Ablation2-woTCMPrior | Epoch 37/50 train_loss=0.109526 val_mse=0.094085 best_val=0.086577 patience=2/10
[2026-04-20 14:46:18] Step6-Ablation2-woTCMPrior | Epoch 38/50 train_loss=0.107621 val_mse=0.094756 best_val=0.086577 patience=3/10
[2026-04-20 14:46:22] Step6-Ablation2-woTCMPrior | Epoch 39/50 train_loss=0.108948 val_mse=0.089027 best_val=0.086577 patience=4/10
[2026-04-20 14:46:26] Step6-Ablation2-woTCMPrior | Epoch 40/50 train_loss=0.109267 val_mse=0.092625 best_val=0.086577 patience=5/10
[2026-04-20 14:46:30] Step6-Ablation2-woTCMPrior | Epoch 41/50 train_loss=0.107836 val_mse=0.086508 best_val=0.086508 patience=0/10
[2026-04-20 14:46:34] Step6-Ablation2-woTCMPrior | Epoch 42/50 train_loss=0.108423 val_mse=0.091578 best_val=0.086508 patience=1/10
[2026-04-20 14:46:39] Step6-Ablation2-woTCMPrior | Epoch 43/50 train_loss=0.109098 val_mse=0.088572 best_val=0.086508 patience=2/10
[2026-04-20 14:46:42] Step6-Ablation2-woTCMPrior | Epoch 44/50 train_loss=0.107370 val_mse=0.095903 best_val=0.086508 patience=3/10
[2026-04-20 14:46:46] Step6-Ablation2-woTCMPrior | Epoch 45/50 train_loss=0.107735 val_mse=0.082791 best_val=0.082791 patience=0/10
[2026-04-20 14:46:50] Step6-Ablation2-woTCMPrior | Epoch 46/50 train_loss=0.106502 val_mse=0.083693 best_val=0.082791 patience=1/10
[2026-04-20 14:46:54] Step6-Ablation2-woTCMPrior | Epoch 47/50 train_loss=0.106320 val_mse=0.087326 best_val=0.082791 patience=2/10
[2026-04-20 14:46:58] Step6-Ablation2-woTCMPrior | Epoch 48/50 train_loss=0.107815 val_mse=0.093479 best_val=0.082791 patience=3/10
[2026-04-20 14:47:02] Step6-Ablation2-woTCMPrior | Epoch 49/50 train_loss=0.105248 val_mse=0.081799 best_val=0.081799 patience=0/10
[2026-04-20 14:47:06] Step6-Ablation2-woTCMPrior | Epoch 50/50 train_loss=0.105628 val_mse=0.082814 best_val=0.081799 patience=1/10
[2026-04-20 14:47:06] Step6-Ablation2-woTCMPrior DONE | MSE=0.081799 RMSE=0.286005 MAE=0.231648 Pearson=0.761504 [best_epoch=49]
[2026-04-20 14:47:12] Step7-Ablation3-woTCMGate | Epoch 1/50 train_loss=0.160487 val_mse=0.139114 best_val=0.139114 patience=0/10
[2026-04-20 14:47:18] Step7-Ablation3-woTCMGate | Epoch 2/50 train_loss=0.139598 val_mse=0.125425 best_val=0.125425 patience=0/10
[2026-04-20 14:47:24] Step7-Ablation3-woTCMGate | Epoch 3/50 train_loss=0.133787 val_mse=0.115968 best_val=0.115968 patience=0/10
[2026-04-20 14:47:30] Step7-Ablation3-woTCMGate | Epoch 4/50 train_loss=0.127435 val_mse=0.108578 best_val=0.108578 patience=0/10
[2026-04-20 14:47:36] Step7-Ablation3-woTCMGate | Epoch 5/50 train_loss=0.125341 val_mse=0.104880 best_val=0.104880 patience=0/10
[2026-04-20 14:47:42] Step7-Ablation3-woTCMGate | Epoch 6/50 train_loss=0.121979 val_mse=0.101588 best_val=0.101588 patience=0/10
[2026-04-20 14:47:47] Step7-Ablation3-woTCMGate | Epoch 7/50 train_loss=0.119243 val_mse=0.099536 best_val=0.099536 patience=0/10
[2026-04-20 14:47:53] Step7-Ablation3-woTCMGate | Epoch 8/50 train_loss=0.116487 val_mse=0.100907 best_val=0.099536 patience=1/10
[2026-04-20 14:47:59] Step7-Ablation3-woTCMGate | Epoch 9/50 train_loss=0.115152 val_mse=0.103899 best_val=0.099536 patience=2/10
[2026-04-20 14:48:06] Step7-Ablation3-woTCMGate | Epoch 10/50 train_loss=0.113381 val_mse=0.097172 best_val=0.097172 patience=0/10
[2026-04-20 14:48:11] Step7-Ablation3-woTCMGate | Epoch 11/50 train_loss=0.110724 val_mse=0.091567 best_val=0.091567 patience=0/10
[2026-04-20 14:48:17] Step7-Ablation3-woTCMGate | Epoch 12/50 train_loss=0.110352 val_mse=0.089353 best_val=0.089353 patience=0/10
[2026-04-20 14:48:23] Step7-Ablation3-woTCMGate | Epoch 13/50 train_loss=0.108516 val_mse=0.087378 best_val=0.087378 patience=0/10
[2026-04-20 14:48:29] Step7-Ablation3-woTCMGate | Epoch 14/50 train_loss=0.107850 val_mse=0.086360 best_val=0.086360 patience=0/10
[2026-04-20 14:48:35] Step7-Ablation3-woTCMGate | Epoch 15/50 train_loss=0.106494 val_mse=0.091114 best_val=0.086360 patience=1/10
[2026-04-20 14:48:41] Step7-Ablation3-woTCMGate | Epoch 16/50 train_loss=0.103032 val_mse=0.087727 best_val=0.086360 patience=2/10
[2026-04-20 14:48:46] Step7-Ablation3-woTCMGate | Epoch 17/50 train_loss=0.103574 val_mse=0.087302 best_val=0.086360 patience=3/10
[2026-04-20 14:48:52] Step7-Ablation3-woTCMGate | Epoch 18/50 train_loss=0.102129 val_mse=0.083926 best_val=0.083926 patience=0/10
[2026-04-20 14:48:58] Step7-Ablation3-woTCMGate | Epoch 19/50 train_loss=0.101653 val_mse=0.089108 best_val=0.083926 patience=1/10
[2026-04-20 14:49:04] Step7-Ablation3-woTCMGate | Epoch 20/50 train_loss=0.099815 val_mse=0.084792 best_val=0.083926 patience=2/10
[2026-04-20 14:49:10] Step7-Ablation3-woTCMGate | Epoch 21/50 train_loss=0.098202 val_mse=0.084097 best_val=0.083926 patience=3/10
[2026-04-20 14:49:16] Step7-Ablation3-woTCMGate | Epoch 22/50 train_loss=0.097694 val_mse=0.084643 best_val=0.083926 patience=4/10
[2026-04-20 14:49:21] Step7-Ablation3-woTCMGate | Epoch 23/50 train_loss=0.097070 val_mse=0.075433 best_val=0.075433 patience=0/10
[2026-04-20 14:49:27] Step7-Ablation3-woTCMGate | Epoch 24/50 train_loss=0.095720 val_mse=0.077727 best_val=0.075433 patience=1/10
[2026-04-20 14:49:33] Step7-Ablation3-woTCMGate | Epoch 25/50 train_loss=0.095864 val_mse=0.073415 best_val=0.073415 patience=0/10
[2026-04-20 14:49:39] Step7-Ablation3-woTCMGate | Epoch 26/50 train_loss=0.093829 val_mse=0.078540 best_val=0.073415 patience=1/10
[2026-04-20 14:49:45] Step7-Ablation3-woTCMGate | Epoch 27/50 train_loss=0.093277 val_mse=0.075203 best_val=0.073415 patience=2/10
[2026-04-20 14:49:51] Step7-Ablation3-woTCMGate | Epoch 28/50 train_loss=0.093912 val_mse=0.074913 best_val=0.073415 patience=3/10
[2026-04-20 14:49:57] Step7-Ablation3-woTCMGate | Epoch 29/50 train_loss=0.093533 val_mse=0.074423 best_val=0.073415 patience=4/10
[2026-04-20 14:50:03] Step7-Ablation3-woTCMGate | Epoch 30/50 train_loss=0.092995 val_mse=0.078136 best_val=0.073415 patience=5/10
[2026-04-20 14:50:08] Step7-Ablation3-woTCMGate | Epoch 31/50 train_loss=0.091924 val_mse=0.089958 best_val=0.073415 patience=6/10
[2026-04-20 14:50:14] Step7-Ablation3-woTCMGate | Epoch 32/50 train_loss=0.089615 val_mse=0.082918 best_val=0.073415 patience=7/10
[2026-04-20 14:50:20] Step7-Ablation3-woTCMGate | Epoch 33/50 train_loss=0.091622 val_mse=0.073171 best_val=0.073171 patience=0/10
[2026-04-20 14:50:26] Step7-Ablation3-woTCMGate | Epoch 34/50 train_loss=0.089203 val_mse=0.141765 best_val=0.073171 patience=1/10
[2026-04-20 14:50:32] Step7-Ablation3-woTCMGate | Epoch 35/50 train_loss=0.090136 val_mse=0.073263 best_val=0.073171 patience=2/10
[2026-04-20 14:50:38] Step7-Ablation3-woTCMGate | Epoch 36/50 train_loss=0.088724 val_mse=0.073341 best_val=0.073171 patience=3/10
[2026-04-20 14:50:44] Step7-Ablation3-woTCMGate | Epoch 37/50 train_loss=0.089008 val_mse=0.073988 best_val=0.073171 patience=4/10
[2026-04-20 14:50:50] Step7-Ablation3-woTCMGate | Epoch 38/50 train_loss=0.088182 val_mse=0.085666 best_val=0.073171 patience=5/10
[2026-04-20 14:50:55] Step7-Ablation3-woTCMGate | Epoch 39/50 train_loss=0.088690 val_mse=0.067603 best_val=0.067603 patience=0/10
[2026-04-20 14:51:01] Step7-Ablation3-woTCMGate | Epoch 40/50 train_loss=0.086942 val_mse=0.070913 best_val=0.067603 patience=1/10
[2026-04-20 14:51:07] Step7-Ablation3-woTCMGate | Epoch 41/50 train_loss=0.086981 val_mse=0.070204 best_val=0.067603 patience=2/10
[2026-04-20 14:51:13] Step7-Ablation3-woTCMGate | Epoch 42/50 train_loss=0.085645 val_mse=0.070769 best_val=0.067603 patience=3/10
[2026-04-20 14:51:19] Step7-Ablation3-woTCMGate | Epoch 43/50 train_loss=0.086811 val_mse=0.068269 best_val=0.067603 patience=4/10
[2026-04-20 14:51:25] Step7-Ablation3-woTCMGate | Epoch 44/50 train_loss=0.085585 val_mse=0.072277 best_val=0.067603 patience=5/10
[2026-04-20 14:51:31] Step7-Ablation3-woTCMGate | Epoch 45/50 train_loss=0.085646 val_mse=0.067229 best_val=0.067229 patience=0/10
[2026-04-20 14:51:37] Step7-Ablation3-woTCMGate | Epoch 46/50 train_loss=0.085155 val_mse=0.067072 best_val=0.067072 patience=0/10
[2026-04-20 14:51:43] Step7-Ablation3-woTCMGate | Epoch 47/50 train_loss=0.084769 val_mse=0.070386 best_val=0.067072 patience=1/10
[2026-04-20 14:51:49] Step7-Ablation3-woTCMGate | Epoch 48/50 train_loss=0.083855 val_mse=0.081323 best_val=0.067072 patience=2/10
[2026-04-20 14:51:55] Step7-Ablation3-woTCMGate | Epoch 49/50 train_loss=0.084968 val_mse=0.066652 best_val=0.066652 patience=0/10
[2026-04-20 14:52:01] Step7-Ablation3-woTCMGate | Epoch 50/50 train_loss=0.084321 val_mse=0.063644 best_val=0.063644 patience=0/10
[2026-04-20 14:52:01] Step7-Ablation3-woTCMGate DONE | MSE=0.063644 RMSE=0.252277 MAE=0.189023 Pearson=0.828232 [best_epoch=50]
[2026-04-20 14:52:01] >>> Final Ours stabilized hparams: HyperParams(lr=0.00035, weight_decay=1e-05, batch_size=32)
[2026-04-20 14:52:07] Step8-FinalOurs | Epoch 1/50 train_loss=0.170165 val_mse=0.136780 best_val=0.136780 patience=0/10
[2026-04-20 14:52:13] Step8-FinalOurs | Epoch 2/50 train_loss=0.141816 val_mse=0.129293 best_val=0.129293 patience=0/10
[2026-04-20 14:52:19] Step8-FinalOurs | Epoch 3/50 train_loss=0.132786 val_mse=0.127362 best_val=0.127362 patience=0/10
[2026-04-20 14:52:25] Step8-FinalOurs | Epoch 4/50 train_loss=0.130400 val_mse=0.112490 best_val=0.112490 patience=0/10
[2026-04-20 14:52:31] Step8-FinalOurs | Epoch 5/50 train_loss=0.126209 val_mse=0.109193 best_val=0.109193 patience=0/10
[2026-04-20 14:52:37] Step8-FinalOurs | Epoch 6/50 train_loss=0.124139 val_mse=0.106327 best_val=0.106327 patience=0/10
[2026-04-20 14:52:43] Step8-FinalOurs | Epoch 7/50 train_loss=0.122420 val_mse=0.110101 best_val=0.106327 patience=1/10
[2026-04-20 14:52:49] Step8-FinalOurs | Epoch 8/50 train_loss=0.120896 val_mse=0.103943 best_val=0.103943 patience=0/10
[2026-04-20 14:52:55] Step8-FinalOurs | Epoch 9/50 train_loss=0.119298 val_mse=0.108465 best_val=0.103943 patience=1/10
[2026-04-20 14:53:01] Step8-FinalOurs | Epoch 10/50 train_loss=0.117483 val_mse=0.100035 best_val=0.100035 patience=0/10
[2026-04-20 14:53:06] Step8-FinalOurs | Epoch 11/50 train_loss=0.115126 val_mse=0.097650 best_val=0.097650 patience=0/10
[2026-04-20 14:53:12] Step8-FinalOurs | Epoch 12/50 train_loss=0.113102 val_mse=0.092930 best_val=0.092930 patience=0/10
[2026-04-20 14:53:18] Step8-FinalOurs | Epoch 13/50 train_loss=0.112849 val_mse=0.097245 best_val=0.092930 patience=1/10
[2026-04-20 14:53:25] Step8-FinalOurs | Epoch 14/50 train_loss=0.111538 val_mse=0.089412 best_val=0.089412 patience=0/10
[2026-04-20 14:53:30] Step8-FinalOurs | Epoch 15/50 train_loss=0.110006 val_mse=0.093466 best_val=0.089412 patience=1/10
[2026-04-20 14:53:36] Step8-FinalOurs | Epoch 16/50 train_loss=0.108847 val_mse=0.092258 best_val=0.089412 patience=2/10
[2026-04-20 14:53:43] Step8-FinalOurs | Epoch 17/50 train_loss=0.107337 val_mse=0.094883 best_val=0.089412 patience=3/10
[2026-04-20 14:53:49] Step8-FinalOurs | Epoch 18/50 train_loss=0.106587 val_mse=0.087777 best_val=0.087777 patience=0/10
[2026-04-20 14:53:55] Step8-FinalOurs | Epoch 19/50 train_loss=0.104972 val_mse=0.086500 best_val=0.086500 patience=0/10
[2026-04-20 14:54:01] Step8-FinalOurs | Epoch 20/50 train_loss=0.102165 val_mse=0.081597 best_val=0.081597 patience=0/10
[2026-04-20 14:54:07] Step8-FinalOurs | Epoch 21/50 train_loss=0.102000 val_mse=0.082443 best_val=0.081597 patience=1/10
[2026-04-20 14:54:13] Step8-FinalOurs | Epoch 22/50 train_loss=0.100692 val_mse=0.078472 best_val=0.078472 patience=0/10
[2026-04-20 14:54:19] Step8-FinalOurs | Epoch 23/50 train_loss=0.100059 val_mse=0.080908 best_val=0.078472 patience=1/10
[2026-04-20 14:54:25] Step8-FinalOurs | Epoch 24/50 train_loss=0.099881 val_mse=0.085562 best_val=0.078472 patience=2/10
[2026-04-20 14:54:31] Step8-FinalOurs | Epoch 25/50 train_loss=0.096323 val_mse=0.091787 best_val=0.078472 patience=3/10
[2026-04-20 14:54:36] Step8-FinalOurs | Epoch 26/50 train_loss=0.096901 val_mse=0.078129 best_val=0.078129 patience=0/10
[2026-04-20 14:54:42] Step8-FinalOurs | Epoch 27/50 train_loss=0.095359 val_mse=0.074338 best_val=0.074338 patience=0/10
[2026-04-20 14:54:48] Step8-FinalOurs | Epoch 28/50 train_loss=0.095677 val_mse=0.073667 best_val=0.073667 patience=0/10
[2026-04-20 14:54:54] Step8-FinalOurs | Epoch 29/50 train_loss=0.093687 val_mse=0.076164 best_val=0.073667 patience=1/10
[2026-04-20 14:55:00] Step8-FinalOurs | Epoch 30/50 train_loss=0.093036 val_mse=0.072342 best_val=0.072342 patience=0/10
[2026-04-20 14:55:06] Step8-FinalOurs | Epoch 31/50 train_loss=0.091658 val_mse=0.072673 best_val=0.072342 patience=1/10
[2026-04-20 14:55:12] Step8-FinalOurs | Epoch 32/50 train_loss=0.090275 val_mse=0.090245 best_val=0.072342 patience=2/10
[2026-04-20 14:55:18] Step8-FinalOurs | Epoch 33/50 train_loss=0.090008 val_mse=0.078445 best_val=0.072342 patience=3/10
[2026-04-20 14:55:24] Step8-FinalOurs | Epoch 34/50 train_loss=0.089666 val_mse=0.066958 best_val=0.066958 patience=0/10
[2026-04-20 14:55:30] Step8-FinalOurs | Epoch 35/50 train_loss=0.088644 val_mse=0.073923 best_val=0.066958 patience=1/10
[2026-04-20 14:55:36] Step8-FinalOurs | Epoch 36/50 train_loss=0.087328 val_mse=0.065456 best_val=0.065456 patience=0/10
[2026-04-20 14:55:42] Step8-FinalOurs | Epoch 37/50 train_loss=0.086486 val_mse=0.065464 best_val=0.065456 patience=1/10
[2026-04-20 14:55:48] Step8-FinalOurs | Epoch 38/50 train_loss=0.086629 val_mse=0.062679 best_val=0.062679 patience=0/10
[2026-04-20 14:55:54] Step8-FinalOurs | Epoch 39/50 train_loss=0.087044 val_mse=0.064380 best_val=0.062679 patience=1/10
[2026-04-20 14:56:00] Step8-FinalOurs | Epoch 40/50 train_loss=0.085570 val_mse=0.063708 best_val=0.062679 patience=2/10
[2026-04-20 14:56:06] Step8-FinalOurs | Epoch 41/50 train_loss=0.084803 val_mse=0.062487 best_val=0.062487 patience=0/10
[2026-04-20 14:56:12] Step8-FinalOurs | Epoch 42/50 train_loss=0.084991 val_mse=0.063371 best_val=0.062487 patience=1/10
[2026-04-20 14:56:18] Step8-FinalOurs | Epoch 43/50 train_loss=0.082627 val_mse=0.060745 best_val=0.060745 patience=0/10
[2026-04-20 14:56:24] Step8-FinalOurs | Epoch 44/50 train_loss=0.082566 val_mse=0.059547 best_val=0.059547 patience=0/10
[2026-04-20 14:56:30] Step8-FinalOurs | Epoch 45/50 train_loss=0.082136 val_mse=0.066934 best_val=0.059547 patience=1/10
[2026-04-20 14:56:36] Step8-FinalOurs | Epoch 46/50 train_loss=0.081044 val_mse=0.059179 best_val=0.059179 patience=0/10
[2026-04-20 14:56:42] Step8-FinalOurs | Epoch 47/50 train_loss=0.079681 val_mse=0.070655 best_val=0.059179 patience=1/10
[2026-04-20 14:56:48] Step8-FinalOurs | Epoch 48/50 train_loss=0.080891 val_mse=0.061551 best_val=0.059179 patience=2/10
[2026-04-20 14:56:54] Step8-FinalOurs | Epoch 49/50 train_loss=0.078425 val_mse=0.057423 best_val=0.057423 patience=0/10
[2026-04-20 14:57:00] Step8-FinalOurs | Epoch 50/50 train_loss=0.078576 val_mse=0.065617 best_val=0.057423 patience=1/10
[2026-04-20 14:57:01] Step8-FinalOurs DONE | MSE=0.057423 RMSE=0.239630 MAE=0.185277 Pearson=0.843044 [best_epoch=49]
[2026-04-20 14:57:01] >>> Saved final model to /root/work/MulitiModal/checkpoints/best_model.pth

===== Stage 2 Chosen Hyper-Parameters =====
HyperParams(lr=0.0005, weight_decay=1e-05, batch_size=32)
===========================================

Step8 tuned controls: gate_b_scale=0.100, final_lr_mult=0.700
===== Final 9-Step best_val_mse List =====
Step 1: Baseline A -> best_val_mse=0.1639045625925064
Step 2: Baseline B -> best_val_mse=0.16738596558570862
Step 3: Ours-TCN -> best_val_mse=0.1568666696548462
Step 4: Encoder Sval_mse=0.08179875463247299
Step 7: w/o TCM_Gate -> best_val_mse=0.06364351511001587
Step 8: Final Ours -> best_val_mse=0.05742277577519417election -> best_val_mse=0.09295325726270676
Step 5: w/o Dual Gating -> best_val_mse=0.06961748749017715
Step 6: w/o TCM Prior -> best_
Step 9: Plotting -> best_val_mse=None
===========================================
[2026-04-20 14:57:03] >>> Experiment flow completed. Summary saved to /root/work/MulitiModal/results/experiments_summary.json
